[
    {
        "eventName": "App.Domain.Segment.SegmentEffort.DeleteActivitySegmentEfforts.SegmentEffortsWereDeleted",
        "payload": []
    }
]
