[
    "Rides",
    "Mountain Bike Rides",
    "Gravel Rides",
    "E Bike Rides",
    "E Mountain Bike Rides",
    "Virtual Rides",
    "Velo Mobiles",
    "Runs",
    "Trail Runs",
    "Virtual Runs",
    "Walks",
    "Hikes",
    "Canoeing",
    "Kayaking",
    "Kite Surf",
    "Rowing",
    "Stand Up Paddling",
    "Surfing",
    "Swim",
    "Wind Surf",
    "Back Country Ski",
    "Alpine Ski",
    "Nordic Ski",
    "Ice Skate",
    "Snowboard",
    "Snowshoe",
    "Badminton",
    "Crossfit",
    "Elliptical",
    "Golf",
    "Inline Skate",
    "Hand Cycle",
    "HIIT",
    "Pickle Ball",
    "Pilates",
    "Racquet Ball",
    "Rock Climbing",
    "Roller Ski",
    "Virtual Row",
    "Sail",
    "Skateboard",
    "Soccer",
    "Squash",
    "Stair Stepper",
    "Table Tennis",
    "Tennis",
    "Weight Training",
    "Wheelchair",
    "Workout",
    "Yoga"
]
