[
    "Rides",
    "Mountain Bike Rides",
    "Gravel Rides",
    "E-Bike Rides",
    "E-Mountain Bike Rides",
    "Virtual Rides",
    "Velo Mobiles",
    "Runs",
    "Trail Runs",
    "Virtual Runs",
    "Walks",
    "Hikes",
    "Canoeing",
    "Kayaking",
    "Kite Surf",
    "Rowing",
    "Stand Up Paddling",
    "Surfing",
    "Swim",
    "Wind Surf",
    "Back Country Ski",
    "Alpine Ski",
    "Nordic Ski",
    "Ice Skate",
    "Snowboard",
    "Snowshoe",
    "Skateboard",
    "Inline Skate",
    "Roller Ski",
    "Badminton",
    "Pickle Ball",
    "Racquet Ball",
    "Squash",
    "Table Tennis",
    "Tennis",
    "Crossfit",
    "Weight Training",
    "Workout",
    "Stair Stepper",
    "Virtual Row",
    "HIIT",
    "Elliptical",
    "Pilates",
    "Yoga",
    "Golf",
    "Rock Climbing",
    "Sail",
    "Soccer",
    "Hand Cycle",
    "Wheelchair"
]
