[
    {
        "data": "[]",
        "streamsAreImported": 0,
        "activityId": "activity-with-strava-gear",
        "startDateTime": "2023-10-10 00:00:00",
        "sportType": "Ride",
        "name": "Activity with Strava gear #sfs-custom",
        "description": "",
        "distance": 10000,
        "elevation": 0,
        "calories": 0,
        "averagePower": null,
        "maxPower": null,
        "averageSpeed": 0,
        "maxSpeed": 0,
        "averageHeartRate": null,
        "maxHeartRate": null,
        "averageCadence": null,
        "movingTimeInSeconds": 10,
        "kudoCount": 1,
        "deviceName": null,
        "totalImageCount": 0,
        "localImagePaths": "",
        "polyline": null,
        "location": null,
        "weather": null,
        "gearId": "gear-b12659861",
        "gearName": null,
        "isCommute": 0,
        "workoutType": null,
        "startingCoordinateLatitude": null,
        "startingCoordinateLongitude": null
    },
    {
        "data": "[]",
        "streamsAreImported": 0,
        "activityId": "activity-without-gear-but-not-tagged",
        "startDateTime": "2023-10-10 00:00:00",
        "sportType": "Ride",
        "name": "Activity without gear but not tagged",
        "description": "",
        "distance": 10000,
        "elevation": 0,
        "calories": 0,
        "averagePower": null,
        "maxPower": null,
        "averageSpeed": 0,
        "maxSpeed": 0,
        "averageHeartRate": null,
        "maxHeartRate": null,
        "averageCadence": null,
        "movingTimeInSeconds": 10,
        "kudoCount": 1,
        "deviceName": null,
        "totalImageCount": 0,
        "localImagePaths": "",
        "polyline": null,
        "location": null,
        "weather": null,
        "gearId": null,
        "gearName": null,
        "isCommute": 0,
        "workoutType": null,
        "startingCoordinateLatitude": null,
        "startingCoordinateLongitude": null
    },
    {
        "data": "[]",
        "streamsAreImported": 0,
        "activityId": "activity-with-gear-but-not-tagged",
        "startDateTime": "2023-10-10 00:00:00",
        "sportType": "Ride",
        "name": "Activity with gear but not tagged",
        "description": "",
        "distance": 10000,
        "elevation": 0,
        "calories": 0,
        "averagePower": null,
        "maxPower": null,
        "averageSpeed": 0,
        "maxSpeed": 0,
        "averageHeartRate": null,
        "maxHeartRate": null,
        "averageCadence": null,
        "movingTimeInSeconds": 10,
        "kudoCount": 1,
        "deviceName": null,
        "totalImageCount": 0,
        "localImagePaths": "",
        "polyline": null,
        "location": null,
        "weather": null,
        "gearId": null,
        "gearName": null,
        "isCommute": 0,
        "workoutType": null,
        "startingCoordinateLatitude": null,
        "startingCoordinateLongitude": null
    },
    {
        "data": "[]",
        "streamsAreImported": 0,
        "activityId": "activity-without-gear-and-tagged",
        "startDateTime": "2023-10-10 00:00:00",
        "sportType": "Ride",
        "name": "Activity without gear and tagged #sfs-custom",
        "description": "",
        "distance": 10000,
        "elevation": 0,
        "calories": 0,
        "averagePower": null,
        "maxPower": null,
        "averageSpeed": 0,
        "maxSpeed": 0,
        "averageHeartRate": null,
        "maxHeartRate": null,
        "averageCadence": null,
        "movingTimeInSeconds": 10,
        "kudoCount": 1,
        "deviceName": null,
        "totalImageCount": 0,
        "localImagePaths": "",
        "polyline": null,
        "location": null,
        "weather": null,
        "gearId": "gear-custom",
        "gearName": "Existing gear",
        "isCommute": 0,
        "workoutType": null,
        "startingCoordinateLatitude": null,
        "startingCoordinateLongitude": null
    },
    {
        "data": "[]",
        "streamsAreImported": 0,
        "activityId": "activity-without-gear-and-tagged-2",
        "startDateTime": "2023-10-10 00:00:00",
        "sportType": "Ride",
        "name": "Activity without gear and tagged #sfs-custom-two",
        "description": "",
        "distance": 10000,
        "elevation": 0,
        "calories": 0,
        "averagePower": null,
        "maxPower": null,
        "averageSpeed": 0,
        "maxSpeed": 0,
        "averageHeartRate": null,
        "maxHeartRate": null,
        "averageCadence": null,
        "movingTimeInSeconds": 10,
        "kudoCount": 1,
        "deviceName": null,
        "totalImageCount": 0,
        "localImagePaths": "",
        "polyline": null,
        "location": null,
        "weather": null,
        "gearId": "gear-custom-two",
        "gearName": "Existing gear",
        "isCommute": 0,
        "workoutType": null,
        "startingCoordinateLatitude": null,
        "startingCoordinateLongitude": null
    },
    {
        "data": "[]",
        "streamsAreImported": 0,
        "activityId": "activity-without-gear-and-tagged-3",
        "startDateTime": "2023-10-10 00:00:00",
        "sportType": "Ride",
        "name": "Activity without gear and tagged #sfs-custom",
        "description": "",
        "distance": 10000,
        "elevation": 0,
        "calories": 0,
        "averagePower": null,
        "maxPower": null,
        "averageSpeed": 0,
        "maxSpeed": 0,
        "averageHeartRate": null,
        "maxHeartRate": null,
        "averageCadence": null,
        "movingTimeInSeconds": 10,
        "kudoCount": 1,
        "deviceName": null,
        "totalImageCount": 0,
        "localImagePaths": "",
        "polyline": null,
        "location": null,
        "weather": null,
        "gearId": "gear-custom",
        "gearName": "Existing gear",
        "isCommute": 0,
        "workoutType": null,
        "startingCoordinateLatitude": null,
        "startingCoordinateLongitude": null
    }
]
