{
    "name": "/assets/images/maps/zwift-richmond.jpg",
    "bounds": [
        [
            37.5774,
            -77.48954
        ],
        [
            37.5014,
            -77.394
        ]
    ],
    "label": "Richmond",
    "background": "#bbbbb7"
}
