<!-- Modal header --><html><body>
<div class="flex items-center justify-between p-4 md:p-5 border-b rounded-t">
        <h3 class="flex items-center text-lg font-semibold text-gray-900">
            <span>Best efforts - Rides - 40 km</span>
        </h3>
        <div class="flex items-center">
            <button type="button" class="close text-gray-400 bg-transparent hover:bg-gray-200 hover:text-gray-900 rounded-lg text-sm w-8 h-8 ms-auto inline-flex justify-center items-center">
                <svg class="w-3 h-3" aria-hidden="true" xmlns="http://www.w3.org/2000/svg" fill="none" viewbox="0 0 14 14">
                    <path stroke="currentColor" stroke-linecap="round" stroke-linejoin="round" stroke-width="2" d="m1 1 6 6m0 0 6 6M7 7l6-6M7 7l-6 6"></path>
                </svg>
                <span class="sr-only">Close modal</span>
            </button>
        </div>
    </div>
    <!-- Modal body -->
    <div class="p-4 md:p-5 space-y-4">
        <div class="grid grid-cols-1 gap-4">
            <div class="relative overflow-x-auto">
                <table class="w-full text-sm text-center text-gray-500">
                    <thead class="text-xs text-gray-700 uppercase bg-gray-50">
                    <tr>
                        <th scope="col" class="px-2 py-3 sticky left-0 bg-gray-50">
                            <div class="flex items-center justify-center" title="Ranking">
                                <svg class="w-5 h-5" viewbox="0 0 24 24" fill="none" xmlns="http://www.w3.org/2000/svg"><g stroke-width="0"></g><g stroke-linecap="round" stroke-linejoin="round"></g><g> <path d="M10 4L7 20M17 4L14 20M5 8H20M4 16H19" stroke="#F26722" stroke-width="2" stroke-linecap="round"></path> </g></svg>
                            </div>
                        </th>
                                                    <th scope="col" class="text-left px-2 py-3">
                                Rides
                            </th>
                                                    <th scope="col" class="text-left px-2 py-3">
                                Virtual Rides
                            </th>
                                            </tr>
                    </thead>
                    <tbody>
                                            <tr class="bg-white border-b">
                            <th scope="row" class="px-2 py-2 sticky left-0 bg-white font-medium text-gray-900 whitespace-nowrap">
                                1
                            </th>
                                                                                                                                                            <td class="px-2 py-2 truncate">
                                    <div class="flex gap-x-1">
                                                                                    00:40 -
                                            <a href="#" data-model-content-url="/activity/activity-95427823814.html" class="flex items-center gap-x-1 font-medium text-blue-600 hover:underline" rel="nofollow"><svg class="h-4 shrink-0" viewbox="0 0 24 24" xmlns="http://www.w3.org/2000/svg" fill="#F26722"><path d="M4 4v2h1.705l1.428 2.498-.836 1.672A5 5 0 109.9 16H11a1 1 0 00.868-.504l3.607-6.313.639 1.733a5 5 0 101.835-.806L16.434 6H19.5a.5.5 0 010 1H19v2h.5a2.5 2.5 0 000-5H15a1 1 0 00-.938 1.346L14.672 7H8.58L8.01 6H9V4zm4.325 6.585L10.277 14H6.618zM11.5 12.11L9.723 9h3.554zM5 12c.125 0 .25.008.37.023l-1.264 2.53A1 1 0 005 16h2.83A3.001 3.001 0 115 12zm11.848.91l1.06 2.874 1.876-.691-1.132-3.073a3 3 0 11-1.804.89z" fill=""></path></svg><span class="">Morning Ride</span></a>
                                                                            </div>
                                </td>
                                                                                                                                                            <td class="px-2 py-2 truncate">
                                    <div class="flex gap-x-1">
                                                                                    00:40 -
                                            <a href="#" data-model-content-url="/activity/activity-9542782314.html" class="flex items-center gap-x-1 font-medium text-blue-600 hover:underline" rel="nofollow"><svg class="h-4 shrink-0" viewbox="0 0 24 24" xmlns="http://www.w3.org/2000/svg" fill="#F26722"><path d="M4 4v2h1.705l1.428 2.498-.836 1.672A5 5 0 109.9 16H11a1 1 0 00.868-.504l3.607-6.313.639 1.733a5 5 0 101.835-.806L16.434 6H19.5a.5.5 0 010 1H19v2h.5a2.5 2.5 0 000-5H15a1 1 0 00-.938 1.346L14.672 7H8.58L8.01 6H9V4zm4.325 6.585L10.277 14H6.618zM11.5 12.11L9.723 9h3.554zM5 12c.125 0 .25.008.37.023l-1.264 2.53A1 1 0 005 16h2.83A3.001 3.001 0 115 12zm11.848.91l1.06 2.874 1.876-.691-1.132-3.073a3 3 0 11-1.804.89z" fill=""></path></svg><span class="">Morning Ride</span></a>
                                                                            </div>
                                </td>
                                                    </tr>
                                            <tr class="bg-white border-b">
                            <th scope="row" class="px-2 py-2 sticky left-0 bg-white font-medium text-gray-900 whitespace-nowrap">
                                2
                            </th>
                                                                                                                                                            <td class="px-2 py-2 truncate">
                                    <div class="flex gap-x-1">
                                                                                    -
                                                                            </div>
                                </td>
                                                                                                                                                            <td class="px-2 py-2 truncate">
                                    <div class="flex gap-x-1">
                                                                                    -
                                                                            </div>
                                </td>
                                                    </tr>
                                            <tr class="bg-white border-b">
                            <th scope="row" class="px-2 py-2 sticky left-0 bg-white font-medium text-gray-900 whitespace-nowrap">
                                3
                            </th>
                                                                                                                                                            <td class="px-2 py-2 truncate">
                                    <div class="flex gap-x-1">
                                                                                    -
                                                                            </div>
                                </td>
                                                                                                                                                            <td class="px-2 py-2 truncate">
                                    <div class="flex gap-x-1">
                                                                                    -
                                                                            </div>
                                </td>
                                                    </tr>
                                            <tr class="bg-white border-b">
                            <th scope="row" class="px-2 py-2 sticky left-0 bg-white font-medium text-gray-900 whitespace-nowrap">
                                4
                            </th>
                                                                                                                                                            <td class="px-2 py-2 truncate">
                                    <div class="flex gap-x-1">
                                                                                    -
                                                                            </div>
                                </td>
                                                                                                                                                            <td class="px-2 py-2 truncate">
                                    <div class="flex gap-x-1">
                                                                                    -
                                                                            </div>
                                </td>
                                                    </tr>
                                            <tr class="bg-white border-b">
                            <th scope="row" class="px-2 py-2 sticky left-0 bg-white font-medium text-gray-900 whitespace-nowrap">
                                5
                            </th>
                                                                                                                                                            <td class="px-2 py-2 truncate">
                                    <div class="flex gap-x-1">
                                                                                    -
                                                                            </div>
                                </td>
                                                                                                                                                            <td class="px-2 py-2 truncate">
                                    <div class="flex gap-x-1">
                                                                                    -
                                                                            </div>
                                </td>
                                                    </tr>
                                            <tr class="bg-white border-b">
                            <th scope="row" class="px-2 py-2 sticky left-0 bg-white font-medium text-gray-900 whitespace-nowrap">
                                6
                            </th>
                                                                                                                                                            <td class="px-2 py-2 truncate">
                                    <div class="flex gap-x-1">
                                                                                    -
                                                                            </div>
                                </td>
                                                                                                                                                            <td class="px-2 py-2 truncate">
                                    <div class="flex gap-x-1">
                                                                                    -
                                                                            </div>
                                </td>
                                                    </tr>
                                            <tr class="bg-white border-b">
                            <th scope="row" class="px-2 py-2 sticky left-0 bg-white font-medium text-gray-900 whitespace-nowrap">
                                7
                            </th>
                                                                                                                                                            <td class="px-2 py-2 truncate">
                                    <div class="flex gap-x-1">
                                                                                    -
                                                                            </div>
                                </td>
                                                                                                                                                            <td class="px-2 py-2 truncate">
                                    <div class="flex gap-x-1">
                                                                                    -
                                                                            </div>
                                </td>
                                                    </tr>
                                            <tr class="bg-white border-b">
                            <th scope="row" class="px-2 py-2 sticky left-0 bg-white font-medium text-gray-900 whitespace-nowrap">
                                8
                            </th>
                                                                                                                                                            <td class="px-2 py-2 truncate">
                                    <div class="flex gap-x-1">
                                                                                    -
                                                                            </div>
                                </td>
                                                                                                                                                            <td class="px-2 py-2 truncate">
                                    <div class="flex gap-x-1">
                                                                                    -
                                                                            </div>
                                </td>
                                                    </tr>
                                            <tr class="bg-white border-b">
                            <th scope="row" class="px-2 py-2 sticky left-0 bg-white font-medium text-gray-900 whitespace-nowrap">
                                9
                            </th>
                                                                                                                                                            <td class="px-2 py-2 truncate">
                                    <div class="flex gap-x-1">
                                                                                    -
                                                                            </div>
                                </td>
                                                                                                                                                            <td class="px-2 py-2 truncate">
                                    <div class="flex gap-x-1">
                                                                                    -
                                                                            </div>
                                </td>
                                                    </tr>
                                            <tr class="bg-white border-b">
                            <th scope="row" class="px-2 py-2 sticky left-0 bg-white font-medium text-gray-900 whitespace-nowrap">
                                10
                            </th>
                                                                                                                                                            <td class="px-2 py-2 truncate">
                                    <div class="flex gap-x-1">
                                                                                    -
                                                                            </div>
                                </td>
                                                                                                                                                            <td class="px-2 py-2 truncate">
                                    <div class="flex gap-x-1">
                                                                                    -
                                                                            </div>
                                </td>
                                                    </tr>
                                        </tbody>
                </table>
            </div>
        </div>
    </div>
</body></html>
