Importing activities...
Status: 1 out of 8 activities imported
  => Sport type "Wrong" not supported yet. <a href="https://github.com/robiningelbrecht/strava-statistics/issues/new?assignees=robiningelbrecht&labels=new+feature&projects=&template=feature_request.md&title=Add+support+for+sport+type+Wrong>Open a new GitHub issue</a> to if you want support for this sport type
  => Imported activity "Night Ride1 - 11-09-2023"
  => Updated activity "Night Ride3 - 10-10-2023"
  => Imported activity "Night Ride4 - 11-09-2023"
  => Imported activity "Night Ride5 - 11-09-2023"