<html><body>
<nav class="flex mb-5" aria-label="Breadcrumb">
    <ol class="inline-flex items-center space-x-1 text-sm font-medium md:space-x-2">
        <li class="inline-flex items-center">
            <a href="#" data-router-navigate="/dashboard" class="inline-flex items-center text-gray-700 hover:text-primary-600 hover:underline">
                <svg class="w-5 h-5 mr-2.5" fill="currentColor" viewbox="0 0 20 20" xmlns="http://www.w3.org/2000/svg"><path d="M10.707 2.293a1 1 0 00-1.414 0l-7 7a1 1 0 001.414 1.414L4 10.414V17a1 1 0 001 1h2a1 1 0 001-1v-2a1 1 0 011-1h2a1 1 0 011 1v2a1 1 0 001 1h2a1 1 0 001-1v-6.586l.293.293a1 1 0 001.414-1.414l-7-7z"></path></svg>
                Dashboard
            </a>
        </li>
            <li>
        <div class="flex items-center">
            <svg class="w-6 h-6 text-gray-400" fill="currentColor" viewbox="0 0 20 20" xmlns="http://www.w3.org/2000/svg"><path fill-rule="evenodd" d="M7.293 14.707a1 1 0 010-1.414L10.586 10 7.293 6.707a1 1 0 011.414-1.414l4 4a1 1 0 010 1.414l-4 4a1 1 0 01-1.414 0z" clip-rule="evenodd"></path></svg>
            <a href="#" data-router-navigate="/gear-stats" class="ml-1 text-gray-700 hover:text-primary-600 md:ml-2">Gear</a>
        </div>
    </li>
    <li>
        <div class="flex items-center">
            <svg class="w-6 h-6 text-gray-400" fill="currentColor" viewbox="0 0 20 20" xmlns="http://www.w3.org/2000/svg"><path fill-rule="evenodd" d="M7.293 14.707a1 1 0 010-1.414L10.586 10 7.293 6.707a1 1 0 011.414-1.414l4 4a1 1 0 010 1.414l-4 4a1 1 0 01-1.414 0z" clip-rule="evenodd"></path></svg>
            <a href="#" data-router-navigate="/gear/maintenance" class="ml-1 text-gray-700 hover:text-primary-600 md:ml-2">Maintenance</a>
        </div>
    </li>
    </ol>
</nav>
            <div class="grid grid-cols-1 gap-4">
            <div class="mb-4 p-4 bg-white border border-gray-200 rounded-lg shadow-xs">
                <div class="flex items-center justify-between">
                    <h3 class="mb-4 text-lg font-semibold">
                        Gear maintenance
                    </h3>
                    <a href="#" data-model-content-url="/gear/info.html">
                        <svg class="w-5 h-5 text-gray-400" aria-hidden="true" fill="currentColor" viewbox="0 0 20 20" xmlns="http://www.w3.org/2000/svg"><path fill-rule="evenodd" d="M18 10a8 8 0 11-16 0 8 8 0 0116 0zm-8-3a1 1 0 00-.867.5 1 1 0 11-1.731-1A3 3 0 0113 8a3.001 3.001 0 01-2 2.83V11a1 1 0 11-2 0v-1a1 1 0 011-1 1 1 0 100-2zm0 8a1 1 0 100-2 1 1 0 000 2z" clip-rule="evenodd"></path></svg>
                    </a>
                </div>
                <div class="flex items-center p-4 mb-4 text-sm text-blue-800 border border-blue-300 rounded-lg bg-blue-50" role="alert">
                    <svg class="shrink-0 inline w-4 h-4 me-3" aria-hidden="true" xmlns="http://www.w3.org/2000/svg" fill="currentColor" viewbox="0 0 20 20">
                        <path d="M10 .5a9.5 9.5 0 1 0 9.5 9.5A9.51 9.51 0 0 0 10 .5ZM9.5 4a1.5 1.5 0 1 1 0 3 1.5 1.5 0 0 1 0-3ZM12 15H8a1 1 0 0 1 0-2h1v-3H8a1 1 0 0 1 0-2h2a1 1 0 0 1 1 1v4h1a1 1 0 0 1 0 2Z"></path>
                    </svg>
                    <span class="sr-only">Info</span>
                    <div>
                                                <span class="font-medium">This feature is currently disabled.</span>
                        To enable it, configure <span class="italic">storage/gear-maintenance/config.yml</span> and rebuild the files for the changes to take effect.
                        Detailed instructions are available in the documentation on <a href="https://github.com/robiningelbrecht/statistics-for-strava/wiki/Gear-maintenance" class="font-semibold underline hover:no-underline">the wiki</a>.
                    </div>
                </div>
            </div>
        </div>
    
</body></html>
