Importing gear...
<error>Custom gear id "gear-b12659743" conflicts with Strava gear id, please change the custom gear id.</error>