Importing activities...
<error>Not all gear has been imported yet, activities cannot be imported</error>