{
    "symbol": "m/s",
    "float": 300,
    "string": "300",
    "serialize": "300"
}
