{
    "symbol": "Â°F",
    "float": 300,
    "string": "300",
    "serialize": "300"
}
