{
    "symbol": "gr",
    "float": 20,
    "string": "20",
    "serialize": "20"
}
