[
    {
        "activityId": "activity-test-5",
        "unitSystem": "metric",
        "streamTypes": "distance,altitude,cadence",
        "data": "[[1,2,3]]"
    },
    {
        "activityId": "activity-test-5",
        "unitSystem": "imperial",
        "streamTypes": "distance,altitude,cadence",
        "data": "[[1,2,3]]"
    }
]
