[
    {
        "active": true,
        "searchables": "⭐️ Segment One",
        "filterables": {
            "isKom": "",
            "isFavourite": "isFavourite",
            "sportType": "Ride"
        },
        "summables": [],
        "sort": {
            "name": "⭐️ Segment One",
            "distance": 0.1,
            "max-gradient": 5.3,
            "ride-count": 2
        },
        "markup": "<tr class=\"odd:bg-white border-b even:border-b even:bg-gray-50\">\n    <td class=\"px-2 py-2 text-left\">\n        <div class=\"flex items-center gap-x-1\">\n            <a href=\"#\" data-model-content-url=\"segment/segment-1.html\" class=\"flex items-center gap-x-1 font-medium text-blue-600 hover:underline\" rel=\"nofollow\">\n                                    <svg class=\"h-4 shrink-0\" viewBox=\"0 0 24 24\" xmlns=\"http://www.w3.org/2000/svg\" fill=\"#F26722\"><path d=\"M4 4v2h1.705l1.428 2.498-.836 1.672A5 5 0 109.9 16H11a1 1 0 00.868-.504l3.607-6.313.639 1.733a5 5 0 101.835-.806L16.434 6H19.5a.5.5 0 010 1H19v2h.5a2.5 2.5 0 000-5H15a1 1 0 00-.938 1.346L14.672 7H8.58L8.01 6H9V4zm4.325 6.585L10.277 14H6.618zM11.5 12.11L9.723 9h3.554zM5 12c.125 0 .25.008.37.023l-1.264 2.53A1 1 0 005 16h2.83A3.001 3.001 0 115 12zm11.848.91l1.06 2.874 1.876-.691-1.132-3.073a3 3 0 11-1.804.89z\" fill=\"\"></path></svg>\n                                <span class=\"truncate\">⭐️ Segment One</span>\n            </a>\n        </div>\n    </td>\n    <td class=\"px-2 py-2\">\n        <div class=\"flex justify-center\">\n            <div class=\"w-[13rem]\">\n                9s\n                <span class=\"font-medium\">-</span>\n                38.7<span class=\"text-xs\">km/h</span>\n\n                                    <span class=\"font-medium\">-</span> 200<span class=\"text-xs\">w</span>\n                            </div>\n        </div>\n    </td>\n    <td class=\"px-2 py-2\">\n        0.10<span class=\"text-xs\">km</span>\n\n    </td>\n    <td class=\"px-2 py-2\">\n        5.3<span class=\"text-xs\">%</span>\n    </td>\n    <td class=\"px-2 py-2\">\n        2\n    </td>\n</tr>\n"
    },
    {
        "active": true,
        "searchables": "Segment Two",
        "filterables": {
            "isKom": "",
            "isFavourite": "",
            "sportType": "Ride"
        },
        "summables": [],
        "sort": {
            "name": "Segment Two",
            "distance": 0.11,
            "max-gradient": 1,
            "ride-count": 1
        },
        "markup": "<tr class=\"odd:bg-white border-b even:border-b even:bg-gray-50\">\n    <td class=\"px-2 py-2 text-left\">\n        <div class=\"flex items-center gap-x-1\">\n            <a href=\"#\" data-model-content-url=\"segment/segment-2.html\" class=\"flex items-center gap-x-1 font-medium text-blue-600 hover:underline\" rel=\"nofollow\">\n                                    <svg class=\"h-4 shrink-0\" viewBox=\"0 0 24 24\" xmlns=\"http://www.w3.org/2000/svg\" fill=\"#F26722\"><path d=\"M4 4v2h1.705l1.428 2.498-.836 1.672A5 5 0 109.9 16H11a1 1 0 00.868-.504l3.607-6.313.639 1.733a5 5 0 101.835-.806L16.434 6H19.5a.5.5 0 010 1H19v2h.5a2.5 2.5 0 000-5H15a1 1 0 00-.938 1.346L14.672 7H8.58L8.01 6H9V4zm4.325 6.585L10.277 14H6.618zM11.5 12.11L9.723 9h3.554zM5 12c.125 0 .25.008.37.023l-1.264 2.53A1 1 0 005 16h2.83A3.001 3.001 0 115 12zm11.848.91l1.06 2.874 1.876-.691-1.132-3.073a3 3 0 11-1.804.89z\" fill=\"\"></path></svg>\n                                <span class=\"truncate\">Segment Two</span>\n            </a>\n        </div>\n    </td>\n    <td class=\"px-2 py-2\">\n        <div class=\"flex justify-center\">\n            <div class=\"w-[13rem]\">\n                10s\n                <span class=\"font-medium\">-</span>\n                35.0<span class=\"text-xs\">km/h</span>\n\n                                    <span class=\"font-medium\">-</span> 200<span class=\"text-xs\">w</span>\n                            </div>\n        </div>\n    </td>\n    <td class=\"px-2 py-2\">\n        0.11<span class=\"text-xs\">km</span>\n\n    </td>\n    <td class=\"px-2 py-2\">\n        1<span class=\"text-xs\">%</span>\n    </td>\n    <td class=\"px-2 py-2\">\n        1\n    </td>\n</tr>\n"
    },
    {
        "active": true,
        "searchables": "⭐️ 🏔️ Alpe du Zwift",
        "filterables": {
            "isKom": "isKom",
            "isFavourite": "isFavourite",
            "sportType": "Ride"
        },
        "summables": [],
        "sort": {
            "name": "⭐️ 🏔️ Alpe du Zwift",
            "distance": 0.1,
            "max-gradient": 5.3,
            "ride-count": 1
        },
        "markup": "<tr class=\"odd:bg-white border-b even:border-b even:bg-gray-50\">\n    <td class=\"px-2 py-2 text-left\">\n        <div class=\"flex items-center gap-x-1\">\n            <a href=\"#\" data-model-content-url=\"segment/segment-17267489.html\" class=\"flex items-center gap-x-1 font-medium text-blue-600 hover:underline\" rel=\"nofollow\">\n                                    <svg class=\"h-4 shrink-0\" viewBox=\"0 0 24 24\" xmlns=\"http://www.w3.org/2000/svg\" fill=\"#F26722\"><path d=\"M4 4v2h1.705l1.428 2.498-.836 1.672A5 5 0 109.9 16H11a1 1 0 00.868-.504l3.607-6.313.639 1.733a5 5 0 101.835-.806L16.434 6H19.5a.5.5 0 010 1H19v2h.5a2.5 2.5 0 000-5H15a1 1 0 00-.938 1.346L14.672 7H8.58L8.01 6H9V4zm4.325 6.585L10.277 14H6.618zM11.5 12.11L9.723 9h3.554zM5 12c.125 0 .25.008.37.023l-1.264 2.53A1 1 0 005 16h2.83A3.001 3.001 0 115 12zm11.848.91l1.06 2.874 1.876-.691-1.132-3.073a3 3 0 11-1.804.89z\" fill=\"\"></path></svg>\n                                <span class=\"truncate\">⭐️ 🏔️ Alpe du Zwift</span>\n            </a>\n        </div>\n    </td>\n    <td class=\"px-2 py-2\">\n        <div class=\"flex justify-center\">\n            <div class=\"w-[13rem]\">\n                10s\n                <span class=\"font-medium\">-</span>\n                35.0<span class=\"text-xs\">km/h</span>\n\n                                    <span class=\"font-medium\">-</span> 200<span class=\"text-xs\">w</span>\n                            </div>\n        </div>\n    </td>\n    <td class=\"px-2 py-2\">\n        0.10<span class=\"text-xs\">km</span>\n\n    </td>\n    <td class=\"px-2 py-2\">\n        5.3<span class=\"text-xs\">%</span>\n    </td>\n    <td class=\"px-2 py-2\">\n        1\n    </td>\n</tr>\n"
    }
]
