<!-- Modal header --><html><body>
<div class="flex items-center justify-between p-4 md:p-5 border-b rounded-t">
        <h3 class="flex items-center text-lg font-semibold text-gray-900">
            <span>&acirc;&shy;&#144;&iuml;&cedil;&#143; &eth;&#159;&#143;&#148;&iuml;&cedil;&#143; Alpe du Zwift - Top 10</span>
        </h3>
        <div class="flex items-center">
            <ul class="hidden md:flex text-center mr-2 divide-x divide-gray-200">
                <li class="flex items-center gap-x-0.5 pr-2">
                    <svg class="w-7 h-7" viewbox="0 0 24 24" fill="none" xmlns="http://www.w3.org/2000/svg">
    <path d="M9 21C7.9 21 6.95833 20.6083 6.175 19.825C5.39167 19.0417 5 18.1 5 17V8.825C4.41667 8.60833 3.9375 8.24583 3.5625 7.7375C3.1875 7.22917 3 6.65 3 6C3 5.16667 3.29167 4.45833 3.875 3.875C4.45833 3.29167 5.16667 3 6 3C6.83333 3 7.54167 3.29167 8.125 3.875C8.70833 4.45833 9 5.16667 9 6C9 6.65 8.8125 7.22917 8.4375 7.7375C8.0625 8.24583 7.58333 8.60833 7 8.825V17C7 17.55 7.19583 18.0208 7.5875 18.4125C7.97917 18.8042 8.45 19 9 19C9.55 19 10.0208 18.8042 10.4125 18.4125C10.8042 18.0208 11 17.55 11 17V7C11 5.9 11.3917 4.95833 12.175 4.175C12.9583 3.39167 13.9 3 15 3C16.1 3 17.0417 3.39167 17.825 4.175C18.6083 4.95833 19 5.9 19 7V15.175C19.5833 15.3917 20.0625 15.7542 20.4375 16.2625C20.8125 16.7708 21 17.35 21 18C21 18.8333 20.7083 19.5417 20.125 20.125C19.5417 20.7083 18.8333 21 18 21C17.1667 21 16.4583 20.7083 15.875 20.125C15.2917 19.5417 15 18.8333 15 18C15 17.35 15.1875 16.7667 15.5625 16.25C15.9375 15.7333 16.4167 15.375 17 15.175V7C17 6.45 16.8042 5.97917 16.4125 5.5875C16.0208 5.19583 15.55 5 15 5C14.45 5 13.9792 5.19583 13.5875 5.5875C13.1958 5.97917 13 6.45 13 7V17C13 18.1 12.6083 19.0417 11.825 19.825C11.0417 20.6083 10.1 21 9 21ZM6 7C6.28333 7 6.52083 6.90417 6.7125 6.7125C6.90417 6.52083 7 6.28333 7 6C7 5.71667 6.90417 5.47917 6.7125 5.2875C6.52083 5.09583 6.28333 5 6 5C5.71667 5 5.47917 5.09583 5.2875 5.2875C5.09583 5.47917 5 5.71667 5 6C5 6.28333 5.09583 6.52083 5.2875 6.7125C5.47917 6.90417 5.71667 7 6 7ZM18 19C18.2833 19 18.5208 18.9042 18.7125 18.7125C18.9042 18.5208 19 18.2833 19 18C19 17.7167 18.9042 17.4792 18.7125 17.2875C18.5208 17.0958 18.2833 17 18 17C17.7167 17 17.4792 17.0958 17.2875 17.2875C17.0958 17.4792 17 17.7167 17 18C17 18.2833 17.0958 18.5208 17.2875 18.7125C17.4792 18.9042 17.7167 19 18 19Z" fill="#F26722"></path>
</svg>
                    <div>0.10</div>
                    <div class="text-xs text-gray-500">km</div>
                </li>
                <li class="flex items-center gap-x-0.5 px-2">
                    <svg class="w-6" xmlns="http://www.w3.org/2000/svg" viewbox="0 0 24 24"><path fill="#F26722" d="M7.75781,10.75781a3,3,0,1,0-3-3A3.00328,3.00328,0,0,0,7.75781,10.75781Zm0-4a1,1,0,1,1-1,1A1.00067,1.00067,0,0,1,7.75781,6.75781Zm8.48438,6.48438a3,3,0,1,0,3,3A3.00328,3.00328,0,0,0,16.24219,13.24219Zm0,4a1,1,0,1,1,1-1A1.00067,1.00067,0,0,1,16.24219,17.24219ZM19.707,4.293a.99962.99962,0,0,0-1.41406,0l-14,14A.99989.99989,0,1,0,5.707,19.707l14-14A.99962.99962,0,0,0,19.707,4.293Z"></path></svg>
                    <div>5.3</div>
                    <div class="text-xs text-gray-500">max gradient</div>
                </li>
            </ul>
            <button type="button" class="close text-gray-400 bg-transparent hover:bg-gray-200 hover:text-gray-900 rounded-lg text-sm w-8 h-8 ms-auto inline-flex justify-center items-center">
                <svg class="w-3 h-3" aria-hidden="true" xmlns="http://www.w3.org/2000/svg" fill="none" viewbox="0 0 14 14">
                    <path stroke="currentColor" stroke-linecap="round" stroke-linejoin="round" stroke-width="2" d="m1 1 6 6m0 0 6 6M7 7l6-6M7 7l-6 6"></path>
                </svg>
                <span class="sr-only">Close modal</span>
            </button>
        </div>
    </div>
    <!-- Modal body -->
    <div class="p-4 md:p-5 space-y-4">
        <div class="grid grid-cols-1 gap-4">
            <div class="relative overflow-x-auto">
                <table class="sortable w-full text-sm text-center text-gray-500">
                    <thead class="text-xs text-gray-700 uppercase bg-gray-50">
                    <tr>
                        <th scope="col" class="cursor-pointer px-2 py-3 bg-gray-50 lg:sticky lg:left-0">
                            <div class="flex items-center justify-center">
                                <svg class="w-5 h-5" viewbox="0 0 24 24" fill="none" xmlns="http://www.w3.org/2000/svg"><g stroke-width="0"></g><g stroke-linecap="round" stroke-linejoin="round"></g><g> <path d="M10 4L7 20M17 4L14 20M5 8H20M4 16H19" stroke="#F26722" stroke-width="2" stroke-linecap="round"></path> </g></svg>
                            </div>
                        </th>
                        <th scope="col" class="cursor-pointer px-2 py-3">
                            <div class="flex items-center justify-center">
                                <svg class="w-7 h-7" aria-hidden="true" xmlns="http://www.w3.org/2000/svg" width="24" height="24" fill="none" viewbox="0 0 24 24">
    <path stroke="#F26722" stroke-linecap="round" stroke-linejoin="round" stroke-width="2" d="M4 10h16m-8-3V4M7 7V4m10 3V4M5 20h14a1 1 0 0 0 1-1V7a1 1 0 0 0-1-1H5a1 1 0 0 0-1 1v12a1 1 0 0 0 1 1Zm3-7h.01v.01H8V13Zm4 0h.01v.01H12V13Zm4 0h.01v.01H16V13Zm-8 4h.01v.01H8V17Zm4 0h.01v.01H12V17Zm4 0h.01v.01H16V17Z"></path>
</svg>

                            </div>
                        </th>
                        <th scope="col" class="no-sort px-2 py-3">
                        </th>
                        <th scope="col" class="cursor-pointer px-2 py-3">
                            <div class="flex items-center justify-center">
                                <svg class="w-7 h-7" xmlns="http://www.w3.org/2000/svg" viewbox="0 0 24 24" fill="none"><path d="M12 8V12L15 15" stroke="#F26722" stroke-width="2" stroke-linecap="round"></path><circle cx="12" cy="12" r="9" stroke="#F26722" stroke-width="2"></circle></svg>
                            </div>
                        </th>
                        <th scope="col" class="cursor-pointer px-2 py-3">
                            <div class="flex items-center justify-center">
                                <svg class="w-7 h-7" xmlns="http://www.w3.org/2000/svg" viewbox="0 0 24 24"><path fill="#F26722" d="M12 5a10 10 0 0 0-8.66 15 1 1 0 0 0 1.74-1A7.92 7.92 0 0 1 4 15a8 8 0 1 1 14.93 4 1 1 0 0 0 .37 1.37 1 1 0 0 0 1.36-.37A10 10 0 0 0 12 5Zm2.84 5.76-1.55 1.54A2.91 2.91 0 0 0 12 12a3 3 0 1 0 3 3 2.9 2.9 0 0 0-.3-1.28l1.55-1.54a1 1 0 0 0 0-1.42 1 1 0 0 0-1.41 0ZM12 16a1 1 0 0 1 0-2 1 1 0 0 1 .7.28 1 1 0 0 1 .3.72 1 1 0 0 1-1 1Z"></path></svg>
                            </div>
                        </th>
                        <th scope="col" class="cursor-pointer px-2 py-3">
                            <div class="flex items-center justify-center">
                                <svg class="w-7 h-7" xmlns="http://www.w3.org/2000/svg" viewbox="0 0 24 24"><path fill="#F26722" d="M19.87,8.6A1,1,0,0,0,19,8H14.42l1.27-4.74a1,1,0,0,0-.17-.87A1,1,0,0,0,14.73,2h-7a1,1,0,0,0-1,.74l-2.68,10a1,1,0,0,0,.17.87,1,1,0,0,0,.8.39H8.89L7.08,20.74a1,1,0,0,0,1.71.93l10.9-12A1,1,0,0,0,19.87,8.6Zm-9.79,8.68,1.07-4a1,1,0,0,0-.17-.87,1,1,0,0,0-.79-.39H6.35L8.49,4h4.93L12.15,8.74a1,1,0,0,0,1,1.26h3.57Z"></path></svg>
                            </div>
                        </th>
                    </tr>
                    </thead>
                    <tbody>
                                            <tr class="bg-white border-b">
                            <td class="px-2 py-2 truncate lg:sticky lg:left-0 bg-white">
                                1
                            </td>
                            <td class="px-2 py-2">
                                <div class="flex justify-center">
                                    <div class="w-[4.5rem]">10-10-23</div>
                                </div>
                            </td>
                            <td class="px-2 py-2">
                                    <a href="#" data-model-content-url="/activity/activity-9542782314.html" class="flex items-center gap-x-1 font-medium text-blue-600 hover:underline" rel="nofollow">
                    <svg class="h-4 shrink-0" viewbox="0 0 24 24" xmlns="http://www.w3.org/2000/svg" fill="#F26722"><path d="M4 4v2h1.705l1.428 2.498-.836 1.672A5 5 0 109.9 16H11a1 1 0 00.868-.504l3.607-6.313.639 1.733a5 5 0 101.835-.806L16.434 6H19.5a.5.5 0 010 1H19v2h.5a2.5 2.5 0 000-5H15a1 1 0 00-.938 1.346L14.672 7H8.58L8.01 6H9V4zm4.325 6.585L10.277 14H6.618zM11.5 12.11L9.723 9h3.554zM5 12c.125 0 .25.008.37.023l-1.264 2.53A1 1 0 005 16h2.83A3.001 3.001 0 115 12zm11.848.91l1.06 2.874 1.876-.691-1.132-3.073a3 3 0 11-1.804.89z" fill=""></path></svg>
                            <span class="truncate">Morning Ride</span>
            </a>

                            </td>
                            <td class="px-2 py-2">
                                10s
                            </td>
                            <td class="px-2 py-2">
                                35.0<span class="text-xs">km/h</span>

                            </td>
                            <td class="px-2 py-2">
                                                                    200.0<span class="text-xs">w</span>
                                                            </td>
                        </tr>
                                        </tbody>
                </table>
            </div>
        </div>
    </div>
</body></html>
