<html><body>
<nav class="flex mb-5" aria-label="Breadcrumb">
    <ol class="inline-flex items-center space-x-1 text-sm font-medium md:space-x-2">
        <li class="inline-flex items-center">
            <a href="/dashboard" data-router-navigate="/dashboard" class="inline-flex items-center text-gray-700 hover:text-primary-600 hover:underline">
                <svg class="w-5 h-5 mr-2.5" fill="currentColor" viewbox="0 0 20 20" xmlns="http://www.w3.org/2000/svg"><path d="M10.707 2.293a1 1 0 00-1.414 0l-7 7a1 1 0 001.414 1.414L4 10.414V17a1 1 0 001 1h2a1 1 0 001-1v-2a1 1 0 011-1h2a1 1 0 011 1v2a1 1 0 001 1h2a1 1 0 001-1v-6.586l.293.293a1 1 0 001.414-1.414l-7-7z"></path></svg>
                Dashboard
            </a>
        </li>
                    <li>
                <div class="flex items-center">
                    <svg class="w-6 h-6 text-gray-400" fill="currentColor" viewbox="0 0 20 20" xmlns="http://www.w3.org/2000/svg"><path fill-rule="evenodd" d="M7.293 14.707a1 1 0 010-1.414L10.586 10 7.293 6.707a1 1 0 011.414-1.414l4 4a1 1 0 010 1.414l-4 4a1 1 0 01-1.414 0z" clip-rule="evenodd"></path></svg>
                    <a href="/photos" data-router-navigate="/photos" class="ml-1 text-gray-700 hover:text-primary-600 md:ml-2">Photos</a>
                </div>
            </li>
            </ol>
</nav>
<div class="grid grid-cols-1 gap-y-2 photo-wall-wrapper" data-default-filters="[]">
    <div class="p-4 bg-white border border-gray-200 rounded-lg shadow-xs">
        <div class="flex items-center justify-between">
            <form class="flex flex-col gap-y-2 mb-2" autocomplete="off">
                <div class="flex flex-wrap gap-2">
                                            <div class="filter-dropdown">
                            <button id="dropdownSportTypesButton" data-dropdown-toggle="dropdownSportTypes" data-dropdown-offset-distance="10" data-dropdown-offset-skidding="0" type="button">
                                <span>Filter on sport type</span>
                                <svg class="w-2.5 h-2.5 ms-3" aria-hidden="true" xmlns="http://www.w3.org/2000/svg" fill="none" viewbox="0 0 10 6">
                                    <path stroke="currentColor" stroke-linecap="round" stroke-linejoin="round" stroke-width="2" d="m1 1 4 4 4-4"></path>
                                </svg>
                            </button>
                            <div id="dropdownSportTypes" class="z-1002 w-fit hidden border border-gray-200 bg-white divide-y divide-gray-100 rounded-lg shadow-xs">
                                <ul class="max-h-48 overflow-y-auto px-1 py-2 text-sm text-gray-700" aria-labelledby="dropdownSportTypesButton">
                                                                            <li>
                                            <div class="flex items-center gap-x-2 p-2 rounded-xs hover:bg-gray-100">
                                                <input type="checkbox" id="VirtualRide" data-datatable-filter="sportType" name="sportType[VirtualRide]" value="VirtualRide" class="w-4 h-4 peer text-strava-orange bg-gray-100 border-gray-300 focus:ring-orange-500 focus:ring-2">
                                                <label for="VirtualRide" class="flex gap-x-1 items-center text-sm font-medium text-gray-500 cursor-pointer peer-checked:text-strava-orange hover:text-gray-600 hover:bg-gray-100">
                                                    <svg class="h-4 shrink-0" viewbox="0 0 24 24" xmlns="http://www.w3.org/2000/svg" fill="#F26722"><path d="M4 4v2h1.705l1.428 2.498-.836 1.672A5 5 0 109.9 16H11a1 1 0 00.868-.504l3.607-6.313.639 1.733a5 5 0 101.835-.806L16.434 6H19.5a.5.5 0 010 1H19v2h.5a2.5 2.5 0 000-5H15a1 1 0 00-.938 1.346L14.672 7H8.58L8.01 6H9V4zm4.325 6.585L10.277 14H6.618zM11.5 12.11L9.723 9h3.554zM5 12c.125 0 .25.008.37.023l-1.264 2.53A1 1 0 005 16h2.83A3.001 3.001 0 115 12zm11.848.91l1.06 2.874 1.876-.691-1.132-3.073a3 3 0 11-1.804.89z" fill=""></path></svg>
                                                    <div>Virtual Rides</div>
                                                </label>
                                                <a href="#" class="text-strava-orange text-sm underline invisible peer-checked:visible ml-auto" data-datatable-filter-clear="sportType[VirtualRide]">clear</a>
                                            </div>
                                        </li>
                                                                            <li>
                                            <div class="flex items-center gap-x-2 p-2 rounded-xs hover:bg-gray-100">
                                                <input type="checkbox" id="Run" data-datatable-filter="sportType" name="sportType[Run]" value="Run" class="w-4 h-4 peer text-strava-orange bg-gray-100 border-gray-300 focus:ring-orange-500 focus:ring-2">
                                                <label for="Run" class="flex gap-x-1 items-center text-sm font-medium text-gray-500 cursor-pointer peer-checked:text-strava-orange hover:text-gray-600 hover:bg-gray-100">
                                                    <svg class="h-4 shrink-0" viewbox="0 0 24 24" xmlns="http://www.w3.org/2000/svg" fill="#F26722"><path d="M8.688 0C8.025 0 7.38.215 6.85.613l-3.32 2.49-2.845.948A1 1 0 000 5c0 1.579.197 2.772.567 3.734.376.978.907 1.654 1.476 2.223.305.305.6.567.886.82.785.697 1.5 1.33 2.159 2.634 1.032 2.57 2.37 4.748 4.446 6.27C11.629 22.218 14.356 23 18 23c2.128 0 3.587-.553 4.549-1.411a4.378 4.378 0 001.408-2.628c.152-.987-.389-1.787-.967-2.25l-3.892-3.114a1 1 0 01-.329-.477l-3.094-9.726A2 2 0 0013.769 2h-1.436a2 2 0 00-1.2.4l-.57.428-.516-1.803A1.413 1.413 0 008.688 0zM8.05 2.213c.069-.051.143-.094.221-.127l1.168 4.086L12.333 4h1.436l.954 3H12v2h3.36l.318 1H13v2h3.314l.55 1.726a3 3 0 00.984 1.433l3.106 2.485c-.77.19-1.778.356-2.954.356-1.97 0-3.178-.431-4.046-1.087-.895-.677-1.546-1.675-2.251-3.056-.224-.437-.45-.907-.688-1.403C9.875 10.08 8.444 7.1 5.531 4.102zM3.743 5.14c2.902 2.858 4.254 5.664 5.441 8.126.25.517.49 1.018.738 1.502.732 1.432 1.55 2.777 2.827 3.74C14.053 19.495 15.72 20 18 20c1.492 0 2.754-.23 3.684-.479a2.285 2.285 0 01-.467.575c-.5.446-1.435.904-3.217.904-3.356 0-5.629-.718-7.284-1.931-1.663-1.22-2.823-3.028-3.788-5.44a1.012 1.012 0 00-.034-.076c-.853-1.708-1.947-2.673-2.79-3.417a14.61 14.61 0 01-.647-.593c-.431-.431-.775-.88-1.024-1.527-.21-.545-.367-1.271-.417-2.3z" fill=""></path></svg>
                                                    <div>Runs</div>
                                                </label>
                                                <a href="#" class="text-strava-orange text-sm underline invisible peer-checked:visible ml-auto" data-datatable-filter-clear="sportType[Run]">clear</a>
                                            </div>
                                        </li>
                                                                    </ul>
                            </div>
                        </div>
                                                        </div>
                <div class="text-xs text-gray-700">
                                        <span class="font-bold" data-datatable-result-count>20</span> photos based on your active filters
                    <a href="#" class="hidden text-strava-orange underline" data-datatable-reset>clear</a>
                </div>
            </form>
            <div class="text-gray-500 hover:text-strava-orange">
                <a href="#" title="Start slideshow" data-light-gallery-trigger>
                    <svg class="w-6 h6" viewbox="0 0 24 24" role="img" stroke="currentColor" stroke-width="0"><path d="M2,3H10A2,2 0 0,1 12,1A2,2 0 0,1 14,3H22V5H21V16H15.25L17,22H15L13.25,16H10.75L9,22H7L8.75,16H3V5H2V3M5,5V14H19V5H5M11.85,11.85C11.76,11.94 11.64,12 11.5,12A0.5,0.5 0 0,1 11,11.5V7.5A0.5,0.5 0 0,1 11.5,7C11.64,7 11.76,7.06 11.85,7.15L13.25,8.54C13.57,8.86 13.89,9.18 13.89,9.5C13.89,9.82 13.57,10.14 13.25,10.46L11.85,11.85Z" fill="currentColor"></path></svg>
                </a>
            </div>
        </div>
    </div>
    <div class="flex flex-wrap gap-2 p-4 bg-white border border-gray-200 rounded-lg shadow-xs">
        <div id="images" class="flex flex-wrap gap-2">
                                            <a data-image data-filterables='{"sportType":"VirtualRide","countryCode":null}' data-light-gallery-element='{"src":"\/files\/activities\/aea2d7b4-53a7-11ee-a5e1-9a34a3268d74.jpg","subHtml":"&lt;p&gt;Watopia Flat Forward in London&lt;\/p&gt;","alt":"Watopia Flat Forward in London"}' class="grow h-[25vh] relative group/image overflow-hidden rounded-lg shadow-sm" href="https://www.strava.com/activities/9756441741" target="_blank">
                    <img class="h-full w-full object-cover align-bottom transition-transform duration-500 group-hover/image:scale-105 group-focus/image:scale-105 lazy" data-src="/files/activities/aea2d7b4-53a7-11ee-a5e1-9a34a3268d74.jpg" alt="Watopia Flat Forward in London" src="/assets/placeholder.webp">
                    <div class="absolute inset-0 bg-black/0 group-hover/image:bg-black/20 group-focus/image:bg-black/20 transition-colors duration-300"></div>
                    <div class="text-white flex flex-col absolute bottom-0 left-0 right-0 bg-gradient-to-t from-black/60 to-transparent p-3
                    transition-all duration-300 translate-y-full group-hover/image:opacity-100 group-hover/image:translate-y-0 group-focus/image:opacity-100 group-focus/image:translate-y-0">
                        <p class="text-base font-medium text-ellipsis line-clamp-1">Watopia Flat Forward in London</p>
                        <p class="text-xs font-medium opacity-80">31-08-23</p>
                    </div>
                </a>
                                            <a data-image data-filterables='{"sportType":"VirtualRide","countryCode":null}' data-light-gallery-element='{"src":"\/files\/activities\/aea2d7b4-53a7-11ee-a5e1-9a34a3268d74.jpg","subHtml":"&lt;p&gt;Watopia Flat Forward in London&lt;\/p&gt;","alt":"Watopia Flat Forward in London"}' class="grow h-[25vh] relative group/image overflow-hidden rounded-lg shadow-sm" href="https://www.strava.com/activities/9756441741" target="_blank">
                    <img class="h-full w-full object-cover align-bottom transition-transform duration-500 group-hover/image:scale-105 group-focus/image:scale-105 lazy" data-src="/files/activities/aea2d7b4-53a7-11ee-a5e1-9a34a3268d74.jpg" alt="Watopia Flat Forward in London" src="/assets/placeholder.webp">
                    <div class="absolute inset-0 bg-black/0 group-hover/image:bg-black/20 group-focus/image:bg-black/20 transition-colors duration-300"></div>
                    <div class="text-white flex flex-col absolute bottom-0 left-0 right-0 bg-gradient-to-t from-black/60 to-transparent p-3
                    transition-all duration-300 translate-y-full group-hover/image:opacity-100 group-hover/image:translate-y-0 group-focus/image:opacity-100 group-focus/image:translate-y-0">
                        <p class="text-base font-medium text-ellipsis line-clamp-1">Watopia Flat Forward in London</p>
                        <p class="text-xs font-medium opacity-80">31-08-23</p>
                    </div>
                </a>
                                            <a data-image data-filterables='{"sportType":"VirtualRide","countryCode":null}' data-light-gallery-element='{"src":"\/files\/activities\/aea2d7b4-53a7-11ee-a5e1-9a34a3268d74.jpg","subHtml":"&lt;p&gt;Watopia Flat Forward in London&lt;\/p&gt;","alt":"Watopia Flat Forward in London"}' class="grow h-[25vh] relative group/image overflow-hidden rounded-lg shadow-sm" href="https://www.strava.com/activities/9756441741" target="_blank">
                    <img class="h-full w-full object-cover align-bottom transition-transform duration-500 group-hover/image:scale-105 group-focus/image:scale-105 lazy" data-src="/files/activities/aea2d7b4-53a7-11ee-a5e1-9a34a3268d74.jpg" alt="Watopia Flat Forward in London" src="/assets/placeholder.webp">
                    <div class="absolute inset-0 bg-black/0 group-hover/image:bg-black/20 group-focus/image:bg-black/20 transition-colors duration-300"></div>
                    <div class="text-white flex flex-col absolute bottom-0 left-0 right-0 bg-gradient-to-t from-black/60 to-transparent p-3
                    transition-all duration-300 translate-y-full group-hover/image:opacity-100 group-hover/image:translate-y-0 group-focus/image:opacity-100 group-focus/image:translate-y-0">
                        <p class="text-base font-medium text-ellipsis line-clamp-1">Watopia Flat Forward in London</p>
                        <p class="text-xs font-medium opacity-80">31-08-23</p>
                    </div>
                </a>
                                            <a data-image data-filterables='{"sportType":"VirtualRide","countryCode":null}' data-light-gallery-element='{"src":"\/files\/activities\/aea2d7b4-53a7-11ee-a5e1-9a34a3268d74.jpg","subHtml":"&lt;p&gt;Watopia Flat Forward in London&lt;\/p&gt;","alt":"Watopia Flat Forward in London"}' class="grow h-[25vh] relative group/image overflow-hidden rounded-lg shadow-sm" href="https://www.strava.com/activities/9756441741" target="_blank">
                    <img class="h-full w-full object-cover align-bottom transition-transform duration-500 group-hover/image:scale-105 group-focus/image:scale-105 lazy" data-src="/files/activities/aea2d7b4-53a7-11ee-a5e1-9a34a3268d74.jpg" alt="Watopia Flat Forward in London" src="/assets/placeholder.webp">
                    <div class="absolute inset-0 bg-black/0 group-hover/image:bg-black/20 group-focus/image:bg-black/20 transition-colors duration-300"></div>
                    <div class="text-white flex flex-col absolute bottom-0 left-0 right-0 bg-gradient-to-t from-black/60 to-transparent p-3
                    transition-all duration-300 translate-y-full group-hover/image:opacity-100 group-hover/image:translate-y-0 group-focus/image:opacity-100 group-focus/image:translate-y-0">
                        <p class="text-base font-medium text-ellipsis line-clamp-1">Watopia Flat Forward in London</p>
                        <p class="text-xs font-medium opacity-80">31-08-23</p>
                    </div>
                </a>
                                            <a data-image data-filterables='{"sportType":"VirtualRide","countryCode":null}' data-light-gallery-element='{"src":"\/files\/activities\/aea2d7b4-53a7-11ee-a5e1-9a34a3268d74.jpg","subHtml":"&lt;p&gt;Virtual ride non Zwift&lt;\/p&gt;","alt":"Virtual ride non Zwift"}' class="grow h-[25vh] relative group/image overflow-hidden rounded-lg shadow-sm" href="https://www.strava.com/activities/8756441741" target="_blank">
                    <img class="h-full w-full object-cover align-bottom transition-transform duration-500 group-hover/image:scale-105 group-focus/image:scale-105 lazy" data-src="/files/activities/aea2d7b4-53a7-11ee-a5e1-9a34a3268d74.jpg" alt="Virtual ride non Zwift" src="/assets/placeholder.webp">
                    <div class="absolute inset-0 bg-black/0 group-hover/image:bg-black/20 group-focus/image:bg-black/20 transition-colors duration-300"></div>
                    <div class="text-white flex flex-col absolute bottom-0 left-0 right-0 bg-gradient-to-t from-black/60 to-transparent p-3
                    transition-all duration-300 translate-y-full group-hover/image:opacity-100 group-hover/image:translate-y-0 group-focus/image:opacity-100 group-focus/image:translate-y-0">
                        <p class="text-base font-medium text-ellipsis line-clamp-1">Virtual ride non Zwift</p>
                        <p class="text-xs font-medium opacity-80">31-07-23</p>
                    </div>
                </a>
                                            <a data-image data-filterables='{"sportType":"VirtualRide","countryCode":null}' data-light-gallery-element='{"src":"\/files\/activities\/aea2d7b4-53a7-11ee-a5e1-9a34a3268d74.jpg","subHtml":"&lt;p&gt;Virtual ride non Zwift&lt;\/p&gt;","alt":"Virtual ride non Zwift"}' class="grow h-[25vh] relative group/image overflow-hidden rounded-lg shadow-sm" href="https://www.strava.com/activities/8756441741" target="_blank">
                    <img class="h-full w-full object-cover align-bottom transition-transform duration-500 group-hover/image:scale-105 group-focus/image:scale-105 lazy" data-src="/files/activities/aea2d7b4-53a7-11ee-a5e1-9a34a3268d74.jpg" alt="Virtual ride non Zwift" src="/assets/placeholder.webp">
                    <div class="absolute inset-0 bg-black/0 group-hover/image:bg-black/20 group-focus/image:bg-black/20 transition-colors duration-300"></div>
                    <div class="text-white flex flex-col absolute bottom-0 left-0 right-0 bg-gradient-to-t from-black/60 to-transparent p-3
                    transition-all duration-300 translate-y-full group-hover/image:opacity-100 group-hover/image:translate-y-0 group-focus/image:opacity-100 group-focus/image:translate-y-0">
                        <p class="text-base font-medium text-ellipsis line-clamp-1">Virtual ride non Zwift</p>
                        <p class="text-xs font-medium opacity-80">31-07-23</p>
                    </div>
                </a>
                                            <a data-image data-filterables='{"sportType":"VirtualRide","countryCode":null}' data-light-gallery-element='{"src":"\/files\/activities\/aea2d7b4-53a7-11ee-a5e1-9a34a3268d74.jpg","subHtml":"&lt;p&gt;Virtual ride non Zwift&lt;\/p&gt;","alt":"Virtual ride non Zwift"}' class="grow h-[25vh] relative group/image overflow-hidden rounded-lg shadow-sm" href="https://www.strava.com/activities/8756441741" target="_blank">
                    <img class="h-full w-full object-cover align-bottom transition-transform duration-500 group-hover/image:scale-105 group-focus/image:scale-105 lazy" data-src="/files/activities/aea2d7b4-53a7-11ee-a5e1-9a34a3268d74.jpg" alt="Virtual ride non Zwift" src="/assets/placeholder.webp">
                    <div class="absolute inset-0 bg-black/0 group-hover/image:bg-black/20 group-focus/image:bg-black/20 transition-colors duration-300"></div>
                    <div class="text-white flex flex-col absolute bottom-0 left-0 right-0 bg-gradient-to-t from-black/60 to-transparent p-3
                    transition-all duration-300 translate-y-full group-hover/image:opacity-100 group-hover/image:translate-y-0 group-focus/image:opacity-100 group-focus/image:translate-y-0">
                        <p class="text-base font-medium text-ellipsis line-clamp-1">Virtual ride non Zwift</p>
                        <p class="text-xs font-medium opacity-80">31-07-23</p>
                    </div>
                </a>
                                            <a data-image data-filterables='{"sportType":"VirtualRide","countryCode":null}' data-light-gallery-element='{"src":"\/files\/activities\/aea2d7b4-53a7-11ee-a5e1-9a34a3268d74.jpg","subHtml":"&lt;p&gt;Virtual ride non Zwift&lt;\/p&gt;","alt":"Virtual ride non Zwift"}' class="grow h-[25vh] relative group/image overflow-hidden rounded-lg shadow-sm" href="https://www.strava.com/activities/8756441741" target="_blank">
                    <img class="h-full w-full object-cover align-bottom transition-transform duration-500 group-hover/image:scale-105 group-focus/image:scale-105 lazy" data-src="/files/activities/aea2d7b4-53a7-11ee-a5e1-9a34a3268d74.jpg" alt="Virtual ride non Zwift" src="/assets/placeholder.webp">
                    <div class="absolute inset-0 bg-black/0 group-hover/image:bg-black/20 group-focus/image:bg-black/20 transition-colors duration-300"></div>
                    <div class="text-white flex flex-col absolute bottom-0 left-0 right-0 bg-gradient-to-t from-black/60 to-transparent p-3
                    transition-all duration-300 translate-y-full group-hover/image:opacity-100 group-hover/image:translate-y-0 group-focus/image:opacity-100 group-focus/image:translate-y-0">
                        <p class="text-base font-medium text-ellipsis line-clamp-1">Virtual ride non Zwift</p>
                        <p class="text-xs font-medium opacity-80">31-07-23</p>
                    </div>
                </a>
                                            <a data-image data-filterables='{"sportType":"VirtualRide","countryCode":null}' data-light-gallery-element='{"src":"\/files\/activities\/aea2d7b4-53a7-11ee-a5e1-9a34a3268d74.jpg","subHtml":"&lt;p&gt;Virtual ride non Zwift&lt;\/p&gt;","alt":"Virtual ride non Zwift"}' class="grow h-[25vh] relative group/image overflow-hidden rounded-lg shadow-sm" href="https://www.strava.com/activities/87756441741" target="_blank">
                    <img class="h-full w-full object-cover align-bottom transition-transform duration-500 group-hover/image:scale-105 group-focus/image:scale-105 lazy" data-src="/files/activities/aea2d7b4-53a7-11ee-a5e1-9a34a3268d74.jpg" alt="Virtual ride non Zwift" src="/assets/placeholder.webp">
                    <div class="absolute inset-0 bg-black/0 group-hover/image:bg-black/20 group-focus/image:bg-black/20 transition-colors duration-300"></div>
                    <div class="text-white flex flex-col absolute bottom-0 left-0 right-0 bg-gradient-to-t from-black/60 to-transparent p-3
                    transition-all duration-300 translate-y-full group-hover/image:opacity-100 group-hover/image:translate-y-0 group-focus/image:opacity-100 group-focus/image:translate-y-0">
                        <p class="text-base font-medium text-ellipsis line-clamp-1">Virtual ride non Zwift</p>
                        <p class="text-xs font-medium opacity-80">30-07-23</p>
                    </div>
                </a>
                                            <a data-image data-filterables='{"sportType":"VirtualRide","countryCode":null}' data-light-gallery-element='{"src":"\/files\/activities\/aea2d7b4-53a7-11ee-a5e1-9a34a3268d74.jpg","subHtml":"&lt;p&gt;Virtual ride non Zwift&lt;\/p&gt;","alt":"Virtual ride non Zwift"}' class="grow h-[25vh] relative group/image overflow-hidden rounded-lg shadow-sm" href="https://www.strava.com/activities/87756441741" target="_blank">
                    <img class="h-full w-full object-cover align-bottom transition-transform duration-500 group-hover/image:scale-105 group-focus/image:scale-105 lazy" data-src="/files/activities/aea2d7b4-53a7-11ee-a5e1-9a34a3268d74.jpg" alt="Virtual ride non Zwift" src="/assets/placeholder.webp">
                    <div class="absolute inset-0 bg-black/0 group-hover/image:bg-black/20 group-focus/image:bg-black/20 transition-colors duration-300"></div>
                    <div class="text-white flex flex-col absolute bottom-0 left-0 right-0 bg-gradient-to-t from-black/60 to-transparent p-3
                    transition-all duration-300 translate-y-full group-hover/image:opacity-100 group-hover/image:translate-y-0 group-focus/image:opacity-100 group-focus/image:translate-y-0">
                        <p class="text-base font-medium text-ellipsis line-clamp-1">Virtual ride non Zwift</p>
                        <p class="text-xs font-medium opacity-80">30-07-23</p>
                    </div>
                </a>
                                            <a data-image data-filterables='{"sportType":"VirtualRide","countryCode":null}' data-light-gallery-element='{"src":"\/files\/activities\/aea2d7b4-53a7-11ee-a5e1-9a34a3268d74.jpg","subHtml":"&lt;p&gt;Virtual ride non Zwift&lt;\/p&gt;","alt":"Virtual ride non Zwift"}' class="grow h-[25vh] relative group/image overflow-hidden rounded-lg shadow-sm" href="https://www.strava.com/activities/87756441741" target="_blank">
                    <img class="h-full w-full object-cover align-bottom transition-transform duration-500 group-hover/image:scale-105 group-focus/image:scale-105 lazy" data-src="/files/activities/aea2d7b4-53a7-11ee-a5e1-9a34a3268d74.jpg" alt="Virtual ride non Zwift" src="/assets/placeholder.webp">
                    <div class="absolute inset-0 bg-black/0 group-hover/image:bg-black/20 group-focus/image:bg-black/20 transition-colors duration-300"></div>
                    <div class="text-white flex flex-col absolute bottom-0 left-0 right-0 bg-gradient-to-t from-black/60 to-transparent p-3
                    transition-all duration-300 translate-y-full group-hover/image:opacity-100 group-hover/image:translate-y-0 group-focus/image:opacity-100 group-focus/image:translate-y-0">
                        <p class="text-base font-medium text-ellipsis line-clamp-1">Virtual ride non Zwift</p>
                        <p class="text-xs font-medium opacity-80">30-07-23</p>
                    </div>
                </a>
                                            <a data-image data-filterables='{"sportType":"VirtualRide","countryCode":null}' data-light-gallery-element='{"src":"\/files\/activities\/aea2d7b4-53a7-11ee-a5e1-9a34a3268d74.jpg","subHtml":"&lt;p&gt;Virtual ride non Zwift&lt;\/p&gt;","alt":"Virtual ride non Zwift"}' class="grow h-[25vh] relative group/image overflow-hidden rounded-lg shadow-sm" href="https://www.strava.com/activities/87756441741" target="_blank">
                    <img class="h-full w-full object-cover align-bottom transition-transform duration-500 group-hover/image:scale-105 group-focus/image:scale-105 lazy" data-src="/files/activities/aea2d7b4-53a7-11ee-a5e1-9a34a3268d74.jpg" alt="Virtual ride non Zwift" src="/assets/placeholder.webp">
                    <div class="absolute inset-0 bg-black/0 group-hover/image:bg-black/20 group-focus/image:bg-black/20 transition-colors duration-300"></div>
                    <div class="text-white flex flex-col absolute bottom-0 left-0 right-0 bg-gradient-to-t from-black/60 to-transparent p-3
                    transition-all duration-300 translate-y-full group-hover/image:opacity-100 group-hover/image:translate-y-0 group-focus/image:opacity-100 group-focus/image:translate-y-0">
                        <p class="text-base font-medium text-ellipsis line-clamp-1">Virtual ride non Zwift</p>
                        <p class="text-xs font-medium opacity-80">30-07-23</p>
                    </div>
                </a>
                                            <a data-image data-filterables='{"sportType":"Run","countryCode":null}' data-light-gallery-element='{"src":"\/files\/activities\/aea2d7b4-53a7-11ee-a5e1-9a34a3268d74.jpg","subHtml":"&lt;p&gt;Running activity&lt;\/p&gt;","alt":"Running activity"}' class="grow h-[25vh] relative group/image overflow-hidden rounded-lg shadow-sm" href="https://www.strava.com/activities/45326441741" target="_blank">
                    <img class="h-full w-full object-cover align-bottom transition-transform duration-500 group-hover/image:scale-105 group-focus/image:scale-105 lazy" data-src="/files/activities/aea2d7b4-53a7-11ee-a5e1-9a34a3268d74.jpg" alt="Running activity" src="/assets/placeholder.webp">
                    <div class="absolute inset-0 bg-black/0 group-hover/image:bg-black/20 group-focus/image:bg-black/20 transition-colors duration-300"></div>
                    <div class="text-white flex flex-col absolute bottom-0 left-0 right-0 bg-gradient-to-t from-black/60 to-transparent p-3
                    transition-all duration-300 translate-y-full group-hover/image:opacity-100 group-hover/image:translate-y-0 group-focus/image:opacity-100 group-focus/image:translate-y-0">
                        <p class="text-base font-medium text-ellipsis line-clamp-1">Running activity</p>
                        <p class="text-xs font-medium opacity-80">30-07-22</p>
                    </div>
                </a>
                                            <a data-image data-filterables='{"sportType":"Run","countryCode":null}' data-light-gallery-element='{"src":"\/files\/activities\/aea2d7b4-53a7-11ee-a5e1-9a34a3268d74.jpg","subHtml":"&lt;p&gt;Running activity&lt;\/p&gt;","alt":"Running activity"}' class="grow h-[25vh] relative group/image overflow-hidden rounded-lg shadow-sm" href="https://www.strava.com/activities/45326441741" target="_blank">
                    <img class="h-full w-full object-cover align-bottom transition-transform duration-500 group-hover/image:scale-105 group-focus/image:scale-105 lazy" data-src="/files/activities/aea2d7b4-53a7-11ee-a5e1-9a34a3268d74.jpg" alt="Running activity" src="/assets/placeholder.webp">
                    <div class="absolute inset-0 bg-black/0 group-hover/image:bg-black/20 group-focus/image:bg-black/20 transition-colors duration-300"></div>
                    <div class="text-white flex flex-col absolute bottom-0 left-0 right-0 bg-gradient-to-t from-black/60 to-transparent p-3
                    transition-all duration-300 translate-y-full group-hover/image:opacity-100 group-hover/image:translate-y-0 group-focus/image:opacity-100 group-focus/image:translate-y-0">
                        <p class="text-base font-medium text-ellipsis line-clamp-1">Running activity</p>
                        <p class="text-xs font-medium opacity-80">30-07-22</p>
                    </div>
                </a>
                                            <a data-image data-filterables='{"sportType":"Run","countryCode":null}' data-light-gallery-element='{"src":"\/files\/activities\/aea2d7b4-53a7-11ee-a5e1-9a34a3268d74.jpg","subHtml":"&lt;p&gt;Running activity&lt;\/p&gt;","alt":"Running activity"}' class="grow h-[25vh] relative group/image overflow-hidden rounded-lg shadow-sm" href="https://www.strava.com/activities/45326441741" target="_blank">
                    <img class="h-full w-full object-cover align-bottom transition-transform duration-500 group-hover/image:scale-105 group-focus/image:scale-105 lazy" data-src="/files/activities/aea2d7b4-53a7-11ee-a5e1-9a34a3268d74.jpg" alt="Running activity" src="/assets/placeholder.webp">
                    <div class="absolute inset-0 bg-black/0 group-hover/image:bg-black/20 group-focus/image:bg-black/20 transition-colors duration-300"></div>
                    <div class="text-white flex flex-col absolute bottom-0 left-0 right-0 bg-gradient-to-t from-black/60 to-transparent p-3
                    transition-all duration-300 translate-y-full group-hover/image:opacity-100 group-hover/image:translate-y-0 group-focus/image:opacity-100 group-focus/image:translate-y-0">
                        <p class="text-base font-medium text-ellipsis line-clamp-1">Running activity</p>
                        <p class="text-xs font-medium opacity-80">30-07-22</p>
                    </div>
                </a>
                                            <a data-image data-filterables='{"sportType":"Run","countryCode":null}' data-light-gallery-element='{"src":"\/files\/activities\/aea2d7b4-53a7-11ee-a5e1-9a34a3268d74.jpg","subHtml":"&lt;p&gt;Running activity&lt;\/p&gt;","alt":"Running activity"}' class="grow h-[25vh] relative group/image overflow-hidden rounded-lg shadow-sm" href="https://www.strava.com/activities/45326441741" target="_blank">
                    <img class="h-full w-full object-cover align-bottom transition-transform duration-500 group-hover/image:scale-105 group-focus/image:scale-105 lazy" data-src="/files/activities/aea2d7b4-53a7-11ee-a5e1-9a34a3268d74.jpg" alt="Running activity" src="/assets/placeholder.webp">
                    <div class="absolute inset-0 bg-black/0 group-hover/image:bg-black/20 group-focus/image:bg-black/20 transition-colors duration-300"></div>
                    <div class="text-white flex flex-col absolute bottom-0 left-0 right-0 bg-gradient-to-t from-black/60 to-transparent p-3
                    transition-all duration-300 translate-y-full group-hover/image:opacity-100 group-hover/image:translate-y-0 group-focus/image:opacity-100 group-focus/image:translate-y-0">
                        <p class="text-base font-medium text-ellipsis line-clamp-1">Running activity</p>
                        <p class="text-xs font-medium opacity-80">30-07-22</p>
                    </div>
                </a>
                                            <a data-image data-filterables='{"sportType":"VirtualRide","countryCode":null}' data-light-gallery-element='{"src":"\/files\/activities\/aea2d7b4-53a7-11ee-a5e1-9a34a3268d74.jpg","subHtml":"&lt;p&gt;Virtual ride non Zwift&lt;\/p&gt;","alt":"Virtual ride non Zwift"}' class="grow h-[25vh] relative group/image overflow-hidden rounded-lg shadow-sm" href="https://www.strava.com/activities/87726441741" target="_blank">
                    <img class="h-full w-full object-cover align-bottom transition-transform duration-500 group-hover/image:scale-105 group-focus/image:scale-105 lazy" data-src="/files/activities/aea2d7b4-53a7-11ee-a5e1-9a34a3268d74.jpg" alt="Virtual ride non Zwift" src="/assets/placeholder.webp">
                    <div class="absolute inset-0 bg-black/0 group-hover/image:bg-black/20 group-focus/image:bg-black/20 transition-colors duration-300"></div>
                    <div class="text-white flex flex-col absolute bottom-0 left-0 right-0 bg-gradient-to-t from-black/60 to-transparent p-3
                    transition-all duration-300 translate-y-full group-hover/image:opacity-100 group-hover/image:translate-y-0 group-focus/image:opacity-100 group-focus/image:translate-y-0">
                        <p class="text-base font-medium text-ellipsis line-clamp-1">Virtual ride non Zwift</p>
                        <p class="text-xs font-medium opacity-80">30-07-22</p>
                    </div>
                </a>
                                            <a data-image data-filterables='{"sportType":"VirtualRide","countryCode":null}' data-light-gallery-element='{"src":"\/files\/activities\/aea2d7b4-53a7-11ee-a5e1-9a34a3268d74.jpg","subHtml":"&lt;p&gt;Virtual ride non Zwift&lt;\/p&gt;","alt":"Virtual ride non Zwift"}' class="grow h-[25vh] relative group/image overflow-hidden rounded-lg shadow-sm" href="https://www.strava.com/activities/87726441741" target="_blank">
                    <img class="h-full w-full object-cover align-bottom transition-transform duration-500 group-hover/image:scale-105 group-focus/image:scale-105 lazy" data-src="/files/activities/aea2d7b4-53a7-11ee-a5e1-9a34a3268d74.jpg" alt="Virtual ride non Zwift" src="/assets/placeholder.webp">
                    <div class="absolute inset-0 bg-black/0 group-hover/image:bg-black/20 group-focus/image:bg-black/20 transition-colors duration-300"></div>
                    <div class="text-white flex flex-col absolute bottom-0 left-0 right-0 bg-gradient-to-t from-black/60 to-transparent p-3
                    transition-all duration-300 translate-y-full group-hover/image:opacity-100 group-hover/image:translate-y-0 group-focus/image:opacity-100 group-focus/image:translate-y-0">
                        <p class="text-base font-medium text-ellipsis line-clamp-1">Virtual ride non Zwift</p>
                        <p class="text-xs font-medium opacity-80">30-07-22</p>
                    </div>
                </a>
                                            <a data-image data-filterables='{"sportType":"VirtualRide","countryCode":null}' data-light-gallery-element='{"src":"\/files\/activities\/aea2d7b4-53a7-11ee-a5e1-9a34a3268d74.jpg","subHtml":"&lt;p&gt;Virtual ride non Zwift&lt;\/p&gt;","alt":"Virtual ride non Zwift"}' class="grow h-[25vh] relative group/image overflow-hidden rounded-lg shadow-sm" href="https://www.strava.com/activities/87726441741" target="_blank">
                    <img class="h-full w-full object-cover align-bottom transition-transform duration-500 group-hover/image:scale-105 group-focus/image:scale-105 lazy" data-src="/files/activities/aea2d7b4-53a7-11ee-a5e1-9a34a3268d74.jpg" alt="Virtual ride non Zwift" src="/assets/placeholder.webp">
                    <div class="absolute inset-0 bg-black/0 group-hover/image:bg-black/20 group-focus/image:bg-black/20 transition-colors duration-300"></div>
                    <div class="text-white flex flex-col absolute bottom-0 left-0 right-0 bg-gradient-to-t from-black/60 to-transparent p-3
                    transition-all duration-300 translate-y-full group-hover/image:opacity-100 group-hover/image:translate-y-0 group-focus/image:opacity-100 group-focus/image:translate-y-0">
                        <p class="text-base font-medium text-ellipsis line-clamp-1">Virtual ride non Zwift</p>
                        <p class="text-xs font-medium opacity-80">30-07-22</p>
                    </div>
                </a>
                                            <a data-image data-filterables='{"sportType":"VirtualRide","countryCode":null}' data-light-gallery-element='{"src":"\/files\/activities\/aea2d7b4-53a7-11ee-a5e1-9a34a3268d74.jpg","subHtml":"&lt;p&gt;Virtual ride non Zwift&lt;\/p&gt;","alt":"Virtual ride non Zwift"}' class="grow h-[25vh] relative group/image overflow-hidden rounded-lg shadow-sm" href="https://www.strava.com/activities/87726441741" target="_blank">
                    <img class="h-full w-full object-cover align-bottom transition-transform duration-500 group-hover/image:scale-105 group-focus/image:scale-105 lazy" data-src="/files/activities/aea2d7b4-53a7-11ee-a5e1-9a34a3268d74.jpg" alt="Virtual ride non Zwift" src="/assets/placeholder.webp">
                    <div class="absolute inset-0 bg-black/0 group-hover/image:bg-black/20 group-focus/image:bg-black/20 transition-colors duration-300"></div>
                    <div class="text-white flex flex-col absolute bottom-0 left-0 right-0 bg-gradient-to-t from-black/60 to-transparent p-3
                    transition-all duration-300 translate-y-full group-hover/image:opacity-100 group-hover/image:translate-y-0 group-focus/image:opacity-100 group-focus/image:translate-y-0">
                        <p class="text-base font-medium text-ellipsis line-clamp-1">Virtual ride non Zwift</p>
                        <p class="text-xs font-medium opacity-80">30-07-22</p>
                    </div>
                </a>
                        <div class="grow-10"></div>
        </div>
    </div>
</div>
</body></html>
