<html><body>
<nav class="flex mb-5" aria-label="Breadcrumb">
    <ol class="inline-flex items-center space-x-1 text-sm font-medium md:space-x-2">
        <li class="inline-flex items-center">
            <a href="#" data-router-navigate="dashboard" class="inline-flex items-center text-gray-700 hover:text-primary-600 hover:underline">
                <svg class="w-5 h-5 mr-2.5" fill="currentColor" viewbox="0 0 20 20" xmlns="http://www.w3.org/2000/svg"><path d="M10.707 2.293a1 1 0 00-1.414 0l-7 7a1 1 0 001.414 1.414L4 10.414V17a1 1 0 001 1h2a1 1 0 001-1v-2a1 1 0 011-1h2a1 1 0 011 1v2a1 1 0 001 1h2a1 1 0 001-1v-6.586l.293.293a1 1 0 001.414-1.414l-7-7z"></path></svg>
                Dashboard
            </a>
        </li>
            <li>
        <div class="flex items-center">
            <svg class="w-6 h-6 text-gray-400" fill="currentColor" viewbox="0 0 20 20" xmlns="http://www.w3.org/2000/svg">
                <path fill-rule="evenodd" d="M7.293 14.707a1 1 0 010-1.414L10.586 10 7.293 6.707a1 1 0 011.414-1.414l4 4a1 1 0 010 1.414l-4 4a1 1 0 01-1.414 0z" clip-rule="evenodd"></path>
            </svg>
            <a href="#" data-router-navigate="challenges" class="ml-1 text-gray-700 hover:text-primary-600 md:ml-2">Challenges</a>
        </div>
    </li>
    </ol>
</nav>
    <!-- CHALLENGES -->
            <div class="mb-4 p-4 bg-white border border-gray-200 rounded-lg shadow-xs">
            <h3 class="flex items-center gap-x-1 text-lg font-semibold mb-4">
                <span>October 2023</span>
                <span class="bg-orange-200 text-orange-800 text-xs font-medium px-2.5 py-0.5 rounded-full">1</span>
            </h3>
            <div class="grid grid-cols-8 gap-4">
                                                        <a href="https://www.strava.com/challenges/castelli-keep-it-up-2023" data-tooltip-target="tooltip-challenge-4022">
                        <img src="assets/placeholder.webp" data-src="files/challenges/b7537b1e-69f7-11ee-a81e-0242a0cd5a47.png" alt="Castelli Keep It Up" class="lazy h-auto max-w-full rounded-lg">
                    </a>
                    <div id="tooltip-challenge-4022" role="tooltip" class="absolute z-10 invisible inline-block px-3 py-2 text-sm font-medium text-white transition-opacity duration-300 bg-gray-900 rounded-lg shadow-xs opacity-0 tooltip">
                        Castelli Keep It Up
                        <div class="tooltip-arrow" data-popper-arrow></div>
                    </div>
                            </div>
        </div>
            <div class="mb-4 p-4 bg-white border border-gray-200 rounded-lg shadow-xs">
            <h3 class="flex items-center gap-x-1 text-lg font-semibold mb-4">
                <span>June 2023</span>
                <span class="bg-orange-200 text-orange-800 text-xs font-medium px-2.5 py-0.5 rounded-full">1</span>
            </h3>
            <div class="grid grid-cols-8 gap-4">
                                                        <a href="https://www.strava.com/challenges/June-Sweat-With-Pride-Challenge-2023" data-tooltip-target="tooltip-challenge-3809">
                        <img src="assets/placeholder.webp" data-src="files/challenges/98b92ae4-0234-11ee-ad06-000d3a360b3f.png" alt="June Sweat With Pride Challenge" class="lazy h-auto max-w-full rounded-lg">
                    </a>
                    <div id="tooltip-challenge-3809" role="tooltip" class="absolute z-10 invisible inline-block px-3 py-2 text-sm font-medium text-white transition-opacity duration-300 bg-gray-900 rounded-lg shadow-xs opacity-0 tooltip">
                        June Sweat With Pride Challenge
                        <div class="tooltip-arrow" data-popper-arrow></div>
                    </div>
                            </div>
        </div>
    
</body></html>
