[
    {
        "activityId": "activity-GravelRide-8046-1",
        "sportType": "GravelRide",
        "distanceInMeter": 8046,
        "timeInSeconds": 1
    },
    {
        "activityId": "activity-GravelRide-8046-2",
        "sportType": "GravelRide",
        "distanceInMeter": 8046,
        "timeInSeconds": 2
    },
    {
        "activityId": "activity-GravelRide-8046-3",
        "sportType": "GravelRide",
        "distanceInMeter": 8046,
        "timeInSeconds": 3
    },
    {
        "activityId": "activity-GravelRide-8046-4",
        "sportType": "GravelRide",
        "distanceInMeter": 8046,
        "timeInSeconds": 4
    },
    {
        "activityId": "activity-GravelRide-8046-5",
        "sportType": "GravelRide",
        "distanceInMeter": 8046,
        "timeInSeconds": 5
    },
    {
        "activityId": "activity-GravelRide-8046-6",
        "sportType": "GravelRide",
        "distanceInMeter": 8046,
        "timeInSeconds": 6
    },
    {
        "activityId": "activity-GravelRide-8046-7",
        "sportType": "GravelRide",
        "distanceInMeter": 8046,
        "timeInSeconds": 7
    },
    {
        "activityId": "activity-GravelRide-8046-8",
        "sportType": "GravelRide",
        "distanceInMeter": 8046,
        "timeInSeconds": 8
    },
    {
        "activityId": "activity-GravelRide-8046-9",
        "sportType": "GravelRide",
        "distanceInMeter": 8046,
        "timeInSeconds": 9
    },
    {
        "activityId": "activity-GravelRide-8046-10",
        "sportType": "GravelRide",
        "distanceInMeter": 8046,
        "timeInSeconds": 10
    },
    {
        "activityId": "activity-GravelRide-10000-1",
        "sportType": "GravelRide",
        "distanceInMeter": 10000,
        "timeInSeconds": 1
    },
    {
        "activityId": "activity-GravelRide-10000-2",
        "sportType": "GravelRide",
        "distanceInMeter": 10000,
        "timeInSeconds": 2
    },
    {
        "activityId": "activity-GravelRide-10000-3",
        "sportType": "GravelRide",
        "distanceInMeter": 10000,
        "timeInSeconds": 3
    },
    {
        "activityId": "activity-GravelRide-10000-4",
        "sportType": "GravelRide",
        "distanceInMeter": 10000,
        "timeInSeconds": 4
    },
    {
        "activityId": "activity-GravelRide-10000-5",
        "sportType": "GravelRide",
        "distanceInMeter": 10000,
        "timeInSeconds": 5
    },
    {
        "activityId": "activity-GravelRide-10000-6",
        "sportType": "GravelRide",
        "distanceInMeter": 10000,
        "timeInSeconds": 6
    },
    {
        "activityId": "activity-GravelRide-10000-7",
        "sportType": "GravelRide",
        "distanceInMeter": 10000,
        "timeInSeconds": 7
    },
    {
        "activityId": "activity-GravelRide-10000-8",
        "sportType": "GravelRide",
        "distanceInMeter": 10000,
        "timeInSeconds": 8
    },
    {
        "activityId": "activity-GravelRide-10000-9",
        "sportType": "GravelRide",
        "distanceInMeter": 10000,
        "timeInSeconds": 9
    },
    {
        "activityId": "activity-GravelRide-10000-10",
        "sportType": "GravelRide",
        "distanceInMeter": 10000,
        "timeInSeconds": 10
    },
    {
        "activityId": "activity-GravelRide-16093-1",
        "sportType": "GravelRide",
        "distanceInMeter": 16093,
        "timeInSeconds": 1
    },
    {
        "activityId": "activity-GravelRide-16093-2",
        "sportType": "GravelRide",
        "distanceInMeter": 16093,
        "timeInSeconds": 2
    },
    {
        "activityId": "activity-GravelRide-16093-3",
        "sportType": "GravelRide",
        "distanceInMeter": 16093,
        "timeInSeconds": 3
    },
    {
        "activityId": "activity-GravelRide-16093-4",
        "sportType": "GravelRide",
        "distanceInMeter": 16093,
        "timeInSeconds": 4
    },
    {
        "activityId": "activity-GravelRide-16093-5",
        "sportType": "GravelRide",
        "distanceInMeter": 16093,
        "timeInSeconds": 5
    },
    {
        "activityId": "activity-GravelRide-16093-6",
        "sportType": "GravelRide",
        "distanceInMeter": 16093,
        "timeInSeconds": 6
    },
    {
        "activityId": "activity-GravelRide-16093-7",
        "sportType": "GravelRide",
        "distanceInMeter": 16093,
        "timeInSeconds": 7
    },
    {
        "activityId": "activity-GravelRide-16093-8",
        "sportType": "GravelRide",
        "distanceInMeter": 16093,
        "timeInSeconds": 8
    },
    {
        "activityId": "activity-GravelRide-16093-9",
        "sportType": "GravelRide",
        "distanceInMeter": 16093,
        "timeInSeconds": 9
    },
    {
        "activityId": "activity-GravelRide-16093-10",
        "sportType": "GravelRide",
        "distanceInMeter": 16093,
        "timeInSeconds": 10
    },
    {
        "activityId": "activity-GravelRide-20000-1",
        "sportType": "GravelRide",
        "distanceInMeter": 20000,
        "timeInSeconds": 1
    },
    {
        "activityId": "activity-GravelRide-20000-2",
        "sportType": "GravelRide",
        "distanceInMeter": 20000,
        "timeInSeconds": 2
    },
    {
        "activityId": "activity-GravelRide-20000-3",
        "sportType": "GravelRide",
        "distanceInMeter": 20000,
        "timeInSeconds": 3
    },
    {
        "activityId": "activity-GravelRide-20000-4",
        "sportType": "GravelRide",
        "distanceInMeter": 20000,
        "timeInSeconds": 4
    },
    {
        "activityId": "activity-GravelRide-20000-5",
        "sportType": "GravelRide",
        "distanceInMeter": 20000,
        "timeInSeconds": 5
    },
    {
        "activityId": "activity-GravelRide-20000-6",
        "sportType": "GravelRide",
        "distanceInMeter": 20000,
        "timeInSeconds": 6
    },
    {
        "activityId": "activity-GravelRide-20000-7",
        "sportType": "GravelRide",
        "distanceInMeter": 20000,
        "timeInSeconds": 7
    },
    {
        "activityId": "activity-GravelRide-20000-8",
        "sportType": "GravelRide",
        "distanceInMeter": 20000,
        "timeInSeconds": 8
    },
    {
        "activityId": "activity-GravelRide-20000-9",
        "sportType": "GravelRide",
        "distanceInMeter": 20000,
        "timeInSeconds": 9
    },
    {
        "activityId": "activity-GravelRide-20000-10",
        "sportType": "GravelRide",
        "distanceInMeter": 20000,
        "timeInSeconds": 10
    },
    {
        "activityId": "activity-GravelRide-30000-1",
        "sportType": "GravelRide",
        "distanceInMeter": 30000,
        "timeInSeconds": 1
    },
    {
        "activityId": "activity-GravelRide-30000-2",
        "sportType": "GravelRide",
        "distanceInMeter": 30000,
        "timeInSeconds": 2
    },
    {
        "activityId": "activity-GravelRide-30000-3",
        "sportType": "GravelRide",
        "distanceInMeter": 30000,
        "timeInSeconds": 3
    },
    {
        "activityId": "activity-GravelRide-30000-4",
        "sportType": "GravelRide",
        "distanceInMeter": 30000,
        "timeInSeconds": 4
    },
    {
        "activityId": "activity-GravelRide-30000-5",
        "sportType": "GravelRide",
        "distanceInMeter": 30000,
        "timeInSeconds": 5
    },
    {
        "activityId": "activity-GravelRide-30000-6",
        "sportType": "GravelRide",
        "distanceInMeter": 30000,
        "timeInSeconds": 6
    },
    {
        "activityId": "activity-GravelRide-30000-7",
        "sportType": "GravelRide",
        "distanceInMeter": 30000,
        "timeInSeconds": 7
    },
    {
        "activityId": "activity-GravelRide-30000-8",
        "sportType": "GravelRide",
        "distanceInMeter": 30000,
        "timeInSeconds": 8
    },
    {
        "activityId": "activity-GravelRide-30000-9",
        "sportType": "GravelRide",
        "distanceInMeter": 30000,
        "timeInSeconds": 9
    },
    {
        "activityId": "activity-GravelRide-30000-10",
        "sportType": "GravelRide",
        "distanceInMeter": 30000,
        "timeInSeconds": 10
    },
    {
        "activityId": "activity-GravelRide-40000-1",
        "sportType": "GravelRide",
        "distanceInMeter": 40000,
        "timeInSeconds": 1
    },
    {
        "activityId": "activity-GravelRide-40000-2",
        "sportType": "GravelRide",
        "distanceInMeter": 40000,
        "timeInSeconds": 2
    },
    {
        "activityId": "activity-GravelRide-40000-3",
        "sportType": "GravelRide",
        "distanceInMeter": 40000,
        "timeInSeconds": 3
    },
    {
        "activityId": "activity-GravelRide-40000-4",
        "sportType": "GravelRide",
        "distanceInMeter": 40000,
        "timeInSeconds": 4
    },
    {
        "activityId": "activity-GravelRide-40000-5",
        "sportType": "GravelRide",
        "distanceInMeter": 40000,
        "timeInSeconds": 5
    },
    {
        "activityId": "activity-GravelRide-40000-6",
        "sportType": "GravelRide",
        "distanceInMeter": 40000,
        "timeInSeconds": 6
    },
    {
        "activityId": "activity-GravelRide-40000-7",
        "sportType": "GravelRide",
        "distanceInMeter": 40000,
        "timeInSeconds": 7
    },
    {
        "activityId": "activity-GravelRide-40000-8",
        "sportType": "GravelRide",
        "distanceInMeter": 40000,
        "timeInSeconds": 8
    },
    {
        "activityId": "activity-GravelRide-40000-9",
        "sportType": "GravelRide",
        "distanceInMeter": 40000,
        "timeInSeconds": 9
    },
    {
        "activityId": "activity-GravelRide-40000-10",
        "sportType": "GravelRide",
        "distanceInMeter": 40000,
        "timeInSeconds": 10
    },
    {
        "activityId": "activity-GravelRide-50000-1",
        "sportType": "GravelRide",
        "distanceInMeter": 50000,
        "timeInSeconds": 1
    },
    {
        "activityId": "activity-GravelRide-50000-2",
        "sportType": "GravelRide",
        "distanceInMeter": 50000,
        "timeInSeconds": 2
    },
    {
        "activityId": "activity-GravelRide-50000-3",
        "sportType": "GravelRide",
        "distanceInMeter": 50000,
        "timeInSeconds": 3
    },
    {
        "activityId": "activity-GravelRide-50000-4",
        "sportType": "GravelRide",
        "distanceInMeter": 50000,
        "timeInSeconds": 4
    },
    {
        "activityId": "activity-GravelRide-50000-5",
        "sportType": "GravelRide",
        "distanceInMeter": 50000,
        "timeInSeconds": 5
    },
    {
        "activityId": "activity-GravelRide-50000-6",
        "sportType": "GravelRide",
        "distanceInMeter": 50000,
        "timeInSeconds": 6
    },
    {
        "activityId": "activity-GravelRide-50000-7",
        "sportType": "GravelRide",
        "distanceInMeter": 50000,
        "timeInSeconds": 7
    },
    {
        "activityId": "activity-GravelRide-50000-8",
        "sportType": "GravelRide",
        "distanceInMeter": 50000,
        "timeInSeconds": 8
    },
    {
        "activityId": "activity-GravelRide-50000-9",
        "sportType": "GravelRide",
        "distanceInMeter": 50000,
        "timeInSeconds": 9
    },
    {
        "activityId": "activity-GravelRide-50000-10",
        "sportType": "GravelRide",
        "distanceInMeter": 50000,
        "timeInSeconds": 10
    },
    {
        "activityId": "activity-GravelRide-80000-1",
        "sportType": "GravelRide",
        "distanceInMeter": 80000,
        "timeInSeconds": 1
    },
    {
        "activityId": "activity-GravelRide-80000-2",
        "sportType": "GravelRide",
        "distanceInMeter": 80000,
        "timeInSeconds": 2
    },
    {
        "activityId": "activity-GravelRide-80000-3",
        "sportType": "GravelRide",
        "distanceInMeter": 80000,
        "timeInSeconds": 3
    },
    {
        "activityId": "activity-GravelRide-80000-4",
        "sportType": "GravelRide",
        "distanceInMeter": 80000,
        "timeInSeconds": 4
    },
    {
        "activityId": "activity-GravelRide-80000-5",
        "sportType": "GravelRide",
        "distanceInMeter": 80000,
        "timeInSeconds": 5
    },
    {
        "activityId": "activity-GravelRide-80000-6",
        "sportType": "GravelRide",
        "distanceInMeter": 80000,
        "timeInSeconds": 6
    },
    {
        "activityId": "activity-GravelRide-80000-7",
        "sportType": "GravelRide",
        "distanceInMeter": 80000,
        "timeInSeconds": 7
    },
    {
        "activityId": "activity-GravelRide-80000-8",
        "sportType": "GravelRide",
        "distanceInMeter": 80000,
        "timeInSeconds": 8
    },
    {
        "activityId": "activity-GravelRide-80000-9",
        "sportType": "GravelRide",
        "distanceInMeter": 80000,
        "timeInSeconds": 9
    },
    {
        "activityId": "activity-GravelRide-80000-10",
        "sportType": "GravelRide",
        "distanceInMeter": 80000,
        "timeInSeconds": 10
    },
    {
        "activityId": "activity-GravelRide-80467-1",
        "sportType": "GravelRide",
        "distanceInMeter": 80467,
        "timeInSeconds": 1
    },
    {
        "activityId": "activity-GravelRide-80467-2",
        "sportType": "GravelRide",
        "distanceInMeter": 80467,
        "timeInSeconds": 2
    },
    {
        "activityId": "activity-GravelRide-80467-3",
        "sportType": "GravelRide",
        "distanceInMeter": 80467,
        "timeInSeconds": 3
    },
    {
        "activityId": "activity-GravelRide-80467-4",
        "sportType": "GravelRide",
        "distanceInMeter": 80467,
        "timeInSeconds": 4
    },
    {
        "activityId": "activity-GravelRide-80467-5",
        "sportType": "GravelRide",
        "distanceInMeter": 80467,
        "timeInSeconds": 5
    },
    {
        "activityId": "activity-GravelRide-80467-6",
        "sportType": "GravelRide",
        "distanceInMeter": 80467,
        "timeInSeconds": 6
    },
    {
        "activityId": "activity-GravelRide-80467-7",
        "sportType": "GravelRide",
        "distanceInMeter": 80467,
        "timeInSeconds": 7
    },
    {
        "activityId": "activity-GravelRide-80467-8",
        "sportType": "GravelRide",
        "distanceInMeter": 80467,
        "timeInSeconds": 8
    },
    {
        "activityId": "activity-GravelRide-80467-9",
        "sportType": "GravelRide",
        "distanceInMeter": 80467,
        "timeInSeconds": 9
    },
    {
        "activityId": "activity-GravelRide-80467-10",
        "sportType": "GravelRide",
        "distanceInMeter": 80467,
        "timeInSeconds": 10
    },
    {
        "activityId": "activity-GravelRide-90000-1",
        "sportType": "GravelRide",
        "distanceInMeter": 90000,
        "timeInSeconds": 1
    },
    {
        "activityId": "activity-GravelRide-90000-2",
        "sportType": "GravelRide",
        "distanceInMeter": 90000,
        "timeInSeconds": 2
    },
    {
        "activityId": "activity-GravelRide-90000-3",
        "sportType": "GravelRide",
        "distanceInMeter": 90000,
        "timeInSeconds": 3
    },
    {
        "activityId": "activity-GravelRide-90000-4",
        "sportType": "GravelRide",
        "distanceInMeter": 90000,
        "timeInSeconds": 4
    },
    {
        "activityId": "activity-GravelRide-90000-5",
        "sportType": "GravelRide",
        "distanceInMeter": 90000,
        "timeInSeconds": 5
    },
    {
        "activityId": "activity-GravelRide-90000-6",
        "sportType": "GravelRide",
        "distanceInMeter": 90000,
        "timeInSeconds": 6
    },
    {
        "activityId": "activity-GravelRide-90000-7",
        "sportType": "GravelRide",
        "distanceInMeter": 90000,
        "timeInSeconds": 7
    },
    {
        "activityId": "activity-GravelRide-90000-8",
        "sportType": "GravelRide",
        "distanceInMeter": 90000,
        "timeInSeconds": 8
    },
    {
        "activityId": "activity-GravelRide-90000-9",
        "sportType": "GravelRide",
        "distanceInMeter": 90000,
        "timeInSeconds": 9
    },
    {
        "activityId": "activity-GravelRide-90000-10",
        "sportType": "GravelRide",
        "distanceInMeter": 90000,
        "timeInSeconds": 10
    },
    {
        "activityId": "activity-GravelRide-100000-1",
        "sportType": "GravelRide",
        "distanceInMeter": 100000,
        "timeInSeconds": 1
    },
    {
        "activityId": "activity-GravelRide-100000-2",
        "sportType": "GravelRide",
        "distanceInMeter": 100000,
        "timeInSeconds": 2
    },
    {
        "activityId": "activity-GravelRide-100000-3",
        "sportType": "GravelRide",
        "distanceInMeter": 100000,
        "timeInSeconds": 3
    },
    {
        "activityId": "activity-GravelRide-100000-4",
        "sportType": "GravelRide",
        "distanceInMeter": 100000,
        "timeInSeconds": 4
    },
    {
        "activityId": "activity-GravelRide-100000-5",
        "sportType": "GravelRide",
        "distanceInMeter": 100000,
        "timeInSeconds": 5
    },
    {
        "activityId": "activity-GravelRide-100000-6",
        "sportType": "GravelRide",
        "distanceInMeter": 100000,
        "timeInSeconds": 6
    },
    {
        "activityId": "activity-GravelRide-100000-7",
        "sportType": "GravelRide",
        "distanceInMeter": 100000,
        "timeInSeconds": 7
    },
    {
        "activityId": "activity-GravelRide-100000-8",
        "sportType": "GravelRide",
        "distanceInMeter": 100000,
        "timeInSeconds": 8
    },
    {
        "activityId": "activity-GravelRide-100000-9",
        "sportType": "GravelRide",
        "distanceInMeter": 100000,
        "timeInSeconds": 9
    },
    {
        "activityId": "activity-GravelRide-100000-10",
        "sportType": "GravelRide",
        "distanceInMeter": 100000,
        "timeInSeconds": 10
    },
    {
        "activityId": "activity-GravelRide-160934-1",
        "sportType": "GravelRide",
        "distanceInMeter": 160934,
        "timeInSeconds": 1
    },
    {
        "activityId": "activity-GravelRide-160934-2",
        "sportType": "GravelRide",
        "distanceInMeter": 160934,
        "timeInSeconds": 2
    },
    {
        "activityId": "activity-GravelRide-160934-3",
        "sportType": "GravelRide",
        "distanceInMeter": 160934,
        "timeInSeconds": 3
    },
    {
        "activityId": "activity-GravelRide-160934-4",
        "sportType": "GravelRide",
        "distanceInMeter": 160934,
        "timeInSeconds": 4
    },
    {
        "activityId": "activity-GravelRide-160934-5",
        "sportType": "GravelRide",
        "distanceInMeter": 160934,
        "timeInSeconds": 5
    },
    {
        "activityId": "activity-GravelRide-160934-6",
        "sportType": "GravelRide",
        "distanceInMeter": 160934,
        "timeInSeconds": 6
    },
    {
        "activityId": "activity-GravelRide-160934-7",
        "sportType": "GravelRide",
        "distanceInMeter": 160934,
        "timeInSeconds": 7
    },
    {
        "activityId": "activity-GravelRide-160934-8",
        "sportType": "GravelRide",
        "distanceInMeter": 160934,
        "timeInSeconds": 8
    },
    {
        "activityId": "activity-GravelRide-160934-9",
        "sportType": "GravelRide",
        "distanceInMeter": 160934,
        "timeInSeconds": 9
    },
    {
        "activityId": "activity-GravelRide-160934-10",
        "sportType": "GravelRide",
        "distanceInMeter": 160934,
        "timeInSeconds": 10
    },
    {
        "activityId": "activity-Ride-8046-1",
        "sportType": "Ride",
        "distanceInMeter": 8046,
        "timeInSeconds": 1
    },
    {
        "activityId": "activity-Ride-8046-2",
        "sportType": "Ride",
        "distanceInMeter": 8046,
        "timeInSeconds": 2
    },
    {
        "activityId": "activity-Ride-8046-3",
        "sportType": "Ride",
        "distanceInMeter": 8046,
        "timeInSeconds": 3
    },
    {
        "activityId": "activity-Ride-8046-4",
        "sportType": "Ride",
        "distanceInMeter": 8046,
        "timeInSeconds": 4
    },
    {
        "activityId": "activity-Ride-8046-5",
        "sportType": "Ride",
        "distanceInMeter": 8046,
        "timeInSeconds": 5
    },
    {
        "activityId": "activity-Ride-8046-6",
        "sportType": "Ride",
        "distanceInMeter": 8046,
        "timeInSeconds": 6
    },
    {
        "activityId": "activity-Ride-8046-7",
        "sportType": "Ride",
        "distanceInMeter": 8046,
        "timeInSeconds": 7
    },
    {
        "activityId": "activity-Ride-8046-8",
        "sportType": "Ride",
        "distanceInMeter": 8046,
        "timeInSeconds": 8
    },
    {
        "activityId": "activity-Ride-8046-9",
        "sportType": "Ride",
        "distanceInMeter": 8046,
        "timeInSeconds": 9
    },
    {
        "activityId": "activity-Ride-8046-10",
        "sportType": "Ride",
        "distanceInMeter": 8046,
        "timeInSeconds": 10
    },
    {
        "activityId": "activity-Ride-10000-1",
        "sportType": "Ride",
        "distanceInMeter": 10000,
        "timeInSeconds": 1
    },
    {
        "activityId": "activity-Ride-10000-2",
        "sportType": "Ride",
        "distanceInMeter": 10000,
        "timeInSeconds": 2
    },
    {
        "activityId": "activity-Ride-10000-3",
        "sportType": "Ride",
        "distanceInMeter": 10000,
        "timeInSeconds": 3
    },
    {
        "activityId": "activity-Ride-10000-4",
        "sportType": "Ride",
        "distanceInMeter": 10000,
        "timeInSeconds": 4
    },
    {
        "activityId": "activity-Ride-10000-5",
        "sportType": "Ride",
        "distanceInMeter": 10000,
        "timeInSeconds": 5
    },
    {
        "activityId": "activity-Ride-10000-6",
        "sportType": "Ride",
        "distanceInMeter": 10000,
        "timeInSeconds": 6
    },
    {
        "activityId": "activity-Ride-10000-7",
        "sportType": "Ride",
        "distanceInMeter": 10000,
        "timeInSeconds": 7
    },
    {
        "activityId": "activity-Ride-10000-8",
        "sportType": "Ride",
        "distanceInMeter": 10000,
        "timeInSeconds": 8
    },
    {
        "activityId": "activity-Ride-10000-9",
        "sportType": "Ride",
        "distanceInMeter": 10000,
        "timeInSeconds": 9
    },
    {
        "activityId": "activity-Ride-10000-10",
        "sportType": "Ride",
        "distanceInMeter": 10000,
        "timeInSeconds": 10
    },
    {
        "activityId": "activity-Ride-16093-1",
        "sportType": "Ride",
        "distanceInMeter": 16093,
        "timeInSeconds": 1
    },
    {
        "activityId": "activity-Ride-16093-2",
        "sportType": "Ride",
        "distanceInMeter": 16093,
        "timeInSeconds": 2
    },
    {
        "activityId": "activity-Ride-16093-3",
        "sportType": "Ride",
        "distanceInMeter": 16093,
        "timeInSeconds": 3
    },
    {
        "activityId": "activity-Ride-16093-4",
        "sportType": "Ride",
        "distanceInMeter": 16093,
        "timeInSeconds": 4
    },
    {
        "activityId": "activity-Ride-16093-5",
        "sportType": "Ride",
        "distanceInMeter": 16093,
        "timeInSeconds": 5
    },
    {
        "activityId": "activity-Ride-16093-6",
        "sportType": "Ride",
        "distanceInMeter": 16093,
        "timeInSeconds": 6
    },
    {
        "activityId": "activity-Ride-16093-7",
        "sportType": "Ride",
        "distanceInMeter": 16093,
        "timeInSeconds": 7
    },
    {
        "activityId": "activity-Ride-16093-8",
        "sportType": "Ride",
        "distanceInMeter": 16093,
        "timeInSeconds": 8
    },
    {
        "activityId": "activity-Ride-16093-9",
        "sportType": "Ride",
        "distanceInMeter": 16093,
        "timeInSeconds": 9
    },
    {
        "activityId": "activity-Ride-16093-10",
        "sportType": "Ride",
        "distanceInMeter": 16093,
        "timeInSeconds": 10
    },
    {
        "activityId": "activity-Ride-20000-1",
        "sportType": "Ride",
        "distanceInMeter": 20000,
        "timeInSeconds": 1
    },
    {
        "activityId": "activity-Ride-20000-2",
        "sportType": "Ride",
        "distanceInMeter": 20000,
        "timeInSeconds": 2
    },
    {
        "activityId": "activity-Ride-20000-3",
        "sportType": "Ride",
        "distanceInMeter": 20000,
        "timeInSeconds": 3
    },
    {
        "activityId": "activity-Ride-20000-4",
        "sportType": "Ride",
        "distanceInMeter": 20000,
        "timeInSeconds": 4
    },
    {
        "activityId": "activity-Ride-20000-5",
        "sportType": "Ride",
        "distanceInMeter": 20000,
        "timeInSeconds": 5
    },
    {
        "activityId": "activity-Ride-20000-6",
        "sportType": "Ride",
        "distanceInMeter": 20000,
        "timeInSeconds": 6
    },
    {
        "activityId": "activity-Ride-20000-7",
        "sportType": "Ride",
        "distanceInMeter": 20000,
        "timeInSeconds": 7
    },
    {
        "activityId": "activity-Ride-20000-8",
        "sportType": "Ride",
        "distanceInMeter": 20000,
        "timeInSeconds": 8
    },
    {
        "activityId": "activity-Ride-20000-9",
        "sportType": "Ride",
        "distanceInMeter": 20000,
        "timeInSeconds": 9
    },
    {
        "activityId": "activity-Ride-20000-10",
        "sportType": "Ride",
        "distanceInMeter": 20000,
        "timeInSeconds": 10
    },
    {
        "activityId": "activity-Ride-30000-1",
        "sportType": "Ride",
        "distanceInMeter": 30000,
        "timeInSeconds": 1
    },
    {
        "activityId": "activity-Ride-30000-2",
        "sportType": "Ride",
        "distanceInMeter": 30000,
        "timeInSeconds": 2
    },
    {
        "activityId": "activity-Ride-30000-3",
        "sportType": "Ride",
        "distanceInMeter": 30000,
        "timeInSeconds": 3
    },
    {
        "activityId": "activity-Ride-30000-4",
        "sportType": "Ride",
        "distanceInMeter": 30000,
        "timeInSeconds": 4
    },
    {
        "activityId": "activity-Ride-30000-5",
        "sportType": "Ride",
        "distanceInMeter": 30000,
        "timeInSeconds": 5
    },
    {
        "activityId": "activity-Ride-30000-6",
        "sportType": "Ride",
        "distanceInMeter": 30000,
        "timeInSeconds": 6
    },
    {
        "activityId": "activity-Ride-30000-7",
        "sportType": "Ride",
        "distanceInMeter": 30000,
        "timeInSeconds": 7
    },
    {
        "activityId": "activity-Ride-30000-8",
        "sportType": "Ride",
        "distanceInMeter": 30000,
        "timeInSeconds": 8
    },
    {
        "activityId": "activity-Ride-30000-9",
        "sportType": "Ride",
        "distanceInMeter": 30000,
        "timeInSeconds": 9
    },
    {
        "activityId": "activity-Ride-30000-10",
        "sportType": "Ride",
        "distanceInMeter": 30000,
        "timeInSeconds": 10
    },
    {
        "activityId": "activity-Ride-40000-1",
        "sportType": "Ride",
        "distanceInMeter": 40000,
        "timeInSeconds": 1
    },
    {
        "activityId": "activity-Ride-40000-2",
        "sportType": "Ride",
        "distanceInMeter": 40000,
        "timeInSeconds": 2
    },
    {
        "activityId": "activity-Ride-40000-3",
        "sportType": "Ride",
        "distanceInMeter": 40000,
        "timeInSeconds": 3
    },
    {
        "activityId": "activity-Ride-40000-4",
        "sportType": "Ride",
        "distanceInMeter": 40000,
        "timeInSeconds": 4
    },
    {
        "activityId": "activity-Ride-40000-5",
        "sportType": "Ride",
        "distanceInMeter": 40000,
        "timeInSeconds": 5
    },
    {
        "activityId": "activity-Ride-40000-6",
        "sportType": "Ride",
        "distanceInMeter": 40000,
        "timeInSeconds": 6
    },
    {
        "activityId": "activity-Ride-40000-7",
        "sportType": "Ride",
        "distanceInMeter": 40000,
        "timeInSeconds": 7
    },
    {
        "activityId": "activity-Ride-40000-8",
        "sportType": "Ride",
        "distanceInMeter": 40000,
        "timeInSeconds": 8
    },
    {
        "activityId": "activity-Ride-40000-9",
        "sportType": "Ride",
        "distanceInMeter": 40000,
        "timeInSeconds": 9
    },
    {
        "activityId": "activity-Ride-40000-10",
        "sportType": "Ride",
        "distanceInMeter": 40000,
        "timeInSeconds": 10
    },
    {
        "activityId": "activity-Ride-50000-1",
        "sportType": "Ride",
        "distanceInMeter": 50000,
        "timeInSeconds": 1
    },
    {
        "activityId": "activity-Ride-50000-2",
        "sportType": "Ride",
        "distanceInMeter": 50000,
        "timeInSeconds": 2
    },
    {
        "activityId": "activity-Ride-50000-3",
        "sportType": "Ride",
        "distanceInMeter": 50000,
        "timeInSeconds": 3
    },
    {
        "activityId": "activity-Ride-50000-4",
        "sportType": "Ride",
        "distanceInMeter": 50000,
        "timeInSeconds": 4
    },
    {
        "activityId": "activity-Ride-50000-5",
        "sportType": "Ride",
        "distanceInMeter": 50000,
        "timeInSeconds": 5
    },
    {
        "activityId": "activity-Ride-50000-6",
        "sportType": "Ride",
        "distanceInMeter": 50000,
        "timeInSeconds": 6
    },
    {
        "activityId": "activity-Ride-50000-7",
        "sportType": "Ride",
        "distanceInMeter": 50000,
        "timeInSeconds": 7
    },
    {
        "activityId": "activity-Ride-50000-8",
        "sportType": "Ride",
        "distanceInMeter": 50000,
        "timeInSeconds": 8
    },
    {
        "activityId": "activity-Ride-50000-9",
        "sportType": "Ride",
        "distanceInMeter": 50000,
        "timeInSeconds": 9
    },
    {
        "activityId": "activity-Ride-50000-10",
        "sportType": "Ride",
        "distanceInMeter": 50000,
        "timeInSeconds": 10
    },
    {
        "activityId": "activity-Ride-80000-1",
        "sportType": "Ride",
        "distanceInMeter": 80000,
        "timeInSeconds": 1
    },
    {
        "activityId": "activity-Ride-80000-2",
        "sportType": "Ride",
        "distanceInMeter": 80000,
        "timeInSeconds": 2
    },
    {
        "activityId": "activity-Ride-80000-3",
        "sportType": "Ride",
        "distanceInMeter": 80000,
        "timeInSeconds": 3
    },
    {
        "activityId": "activity-Ride-80000-4",
        "sportType": "Ride",
        "distanceInMeter": 80000,
        "timeInSeconds": 4
    },
    {
        "activityId": "activity-Ride-80000-5",
        "sportType": "Ride",
        "distanceInMeter": 80000,
        "timeInSeconds": 5
    },
    {
        "activityId": "activity-Ride-80000-6",
        "sportType": "Ride",
        "distanceInMeter": 80000,
        "timeInSeconds": 6
    },
    {
        "activityId": "activity-Ride-80000-7",
        "sportType": "Ride",
        "distanceInMeter": 80000,
        "timeInSeconds": 7
    },
    {
        "activityId": "activity-Ride-80000-8",
        "sportType": "Ride",
        "distanceInMeter": 80000,
        "timeInSeconds": 8
    },
    {
        "activityId": "activity-Ride-80000-9",
        "sportType": "Ride",
        "distanceInMeter": 80000,
        "timeInSeconds": 9
    },
    {
        "activityId": "activity-Ride-80000-10",
        "sportType": "Ride",
        "distanceInMeter": 80000,
        "timeInSeconds": 10
    },
    {
        "activityId": "activity-Ride-80467-1",
        "sportType": "Ride",
        "distanceInMeter": 80467,
        "timeInSeconds": 1
    },
    {
        "activityId": "activity-Ride-80467-2",
        "sportType": "Ride",
        "distanceInMeter": 80467,
        "timeInSeconds": 2
    },
    {
        "activityId": "activity-Ride-80467-3",
        "sportType": "Ride",
        "distanceInMeter": 80467,
        "timeInSeconds": 3
    },
    {
        "activityId": "activity-Ride-80467-4",
        "sportType": "Ride",
        "distanceInMeter": 80467,
        "timeInSeconds": 4
    },
    {
        "activityId": "activity-Ride-80467-5",
        "sportType": "Ride",
        "distanceInMeter": 80467,
        "timeInSeconds": 5
    },
    {
        "activityId": "activity-Ride-80467-6",
        "sportType": "Ride",
        "distanceInMeter": 80467,
        "timeInSeconds": 6
    },
    {
        "activityId": "activity-Ride-80467-7",
        "sportType": "Ride",
        "distanceInMeter": 80467,
        "timeInSeconds": 7
    },
    {
        "activityId": "activity-Ride-80467-8",
        "sportType": "Ride",
        "distanceInMeter": 80467,
        "timeInSeconds": 8
    },
    {
        "activityId": "activity-Ride-80467-9",
        "sportType": "Ride",
        "distanceInMeter": 80467,
        "timeInSeconds": 9
    },
    {
        "activityId": "activity-Ride-80467-10",
        "sportType": "Ride",
        "distanceInMeter": 80467,
        "timeInSeconds": 10
    },
    {
        "activityId": "activity-Ride-90000-1",
        "sportType": "Ride",
        "distanceInMeter": 90000,
        "timeInSeconds": 1
    },
    {
        "activityId": "activity-Ride-90000-2",
        "sportType": "Ride",
        "distanceInMeter": 90000,
        "timeInSeconds": 2
    },
    {
        "activityId": "activity-Ride-90000-3",
        "sportType": "Ride",
        "distanceInMeter": 90000,
        "timeInSeconds": 3
    },
    {
        "activityId": "activity-Ride-90000-4",
        "sportType": "Ride",
        "distanceInMeter": 90000,
        "timeInSeconds": 4
    },
    {
        "activityId": "activity-Ride-90000-5",
        "sportType": "Ride",
        "distanceInMeter": 90000,
        "timeInSeconds": 5
    },
    {
        "activityId": "activity-Ride-90000-6",
        "sportType": "Ride",
        "distanceInMeter": 90000,
        "timeInSeconds": 6
    },
    {
        "activityId": "activity-Ride-90000-7",
        "sportType": "Ride",
        "distanceInMeter": 90000,
        "timeInSeconds": 7
    },
    {
        "activityId": "activity-Ride-90000-8",
        "sportType": "Ride",
        "distanceInMeter": 90000,
        "timeInSeconds": 8
    },
    {
        "activityId": "activity-Ride-90000-9",
        "sportType": "Ride",
        "distanceInMeter": 90000,
        "timeInSeconds": 9
    },
    {
        "activityId": "activity-Ride-90000-10",
        "sportType": "Ride",
        "distanceInMeter": 90000,
        "timeInSeconds": 10
    },
    {
        "activityId": "activity-Ride-100000-1",
        "sportType": "Ride",
        "distanceInMeter": 100000,
        "timeInSeconds": 1
    },
    {
        "activityId": "activity-Ride-100000-2",
        "sportType": "Ride",
        "distanceInMeter": 100000,
        "timeInSeconds": 2
    },
    {
        "activityId": "activity-Ride-100000-3",
        "sportType": "Ride",
        "distanceInMeter": 100000,
        "timeInSeconds": 3
    },
    {
        "activityId": "activity-Ride-100000-4",
        "sportType": "Ride",
        "distanceInMeter": 100000,
        "timeInSeconds": 4
    },
    {
        "activityId": "activity-Ride-100000-5",
        "sportType": "Ride",
        "distanceInMeter": 100000,
        "timeInSeconds": 5
    },
    {
        "activityId": "activity-Ride-100000-6",
        "sportType": "Ride",
        "distanceInMeter": 100000,
        "timeInSeconds": 6
    },
    {
        "activityId": "activity-Ride-100000-7",
        "sportType": "Ride",
        "distanceInMeter": 100000,
        "timeInSeconds": 7
    },
    {
        "activityId": "activity-Ride-100000-8",
        "sportType": "Ride",
        "distanceInMeter": 100000,
        "timeInSeconds": 8
    },
    {
        "activityId": "activity-Ride-100000-9",
        "sportType": "Ride",
        "distanceInMeter": 100000,
        "timeInSeconds": 9
    },
    {
        "activityId": "activity-Ride-100000-10",
        "sportType": "Ride",
        "distanceInMeter": 100000,
        "timeInSeconds": 10
    },
    {
        "activityId": "activity-Ride-160934-1",
        "sportType": "Ride",
        "distanceInMeter": 160934,
        "timeInSeconds": 1
    },
    {
        "activityId": "activity-Ride-160934-2",
        "sportType": "Ride",
        "distanceInMeter": 160934,
        "timeInSeconds": 2
    },
    {
        "activityId": "activity-Ride-160934-3",
        "sportType": "Ride",
        "distanceInMeter": 160934,
        "timeInSeconds": 3
    },
    {
        "activityId": "activity-Ride-160934-4",
        "sportType": "Ride",
        "distanceInMeter": 160934,
        "timeInSeconds": 4
    },
    {
        "activityId": "activity-Ride-160934-5",
        "sportType": "Ride",
        "distanceInMeter": 160934,
        "timeInSeconds": 5
    },
    {
        "activityId": "activity-Ride-160934-6",
        "sportType": "Ride",
        "distanceInMeter": 160934,
        "timeInSeconds": 6
    },
    {
        "activityId": "activity-Ride-160934-7",
        "sportType": "Ride",
        "distanceInMeter": 160934,
        "timeInSeconds": 7
    },
    {
        "activityId": "activity-Ride-160934-8",
        "sportType": "Ride",
        "distanceInMeter": 160934,
        "timeInSeconds": 8
    },
    {
        "activityId": "activity-Ride-160934-9",
        "sportType": "Ride",
        "distanceInMeter": 160934,
        "timeInSeconds": 9
    },
    {
        "activityId": "activity-Ride-160934-10",
        "sportType": "Ride",
        "distanceInMeter": 160934,
        "timeInSeconds": 10
    }
]
