[
    {
        "activityId": "activity-Run-400-1",
        "sportType": "Run",
        "distanceInMeter": 400,
        "timeInSeconds": 1
    },
    {
        "activityId": "activity-Run-804-1",
        "sportType": "Run",
        "distanceInMeter": 804,
        "timeInSeconds": 1
    },
    {
        "activityId": "activity-Run-1000-1",
        "sportType": "Run",
        "distanceInMeter": 1000,
        "timeInSeconds": 1
    },
    {
        "activityId": "activity-Run-1609-1",
        "sportType": "Run",
        "distanceInMeter": 1609,
        "timeInSeconds": 1
    },
    {
        "activityId": "activity-Run-3218-1",
        "sportType": "Run",
        "distanceInMeter": 3218,
        "timeInSeconds": 1
    },
    {
        "activityId": "activity-Run-5000-1",
        "sportType": "Run",
        "distanceInMeter": 5000,
        "timeInSeconds": 1
    },
    {
        "activityId": "activity-Run-10000-1",
        "sportType": "Run",
        "distanceInMeter": 10000,
        "timeInSeconds": 1
    },
    {
        "activityId": "activity-Run-15000-1",
        "sportType": "Run",
        "distanceInMeter": 15000,
        "timeInSeconds": 1
    },
    {
        "activityId": "activity-Run-16093-1",
        "sportType": "Run",
        "distanceInMeter": 16093,
        "timeInSeconds": 1
    },
    {
        "activityId": "activity-Run-20000-1",
        "sportType": "Run",
        "distanceInMeter": 20000,
        "timeInSeconds": 1
    },
    {
        "activityId": "activity-Run-21097-1",
        "sportType": "Run",
        "distanceInMeter": 21097,
        "timeInSeconds": 1
    },
    {
        "activityId": "activity-Run-30000-1",
        "sportType": "Run",
        "distanceInMeter": 30000,
        "timeInSeconds": 1
    },
    {
        "activityId": "activity-Run-42194-1",
        "sportType": "Run",
        "distanceInMeter": 42194,
        "timeInSeconds": 1
    }
]
