[
    {
        "activityId": "activity-Run-400-1",
        "sportType": "Run",
        "distanceInMeter": 400,
        "timeInSeconds": 1
    },
    {
        "activityId": "activity-Run-400-2",
        "sportType": "Run",
        "distanceInMeter": 400,
        "timeInSeconds": 2
    },
    {
        "activityId": "activity-Run-400-3",
        "sportType": "Run",
        "distanceInMeter": 400,
        "timeInSeconds": 3
    },
    {
        "activityId": "activity-Run-400-4",
        "sportType": "Run",
        "distanceInMeter": 400,
        "timeInSeconds": 4
    },
    {
        "activityId": "activity-Run-400-5",
        "sportType": "Run",
        "distanceInMeter": 400,
        "timeInSeconds": 5
    },
    {
        "activityId": "activity-Run-400-6",
        "sportType": "Run",
        "distanceInMeter": 400,
        "timeInSeconds": 6
    },
    {
        "activityId": "activity-Run-400-7",
        "sportType": "Run",
        "distanceInMeter": 400,
        "timeInSeconds": 7
    },
    {
        "activityId": "activity-Run-400-8",
        "sportType": "Run",
        "distanceInMeter": 400,
        "timeInSeconds": 8
    },
    {
        "activityId": "activity-Run-400-9",
        "sportType": "Run",
        "distanceInMeter": 400,
        "timeInSeconds": 9
    },
    {
        "activityId": "activity-Run-400-10",
        "sportType": "Run",
        "distanceInMeter": 400,
        "timeInSeconds": 10
    },
    {
        "activityId": "activity-Run-804-1",
        "sportType": "Run",
        "distanceInMeter": 804,
        "timeInSeconds": 1
    },
    {
        "activityId": "activity-Run-804-2",
        "sportType": "Run",
        "distanceInMeter": 804,
        "timeInSeconds": 2
    },
    {
        "activityId": "activity-Run-804-3",
        "sportType": "Run",
        "distanceInMeter": 804,
        "timeInSeconds": 3
    },
    {
        "activityId": "activity-Run-804-4",
        "sportType": "Run",
        "distanceInMeter": 804,
        "timeInSeconds": 4
    },
    {
        "activityId": "activity-Run-804-5",
        "sportType": "Run",
        "distanceInMeter": 804,
        "timeInSeconds": 5
    },
    {
        "activityId": "activity-Run-804-6",
        "sportType": "Run",
        "distanceInMeter": 804,
        "timeInSeconds": 6
    },
    {
        "activityId": "activity-Run-804-7",
        "sportType": "Run",
        "distanceInMeter": 804,
        "timeInSeconds": 7
    },
    {
        "activityId": "activity-Run-804-8",
        "sportType": "Run",
        "distanceInMeter": 804,
        "timeInSeconds": 8
    },
    {
        "activityId": "activity-Run-804-9",
        "sportType": "Run",
        "distanceInMeter": 804,
        "timeInSeconds": 9
    },
    {
        "activityId": "activity-Run-804-10",
        "sportType": "Run",
        "distanceInMeter": 804,
        "timeInSeconds": 10
    },
    {
        "activityId": "activity-Run-1000-1",
        "sportType": "Run",
        "distanceInMeter": 1000,
        "timeInSeconds": 1
    },
    {
        "activityId": "activity-Run-1000-2",
        "sportType": "Run",
        "distanceInMeter": 1000,
        "timeInSeconds": 2
    },
    {
        "activityId": "activity-Run-1000-3",
        "sportType": "Run",
        "distanceInMeter": 1000,
        "timeInSeconds": 3
    },
    {
        "activityId": "activity-Run-1000-4",
        "sportType": "Run",
        "distanceInMeter": 1000,
        "timeInSeconds": 4
    },
    {
        "activityId": "activity-Run-1000-5",
        "sportType": "Run",
        "distanceInMeter": 1000,
        "timeInSeconds": 5
    },
    {
        "activityId": "activity-Run-1000-6",
        "sportType": "Run",
        "distanceInMeter": 1000,
        "timeInSeconds": 6
    },
    {
        "activityId": "activity-Run-1000-7",
        "sportType": "Run",
        "distanceInMeter": 1000,
        "timeInSeconds": 7
    },
    {
        "activityId": "activity-Run-1000-8",
        "sportType": "Run",
        "distanceInMeter": 1000,
        "timeInSeconds": 8
    },
    {
        "activityId": "activity-Run-1000-9",
        "sportType": "Run",
        "distanceInMeter": 1000,
        "timeInSeconds": 9
    },
    {
        "activityId": "activity-Run-1000-10",
        "sportType": "Run",
        "distanceInMeter": 1000,
        "timeInSeconds": 10
    },
    {
        "activityId": "activity-Run-1609-1",
        "sportType": "Run",
        "distanceInMeter": 1609,
        "timeInSeconds": 1
    },
    {
        "activityId": "activity-Run-1609-2",
        "sportType": "Run",
        "distanceInMeter": 1609,
        "timeInSeconds": 2
    },
    {
        "activityId": "activity-Run-1609-3",
        "sportType": "Run",
        "distanceInMeter": 1609,
        "timeInSeconds": 3
    },
    {
        "activityId": "activity-Run-1609-4",
        "sportType": "Run",
        "distanceInMeter": 1609,
        "timeInSeconds": 4
    },
    {
        "activityId": "activity-Run-1609-5",
        "sportType": "Run",
        "distanceInMeter": 1609,
        "timeInSeconds": 5
    },
    {
        "activityId": "activity-Run-1609-6",
        "sportType": "Run",
        "distanceInMeter": 1609,
        "timeInSeconds": 6
    },
    {
        "activityId": "activity-Run-1609-7",
        "sportType": "Run",
        "distanceInMeter": 1609,
        "timeInSeconds": 7
    },
    {
        "activityId": "activity-Run-1609-8",
        "sportType": "Run",
        "distanceInMeter": 1609,
        "timeInSeconds": 8
    },
    {
        "activityId": "activity-Run-1609-9",
        "sportType": "Run",
        "distanceInMeter": 1609,
        "timeInSeconds": 9
    },
    {
        "activityId": "activity-Run-1609-10",
        "sportType": "Run",
        "distanceInMeter": 1609,
        "timeInSeconds": 10
    },
    {
        "activityId": "activity-Run-3218-1",
        "sportType": "Run",
        "distanceInMeter": 3218,
        "timeInSeconds": 1
    },
    {
        "activityId": "activity-Run-3218-2",
        "sportType": "Run",
        "distanceInMeter": 3218,
        "timeInSeconds": 2
    },
    {
        "activityId": "activity-Run-3218-3",
        "sportType": "Run",
        "distanceInMeter": 3218,
        "timeInSeconds": 3
    },
    {
        "activityId": "activity-Run-3218-4",
        "sportType": "Run",
        "distanceInMeter": 3218,
        "timeInSeconds": 4
    },
    {
        "activityId": "activity-Run-3218-5",
        "sportType": "Run",
        "distanceInMeter": 3218,
        "timeInSeconds": 5
    },
    {
        "activityId": "activity-Run-3218-6",
        "sportType": "Run",
        "distanceInMeter": 3218,
        "timeInSeconds": 6
    },
    {
        "activityId": "activity-Run-3218-7",
        "sportType": "Run",
        "distanceInMeter": 3218,
        "timeInSeconds": 7
    },
    {
        "activityId": "activity-Run-3218-8",
        "sportType": "Run",
        "distanceInMeter": 3218,
        "timeInSeconds": 8
    },
    {
        "activityId": "activity-Run-3218-9",
        "sportType": "Run",
        "distanceInMeter": 3218,
        "timeInSeconds": 9
    },
    {
        "activityId": "activity-Run-3218-10",
        "sportType": "Run",
        "distanceInMeter": 3218,
        "timeInSeconds": 10
    },
    {
        "activityId": "activity-Run-5000-1",
        "sportType": "Run",
        "distanceInMeter": 5000,
        "timeInSeconds": 1
    },
    {
        "activityId": "activity-Run-5000-2",
        "sportType": "Run",
        "distanceInMeter": 5000,
        "timeInSeconds": 2
    },
    {
        "activityId": "activity-Run-5000-3",
        "sportType": "Run",
        "distanceInMeter": 5000,
        "timeInSeconds": 3
    },
    {
        "activityId": "activity-Run-5000-4",
        "sportType": "Run",
        "distanceInMeter": 5000,
        "timeInSeconds": 4
    },
    {
        "activityId": "activity-Run-5000-5",
        "sportType": "Run",
        "distanceInMeter": 5000,
        "timeInSeconds": 5
    },
    {
        "activityId": "activity-Run-5000-6",
        "sportType": "Run",
        "distanceInMeter": 5000,
        "timeInSeconds": 6
    },
    {
        "activityId": "activity-Run-5000-7",
        "sportType": "Run",
        "distanceInMeter": 5000,
        "timeInSeconds": 7
    },
    {
        "activityId": "activity-Run-5000-8",
        "sportType": "Run",
        "distanceInMeter": 5000,
        "timeInSeconds": 8
    },
    {
        "activityId": "activity-Run-5000-9",
        "sportType": "Run",
        "distanceInMeter": 5000,
        "timeInSeconds": 9
    },
    {
        "activityId": "activity-Run-5000-10",
        "sportType": "Run",
        "distanceInMeter": 5000,
        "timeInSeconds": 10
    },
    {
        "activityId": "activity-Run-10000-1",
        "sportType": "Run",
        "distanceInMeter": 10000,
        "timeInSeconds": 1
    },
    {
        "activityId": "activity-Run-10000-2",
        "sportType": "Run",
        "distanceInMeter": 10000,
        "timeInSeconds": 2
    },
    {
        "activityId": "activity-Run-10000-3",
        "sportType": "Run",
        "distanceInMeter": 10000,
        "timeInSeconds": 3
    },
    {
        "activityId": "activity-Run-10000-4",
        "sportType": "Run",
        "distanceInMeter": 10000,
        "timeInSeconds": 4
    },
    {
        "activityId": "activity-Run-10000-5",
        "sportType": "Run",
        "distanceInMeter": 10000,
        "timeInSeconds": 5
    },
    {
        "activityId": "activity-Run-10000-6",
        "sportType": "Run",
        "distanceInMeter": 10000,
        "timeInSeconds": 6
    },
    {
        "activityId": "activity-Run-10000-7",
        "sportType": "Run",
        "distanceInMeter": 10000,
        "timeInSeconds": 7
    },
    {
        "activityId": "activity-Run-10000-8",
        "sportType": "Run",
        "distanceInMeter": 10000,
        "timeInSeconds": 8
    },
    {
        "activityId": "activity-Run-10000-9",
        "sportType": "Run",
        "distanceInMeter": 10000,
        "timeInSeconds": 9
    },
    {
        "activityId": "activity-Run-10000-10",
        "sportType": "Run",
        "distanceInMeter": 10000,
        "timeInSeconds": 10
    },
    {
        "activityId": "activity-Run-15000-1",
        "sportType": "Run",
        "distanceInMeter": 15000,
        "timeInSeconds": 1
    },
    {
        "activityId": "activity-Run-15000-2",
        "sportType": "Run",
        "distanceInMeter": 15000,
        "timeInSeconds": 2
    },
    {
        "activityId": "activity-Run-15000-3",
        "sportType": "Run",
        "distanceInMeter": 15000,
        "timeInSeconds": 3
    },
    {
        "activityId": "activity-Run-15000-4",
        "sportType": "Run",
        "distanceInMeter": 15000,
        "timeInSeconds": 4
    },
    {
        "activityId": "activity-Run-15000-5",
        "sportType": "Run",
        "distanceInMeter": 15000,
        "timeInSeconds": 5
    },
    {
        "activityId": "activity-Run-15000-6",
        "sportType": "Run",
        "distanceInMeter": 15000,
        "timeInSeconds": 6
    },
    {
        "activityId": "activity-Run-15000-7",
        "sportType": "Run",
        "distanceInMeter": 15000,
        "timeInSeconds": 7
    },
    {
        "activityId": "activity-Run-15000-8",
        "sportType": "Run",
        "distanceInMeter": 15000,
        "timeInSeconds": 8
    },
    {
        "activityId": "activity-Run-15000-9",
        "sportType": "Run",
        "distanceInMeter": 15000,
        "timeInSeconds": 9
    },
    {
        "activityId": "activity-Run-15000-10",
        "sportType": "Run",
        "distanceInMeter": 15000,
        "timeInSeconds": 10
    },
    {
        "activityId": "activity-Run-16093-1",
        "sportType": "Run",
        "distanceInMeter": 16093,
        "timeInSeconds": 1
    },
    {
        "activityId": "activity-Run-16093-2",
        "sportType": "Run",
        "distanceInMeter": 16093,
        "timeInSeconds": 2
    },
    {
        "activityId": "activity-Run-16093-3",
        "sportType": "Run",
        "distanceInMeter": 16093,
        "timeInSeconds": 3
    },
    {
        "activityId": "activity-Run-16093-4",
        "sportType": "Run",
        "distanceInMeter": 16093,
        "timeInSeconds": 4
    },
    {
        "activityId": "activity-Run-16093-5",
        "sportType": "Run",
        "distanceInMeter": 16093,
        "timeInSeconds": 5
    },
    {
        "activityId": "activity-Run-16093-6",
        "sportType": "Run",
        "distanceInMeter": 16093,
        "timeInSeconds": 6
    },
    {
        "activityId": "activity-Run-16093-7",
        "sportType": "Run",
        "distanceInMeter": 16093,
        "timeInSeconds": 7
    },
    {
        "activityId": "activity-Run-16093-8",
        "sportType": "Run",
        "distanceInMeter": 16093,
        "timeInSeconds": 8
    },
    {
        "activityId": "activity-Run-16093-9",
        "sportType": "Run",
        "distanceInMeter": 16093,
        "timeInSeconds": 9
    },
    {
        "activityId": "activity-Run-16093-10",
        "sportType": "Run",
        "distanceInMeter": 16093,
        "timeInSeconds": 10
    },
    {
        "activityId": "activity-Run-20000-1",
        "sportType": "Run",
        "distanceInMeter": 20000,
        "timeInSeconds": 1
    },
    {
        "activityId": "activity-Run-20000-2",
        "sportType": "Run",
        "distanceInMeter": 20000,
        "timeInSeconds": 2
    },
    {
        "activityId": "activity-Run-20000-3",
        "sportType": "Run",
        "distanceInMeter": 20000,
        "timeInSeconds": 3
    },
    {
        "activityId": "activity-Run-20000-4",
        "sportType": "Run",
        "distanceInMeter": 20000,
        "timeInSeconds": 4
    },
    {
        "activityId": "activity-Run-20000-5",
        "sportType": "Run",
        "distanceInMeter": 20000,
        "timeInSeconds": 5
    },
    {
        "activityId": "activity-Run-20000-6",
        "sportType": "Run",
        "distanceInMeter": 20000,
        "timeInSeconds": 6
    },
    {
        "activityId": "activity-Run-20000-7",
        "sportType": "Run",
        "distanceInMeter": 20000,
        "timeInSeconds": 7
    },
    {
        "activityId": "activity-Run-20000-8",
        "sportType": "Run",
        "distanceInMeter": 20000,
        "timeInSeconds": 8
    },
    {
        "activityId": "activity-Run-20000-9",
        "sportType": "Run",
        "distanceInMeter": 20000,
        "timeInSeconds": 9
    },
    {
        "activityId": "activity-Run-20000-10",
        "sportType": "Run",
        "distanceInMeter": 20000,
        "timeInSeconds": 10
    },
    {
        "activityId": "activity-Run-21097-1",
        "sportType": "Run",
        "distanceInMeter": 21097,
        "timeInSeconds": 1
    },
    {
        "activityId": "activity-Run-21097-2",
        "sportType": "Run",
        "distanceInMeter": 21097,
        "timeInSeconds": 2
    },
    {
        "activityId": "activity-Run-21097-3",
        "sportType": "Run",
        "distanceInMeter": 21097,
        "timeInSeconds": 3
    },
    {
        "activityId": "activity-Run-21097-4",
        "sportType": "Run",
        "distanceInMeter": 21097,
        "timeInSeconds": 4
    },
    {
        "activityId": "activity-Run-21097-5",
        "sportType": "Run",
        "distanceInMeter": 21097,
        "timeInSeconds": 5
    },
    {
        "activityId": "activity-Run-21097-6",
        "sportType": "Run",
        "distanceInMeter": 21097,
        "timeInSeconds": 6
    },
    {
        "activityId": "activity-Run-21097-7",
        "sportType": "Run",
        "distanceInMeter": 21097,
        "timeInSeconds": 7
    },
    {
        "activityId": "activity-Run-21097-8",
        "sportType": "Run",
        "distanceInMeter": 21097,
        "timeInSeconds": 8
    },
    {
        "activityId": "activity-Run-21097-9",
        "sportType": "Run",
        "distanceInMeter": 21097,
        "timeInSeconds": 9
    },
    {
        "activityId": "activity-Run-21097-10",
        "sportType": "Run",
        "distanceInMeter": 21097,
        "timeInSeconds": 10
    },
    {
        "activityId": "activity-Run-30000-1",
        "sportType": "Run",
        "distanceInMeter": 30000,
        "timeInSeconds": 1
    },
    {
        "activityId": "activity-Run-30000-2",
        "sportType": "Run",
        "distanceInMeter": 30000,
        "timeInSeconds": 2
    },
    {
        "activityId": "activity-Run-30000-3",
        "sportType": "Run",
        "distanceInMeter": 30000,
        "timeInSeconds": 3
    },
    {
        "activityId": "activity-Run-30000-4",
        "sportType": "Run",
        "distanceInMeter": 30000,
        "timeInSeconds": 4
    },
    {
        "activityId": "activity-Run-30000-5",
        "sportType": "Run",
        "distanceInMeter": 30000,
        "timeInSeconds": 5
    },
    {
        "activityId": "activity-Run-30000-6",
        "sportType": "Run",
        "distanceInMeter": 30000,
        "timeInSeconds": 6
    },
    {
        "activityId": "activity-Run-30000-7",
        "sportType": "Run",
        "distanceInMeter": 30000,
        "timeInSeconds": 7
    },
    {
        "activityId": "activity-Run-30000-8",
        "sportType": "Run",
        "distanceInMeter": 30000,
        "timeInSeconds": 8
    },
    {
        "activityId": "activity-Run-30000-9",
        "sportType": "Run",
        "distanceInMeter": 30000,
        "timeInSeconds": 9
    },
    {
        "activityId": "activity-Run-30000-10",
        "sportType": "Run",
        "distanceInMeter": 30000,
        "timeInSeconds": 10
    },
    {
        "activityId": "activity-Run-42194-1",
        "sportType": "Run",
        "distanceInMeter": 42194,
        "timeInSeconds": 1
    },
    {
        "activityId": "activity-Run-42194-2",
        "sportType": "Run",
        "distanceInMeter": 42194,
        "timeInSeconds": 2
    },
    {
        "activityId": "activity-Run-42194-3",
        "sportType": "Run",
        "distanceInMeter": 42194,
        "timeInSeconds": 3
    },
    {
        "activityId": "activity-Run-42194-4",
        "sportType": "Run",
        "distanceInMeter": 42194,
        "timeInSeconds": 4
    },
    {
        "activityId": "activity-Run-42194-5",
        "sportType": "Run",
        "distanceInMeter": 42194,
        "timeInSeconds": 5
    },
    {
        "activityId": "activity-Run-42194-6",
        "sportType": "Run",
        "distanceInMeter": 42194,
        "timeInSeconds": 6
    },
    {
        "activityId": "activity-Run-42194-7",
        "sportType": "Run",
        "distanceInMeter": 42194,
        "timeInSeconds": 7
    },
    {
        "activityId": "activity-Run-42194-8",
        "sportType": "Run",
        "distanceInMeter": 42194,
        "timeInSeconds": 8
    },
    {
        "activityId": "activity-Run-42194-9",
        "sportType": "Run",
        "distanceInMeter": 42194,
        "timeInSeconds": 9
    },
    {
        "activityId": "activity-Run-42194-10",
        "sportType": "Run",
        "distanceInMeter": 42194,
        "timeInSeconds": 10
    }
]
