Importing segments and efforts...
  => Added 1 new segments and 1 new segment efforts