Importing activity splits...
  => Added 27 new activity splits for 1 activities