<html><body>
<nav class="flex mb-5" aria-label="Breadcrumb">
    <ol class="inline-flex items-center space-x-1 text-sm font-medium md:space-x-2">
        <li class="inline-flex items-center">
            <a href="#" data-router-navigate="/dashboard" class="inline-flex items-center text-gray-700 hover:text-primary-600 hover:underline">
                <svg class="w-5 h-5 mr-2.5" fill="currentColor" viewbox="0 0 20 20" xmlns="http://www.w3.org/2000/svg"><path d="M10.707 2.293a1 1 0 00-1.414 0l-7 7a1 1 0 001.414 1.414L4 10.414V17a1 1 0 001 1h2a1 1 0 001-1v-2a1 1 0 011-1h2a1 1 0 011 1v2a1 1 0 001 1h2a1 1 0 001-1v-6.586l.293.293a1 1 0 001.414-1.414l-7-7z"></path></svg>
                Dashboard
            </a>
        </li>
            <li>
        <div class="flex items-center">
            <svg class="w-6 h-6 text-gray-400" fill="currentColor" viewbox="0 0 20 20" xmlns="http://www.w3.org/2000/svg"><path fill-rule="evenodd" d="M7.293 14.707a1 1 0 010-1.414L10.586 10 7.293 6.707a1 1 0 011.414-1.414l4 4a1 1 0 010 1.414l-4 4a1 1 0 01-1.414 0z" clip-rule="evenodd"></path></svg>
            <a href="#" data-router-navigate="/monthly-stats" class="ml-1 text-gray-700 hover:text-primary-600 md:ml-2">Monthly stats</a>
        </div>
    </li>
    </ol>
</nav>
            <!-- MONTHLY STATS -->
        <div class="grid grid-cols-1 mb-4">
            <div class="p-4 bg-white border border-gray-200 rounded-lg shadow-xs">
                <div class="overflow-auto max-h-[calc(100vh-200px)] relative">
                    <table class="w-full text-sm text-center text-gray-500">
                        <thead class="z-10 sticky top-0 text-xs text-gray-700 uppercase bg-gray-50">
                        <tr>
                            <th scope="col" class="px-2 py-3 sticky left-0 bg-gray-50">

                            </th>
                            <th scope="col" class="px-2 py-3">
                                # workouts
                            </th>
                            <th scope="col" class="px-2 py-3">
                                <div class="flex items-center justify-center">
                                    <svg class="w-7 h-7" viewbox="0 0 24 24" fill="none" xmlns="http://www.w3.org/2000/svg">
    <path d="M9 21C7.9 21 6.95833 20.6083 6.175 19.825C5.39167 19.0417 5 18.1 5 17V8.825C4.41667 8.60833 3.9375 8.24583 3.5625 7.7375C3.1875 7.22917 3 6.65 3 6C3 5.16667 3.29167 4.45833 3.875 3.875C4.45833 3.29167 5.16667 3 6 3C6.83333 3 7.54167 3.29167 8.125 3.875C8.70833 4.45833 9 5.16667 9 6C9 6.65 8.8125 7.22917 8.4375 7.7375C8.0625 8.24583 7.58333 8.60833 7 8.825V17C7 17.55 7.19583 18.0208 7.5875 18.4125C7.97917 18.8042 8.45 19 9 19C9.55 19 10.0208 18.8042 10.4125 18.4125C10.8042 18.0208 11 17.55 11 17V7C11 5.9 11.3917 4.95833 12.175 4.175C12.9583 3.39167 13.9 3 15 3C16.1 3 17.0417 3.39167 17.825 4.175C18.6083 4.95833 19 5.9 19 7V15.175C19.5833 15.3917 20.0625 15.7542 20.4375 16.2625C20.8125 16.7708 21 17.35 21 18C21 18.8333 20.7083 19.5417 20.125 20.125C19.5417 20.7083 18.8333 21 18 21C17.1667 21 16.4583 20.7083 15.875 20.125C15.2917 19.5417 15 18.8333 15 18C15 17.35 15.1875 16.7667 15.5625 16.25C15.9375 15.7333 16.4167 15.375 17 15.175V7C17 6.45 16.8042 5.97917 16.4125 5.5875C16.0208 5.19583 15.55 5 15 5C14.45 5 13.9792 5.19583 13.5875 5.5875C13.1958 5.97917 13 6.45 13 7V17C13 18.1 12.6083 19.0417 11.825 19.825C11.0417 20.6083 10.1 21 9 21ZM6 7C6.28333 7 6.52083 6.90417 6.7125 6.7125C6.90417 6.52083 7 6.28333 7 6C7 5.71667 6.90417 5.47917 6.7125 5.2875C6.52083 5.09583 6.28333 5 6 5C5.71667 5 5.47917 5.09583 5.2875 5.2875C5.09583 5.47917 5 5.71667 5 6C5 6.28333 5.09583 6.52083 5.2875 6.7125C5.47917 6.90417 5.71667 7 6 7ZM18 19C18.2833 19 18.5208 18.9042 18.7125 18.7125C18.9042 18.5208 19 18.2833 19 18C19 17.7167 18.9042 17.4792 18.7125 17.2875C18.5208 17.0958 18.2833 17 18 17C17.7167 17 17.4792 17.0958 17.2875 17.2875C17.0958 17.4792 17 17.7167 17 18C17 18.2833 17.0958 18.5208 17.2875 18.7125C17.4792 18.9042 17.7167 19 18 19Z" fill="#F26722"></path>
</svg>
                                </div>
                            </th>
                            <th scope="col" class="px-2 py-3">
                                <div class="flex items-center justify-center">
                                    <svg class="w-7 h-7" xmlns="http://www.w3.org/2000/svg" viewbox="0 0 24 24"><path fill="#F26722" d="M21.85,17.47l-5-8a1,1,0,0,0-1.7,0l-1,1.63L10.86,5.5a1,1,0,0,0-1.72,0l-7,12A1,1,0,0,0,3,19H21a1,1,0,0,0,.85-1.53ZM10.45,17H4.74L10,8l2.93,5Zm2.35,0L15,13.57h0L16,11.89,19.2,17Z"></path></svg>
                                </div>
                            </th>
                            <th scope="col" class="px-2 py-3">
                                <div class="flex items-center justify-center">
                                    <svg class="w-7 h-7" xmlns="http://www.w3.org/2000/svg" viewbox="0 0 24 24" fill="none"><path d="M12 8V12L15 15" stroke="#F26722" stroke-width="2" stroke-linecap="round"></path><circle cx="12" cy="12" r="9" stroke="#F26722" stroke-width="2"></circle></svg>
                                </div>
                            </th>
                            <th scope="col" class="px-2 py-3">
                                <div class="flex items-center justify-center">
                                    <svg class="w-7 h-7" xmlns="http://www.w3.org/2000/svg" viewbox="0 0 24 24"><path fill="#F26722" d="m8.468 8.395-.002.001-.003.002Zm9.954-.187a1.237 1.237 0 0 0-.23-.175 1 1 0 0 0-1.4.411 5.782 5.782 0 0 1-1.398 1.778 8.664 8.664 0 0 0 .134-1.51 8.714 8.714 0 0 0-4.4-7.582 1 1 0 0 0-1.492.806 7.017 7.017 0 0 1-2.471 4.942l-.23.187a8.513 8.513 0 0 0-1.988 1.863 8.983 8.983 0 0 0 3.656 13.908 1 1 0 0 0 1.377-.926 1.05 1.05 0 0 0-.05-.312 6.977 6.977 0 0 1-.19-2.581 9.004 9.004 0 0 0 4.313 4.016.997.997 0 0 0 .715.038 8.995 8.995 0 0 0 3.654-14.863Zm-3.905 12.831a6.964 6.964 0 0 1-3.577-4.402 8.908 8.908 0 0 1-.18-.964 1 1 0 0 0-.799-.845.982.982 0 0 0-.191-.018 1 1 0 0 0-.867.5 8.959 8.959 0 0 0-1.205 4.718 6.985 6.985 0 0 1-1.176-9.868 6.555 6.555 0 0 1 1.562-1.458.745.745 0 0 0 .075-.055s.296-.245.306-.25a8.968 8.968 0 0 0 2.9-4.633 6.736 6.736 0 0 1 1.385 8.088 1 1 0 0 0 1.184 1.418 7.856 7.856 0 0 0 3.862-2.688 7 7 0 0 1-3.279 10.457Z"></path></svg>
                                </div>
                            </th>
                            <th scope="col" class="px-2 py-3">
                                <div class="flex items-center justify-center">
                                    <svg class="w-7 h-7" xmlns="http://www.w3.org/2000/svg" viewbox="0 0 24 24"><path fill="#F26722" d="M20.87,17.25l-2.71-4.68A6.9,6.9,0,0,0,19,9.25a7,7,0,0,0-14,0,6.9,6.9,0,0,0,.84,3.32L3.13,17.25A1,1,0,0,0,4,18.75l2.87,0,1.46,2.46a1,1,0,0,0,.18.22,1,1,0,0,0,.69.28h.14a1,1,0,0,0,.73-.49L12,17.9l1.93,3.35a1,1,0,0,0,.73.48h.14a1,1,0,0,0,.7-.28.87.87,0,0,0,.17-.21l1.46-2.46,2.87,0a1,1,0,0,0,.87-.5A1,1,0,0,0,20.87,17.25ZM9.19,18.78,8.3,17.29a1,1,0,0,0-.85-.49l-1.73,0,1.43-2.48a7,7,0,0,0,3.57,1.84ZM12,14.25a5,5,0,1,1,5-5A5,5,0,0,1,12,14.25Zm4.55,2.55a1,1,0,0,0-.85.49l-.89,1.49-1.52-2.65a7.06,7.06,0,0,0,3.56-1.84l1.43,2.48Z"></path></svg>
                                </div>
                            </th>
                        </tr>
                        </thead>
                        <tbody>
                                                    <tr class="bg-white border-b">
                                <th scope="row" class="sticky left-0 w-36 px-2 py-2 text-right font-medium text-gray-900 whitespace-nowrap bg-white">
                                    <a href="#" data-model-content-url="/month/month-2023-09.html" class="text-blue-600 hover:underline">
                                        September 2023
                                    </a>
                                </th>
                                <td class="px-2 py-2 truncate">
                                    4
                                </td>
                                <td class="px-2 py-2 truncate">
                                    24<span class="text-xs">km</span>

                                </td>
                                <td class="px-2 py-2 truncate">
                                    36<span class="text-xs">m</span>

                                </td>
                                <td class="px-2 py-2 truncate">
                                    1h 6m
                                </td>
                                <td class="px-2 py-2 truncate">
                                    652<span class="text-xs">kcal</span>
                                </td>
                                <td class="px-2 py-2 truncate">
                                    0
                                </td>
                            </tr>
                                                    <tr class="border-b bg-gray-50">
                                <th scope="row" class="sticky left-0 w-36 px-2 py-2 text-right font-medium text-gray-900 whitespace-nowrap bg-gray-50">
                                    <a href="#" data-model-content-url="/month/month-2023-08.html" class="text-blue-600 hover:underline">
                                        August 2023
                                    </a>
                                </th>
                                <td class="px-2 py-2 truncate">
                                    1
                                </td>
                                <td class="px-2 py-2 truncate">
                                    34<span class="text-xs">km</span>

                                </td>
                                <td class="px-2 py-2 truncate">
                                    278<span class="text-xs">m</span>

                                </td>
                                <td class="px-2 py-2 truncate">
                                    1h 3m
                                </td>
                                <td class="px-2 py-2 truncate">
                                    695<span class="text-xs">kcal</span>
                                </td>
                                <td class="px-2 py-2 truncate">
                                    0
                                </td>
                            </tr>
                                                    <tr class="bg-white border-b">
                                <th scope="row" class="sticky left-0 w-36 px-2 py-2 text-right font-medium text-gray-900 whitespace-nowrap bg-white">
                                    <a href="#" data-model-content-url="/month/month-2023-07.html" class="text-blue-600 hover:underline">
                                        July 2023
                                    </a>
                                </th>
                                <td class="px-2 py-2 truncate">
                                    5
                                </td>
                                <td class="px-2 py-2 truncate">
                                    171<span class="text-xs">km</span>

                                </td>
                                <td class="px-2 py-2 truncate">
                                    601<span class="text-xs">m</span>

                                </td>
                                <td class="px-2 py-2 truncate">
                                    3h 42m
                                </td>
                                <td class="px-2 py-2 truncate">
                                    2 269<span class="text-xs">kcal</span>
                                </td>
                                <td class="px-2 py-2 truncate">
                                    0
                                </td>
                            </tr>
                                                    <tr class="border-b bg-gray-50">
                                <th scope="row" class="sticky left-0 w-36 px-2 py-2 text-right font-medium text-gray-900 whitespace-nowrap bg-gray-50">
                                    <a href="#" data-model-content-url="/month/month-2022-07.html" class="text-blue-600 hover:underline">
                                        July 2022
                                    </a>
                                </th>
                                <td class="px-2 py-2 truncate">
                                    2
                                </td>
                                <td class="px-2 py-2 truncate">
                                    50<span class="text-xs">km</span>

                                </td>
                                <td class="px-2 py-2 truncate">
                                    556<span class="text-xs">m</span>

                                </td>
                                <td class="px-2 py-2 truncate">
                                    2h 6m
                                </td>
                                <td class="px-2 py-2 truncate">
                                    1 390<span class="text-xs">kcal</span>
                                </td>
                                <td class="px-2 py-2 truncate">
                                    0
                                </td>
                            </tr>
                                                </tbody>
                        <tfoot>
                                                                                <tr class="font-semibold text-gray-900 border-t-4">
                                <td class="px-2 py-2 text-right sticky left-0 bg-white">
                                    Rides
                                </td>
                                <td class="px-2 py-2">
                                    7
                                </td>
                                <td class="px-2 py-2">
                                    162<span class="text-xs">km</span>

                                </td>
                                <td class="px-2 py-2">
                                    81<span class="text-xs">m</span>

                                </td>
                                <td class="px-2 py-2">
                                    2h 42m
                                </td>
                                <td class="px-2 py-2">
                                    1 531<span class="text-xs">kcal</span>
                                </td>
                                <td class="px-2 py-2">
                                </td>
                            </tr>
                                                                                <tr class="font-semibold text-gray-900 ">
                                <td class="px-2 py-2 text-right sticky left-0 bg-white">
                                    Virtual Rides
                                </td>
                                <td class="px-2 py-2">
                                    4
                                </td>
                                <td class="px-2 py-2">
                                    67<span class="text-xs">km</span>

                                </td>
                                <td class="px-2 py-2">
                                    1 112<span class="text-xs">m</span>

                                </td>
                                <td class="px-2 py-2">
                                    4h 12m
                                </td>
                                <td class="px-2 py-2">
                                    2 780<span class="text-xs">kcal</span>
                                </td>
                                <td class="px-2 py-2">
                                </td>
                            </tr>
                                                                                <tr class="font-semibold text-gray-900 ">
                                <td class="px-2 py-2 text-right sticky left-0 bg-white">
                                    Runs
                                </td>
                                <td class="px-2 py-2">
                                    1
                                </td>
                                <td class="px-2 py-2">
                                    50<span class="text-xs">km</span>

                                </td>
                                <td class="px-2 py-2">
                                    278<span class="text-xs">m</span>

                                </td>
                                <td class="px-2 py-2">
                                    1h 3m
                                </td>
                                <td class="px-2 py-2">
                                    695<span class="text-xs">kcal</span>
                                </td>
                                <td class="px-2 py-2">
                                </td>
                            </tr>
                                                <tr class="font-semibold text-gray-900">
                            <td class="px-2 py-2 text-right sticky left-0 bg-white">
                                TOTAL
                            </td>
                            <td class="px-2 py-2">
                                12
                            </td>
                            <td class="px-2 py-2">
                                279<span class="text-xs">km</span>

                            </td>
                            <td class="px-2 py-2">
                                1 471<span class="text-xs">m</span>

                            </td>
                            <td class="px-2 py-2">
                                7h 58m
                            </td>
                            <td class="px-2 py-2">
                                5 006<span class="text-xs">kcal</span>
                            </td>
                            <td class="px-2 py-2">
                            </td>
                        </tr>
                        </tfoot>
                    </table>
                </div>
            </div>
        </div>
    
</body></html>
