[
    {
        "segmentId": "segment-2",
        "name": "Segment",
        "sportType": "Ride",
        "distance": 1000,
        "maxGradient": 5.3,
        "isFavourite": 1,
        "climbCategory": null,
        "deviceName": "Polar",
        "countryCode": "BE",
        "detailsHaveBeenImported": 1,
        "polyline": "DaLine2",
        "startingCoordinateLatitude": -3.0e-5,
        "startingCoordinateLongitude": 0.00209
    },
    {
        "segmentId": "segment-1",
        "name": "Segment One",
        "sportType": "Ride",
        "distance": 1000,
        "maxGradient": 5.3,
        "isFavourite": 0,
        "climbCategory": null,
        "deviceName": "Zwift",
        "countryCode": null,
        "detailsHaveBeenImported": 1,
        "polyline": "DaLine",
        "startingCoordinateLatitude": -3.0e-5,
        "startingCoordinateLongitude": 0.00209
    }
]
