Linking custom gear to activities...
<error>Activity "activity-without-gear-and-tagged" has multiple custom gear tags, this is not supported.</error>