[
    {
        "id": "b12659861",
        "totalDistanceInKilometer": 1450.147,
        "name": "Retro Race Bike",
        "isRetired": false
    }
]
