{
    "commandName": "App\\Domain\\App\\ConfigureAppLocale\\ConfigureAppLocale",
    "payload": []
}
