{
    "commandName": "App\\Domain\\App\\BuildGearStatsHtml\\BuildGearStatsHtml",
    "payload": {
        "now": "2023-10-17 16:15:04"
    }
}
