
Statistics for Strava
=====================

 Please copy all this output into the description of the bug ticket

 [WARNING] Do not forget to redact sensitive information                                                                

+---------------------------+------------------------------------------------------------+
| ENV variable              | Value                                                      |
+---------------------------+------------------------------------------------------------+
| APP_VERSION               | v2.0.0                                                     |
| STRAVA_CLIENT_ID          |                                                            |
| STRAVA_CLIENT_SECRET      |                                                            |
| STRAVA_REFRESH_TOKEN      |                                                            |
| IMPORT_AND_BUILD_SCHEDULE | * * * * *                                                  |
| TZ                        |                                                            |
+---------------------------+------------------------------------------------------------+
| APP_CONFIG_GENERAL        | {                                                          |
|                           |     "app_url": "http:\/\/localhost:8080\/",                |
|                           |     "profile_picture_url": null,                           |
|                           |     "ntfy_url": null,                                      |
|                           |     "athlete": {                                           |
|                           |         "birthday": "1989-08-14",                          |
|                           |         "max_heart_rate_formula": "fox",                   |
|                           |         "weight_history": {                                |
|                           |             "2020-01-01": 68                               |
|                           |         },                                                 |
|                           |         "ftp_history": {                                   |
|                           |             "2023-01-01": 198,                             |
|                           |             "2023-03-22": 220,                             |
|                           |             "2023-03-29": 238,                             |
|                           |             "2023-04-01": 250                              |
|                           |         }                                                  |
|                           |     }                                                      |
|                           | }                                                          |
+---------------------------+------------------------------------------------------------+
| APP_CONFIG_IMPORT         | {                                                          |
|                           |     "number_of_new_activities_to_process_per_import": 250, |
|                           |     "sport_types_to_import": [],                           |
|                           |     "activity_visibilities_to_import": [],                 |
|                           |     "skip_activities_recorded_before": null,               |
|                           |     "activities_to_skip_during_import": [                  |
|                           |         "skip"                                             |
|                           |     ]                                                      |
|                           | }                                                          |
+---------------------------+------------------------------------------------------------+
| APP_CONFIG_APPEARANCE     | {                                                          |
|                           |     "locale": "en_US",                                     |
|                           |     "unit_system": "metric",                               |
|                           |     "time_format": 24,                                     |
|                           |     "date_format": "DAY-MONTH-YEAR"                        |
|                           | }                                                          |
+---------------------------+------------------------------------------------------------+
| APP_CONFIG_ZWIFT          | {                                                          |
|                           |     "level": 80,                                           |
|                           |     "racing_score": 495                                    |
|                           | }                                                          |
+---------------------------+------------------------------------------------------------+
