{
    "commandName": "App\\Domain\\Strava\\Activity\\Split\\ImportActivitySplits\\ImportActivitySplits",
    "payload": {
        "output": {}
    }
}
