Running database migrations...
Database got vacuumed ğŸ§¹
Time: 10s, Memory: 45MB
