{
    "commandName": "App\\Domain\\Strava\\Ftp\\ImportFtp\\ImportFtp",
    "payload": {
        "output": {}
    }
}
