FindActiveDaysQueryHandler
FindActivityCountPerMonthQueryHandler
FindActivityLocationsQueryHandler
FindActivityStartTimesPerHourQueryHandler
FindAvailableRewindOptionsQueryHandler
FindCarbonSavedQueryHandler
FindConsistencyMetricsPerMonthQueryHandler
FindDistancePerMonthQueryHandler
FindElevationPerMonthQueryHandler
FindGearStatsPerDayQueryHandler
FindMonthlyStatsQueryHandler
FindMovingTimePerDayQueryHandler
FindMovingTimePerGearQueryHandler
FindMovingTimePerSportTypeQueryHandler
FindNumberOfRestDaysQueryHandler
FindPersonalRecordsPerMonthQueryHandler
FindSocialsMetricsQueryHandler
FindStreaksQueryHandler
FindYearlyStatsPerDayQueryHandler
FindYearlyStatsQueryHandler
