<html><body>
<nav class="flex mb-5" aria-label="Breadcrumb">
    <ol class="inline-flex items-center space-x-1 text-sm font-medium md:space-x-2">
        <li class="inline-flex items-center">
            <a href="#" data-router-navigate="dashboard" class="inline-flex items-center text-gray-700 hover:text-primary-600 hover:underline">
                <svg class="w-5 h-5 mr-2.5" fill="currentColor" viewbox="0 0 20 20" xmlns="http://www.w3.org/2000/svg"><path d="M10.707 2.293a1 1 0 00-1.414 0l-7 7a1 1 0 001.414 1.414L4 10.414V17a1 1 0 001 1h2a1 1 0 001-1v-2a1 1 0 011-1h2a1 1 0 011 1v2a1 1 0 001 1h2a1 1 0 001-1v-6.586l.293.293a1 1 0 001.414-1.414l-7-7z"></path></svg>
                Dashboard
            </a>
        </li>
            <li>
        <div class="flex items-center">
            <svg class="w-6 h-6 text-gray-400" fill="currentColor" viewbox="0 0 20 20" xmlns="http://www.w3.org/2000/svg">
                <path fill-rule="evenodd" d="M7.293 14.707a1 1 0 010-1.414L10.586 10 7.293 6.707a1 1 0 011.414-1.414l4 4a1 1 0 010 1.414l-4 4a1 1 0 01-1.414 0z" clip-rule="evenodd"></path>
            </svg>
            <a href="#" data-router-navigate="activities" class="ml-1 text-gray-700 hover:text-primary-600 md:ml-2">Activities</a>
        </div>
    </li>
    </ol>
</nav>
            <!-- ALL ACTIVITIES -->
        <div class="grid grid-cols-1">
            <div class="p-4 bg-white border border-gray-200 rounded-lg shadow-xs">
                <!--HTML-->
                <div data-datatable-settings='{"url":"fetch-json/activity-data-table.json"}' class="relative">
                    <form class="flex flex-col gap-y-2 mb-2" autocomplete="off">
                        <div class="flex items-center">
                            <label for="search" class="sr-only">Search</label>
                            <div class="relative w-full">
                                <div class="absolute inset-y-0 start-0 flex items-center ps-3 pointer-events-none">
                                    <svg class="w-4 h-4 text-gray-500" aria-hidden="true" xmlns="http://www.w3.org/2000/svg" fill="none" viewbox="0 0 20 20">
                                        <path stroke="currentColor" stroke-linecap="round" stroke-linejoin="round" stroke-width="2" d="m19 19-4-4m0-7A7 7 0 1 1 1 8a7 7 0 0 1 14 0Z"></path>
                                    </svg>
                                </div>
                                <input id="search" type="search" placeholder="Search activity..." class="bg-gray-50 border border-gray-300 text-gray-900 text-sm rounded-lg focus:ring-blue-500 focus:border-blue-500 block w-full ps-10 p-2.5">
                            </div>
                        </div>
                        <div class="flex flex-col sm:flex-row gap-2">
                                                        <div>
                                <button id="dropdownSportTypesButton" data-dropdown-toggle="dropdownSportTypes" data-dropdown-offset-distance="10" data-dropdown-offset-skidding="0" class="w-fit text-white bg-strava-orange hover:bg-orange-600 focus:ring-4 focus:outline-hidden focus:ring-orange-300 font-medium rounded-lg text-sm px-3 py-2 inline-flex items-center justify-between" type="button">
                                    <span>Filter on sport type</span>
                                    <svg class="w-2.5 h-2.5 ms-3" aria-hidden="true" xmlns="http://www.w3.org/2000/svg" fill="none" viewbox="0 0 10 6">
                                        <path stroke="currentColor" stroke-linecap="round" stroke-linejoin="round" stroke-width="2" d="m1 1 4 4 4-4"></path>
                                    </svg>
                                </button>
                                <div id="dropdownSportTypes" class="z-20 w-fit hidden border border-gray-200 bg-white divide-y divide-gray-100 rounded-lg shadow-xs">
                                    <ul class="max-h-48 overflow-y-auto px-1 py-2 space-y-1 text-sm text-gray-700" aria-labelledby="dropdownSportTypesButton">
                                                                                    <li>
                                                <div class="flex items-center gap-x-2 p-2 rounded-xs hover:bg-gray-100">
                                                    <input type="radio" id="Ride" data-datatable-filter="sportType" name="sportType" value="Ride" class="w-4 h-4 peer text-strava-orange bg-gray-100 border-gray-300 focus:ring-orange-500 focus:ring-2">
                                                    <label for="Ride" class="flex gap-x-1 items-center text-sm font-medium text-gray-500 cursor-pointer peer-checked:text-strava-orange hover:text-gray-600 hover:bg-gray-100">
                                                        <svg class="h-4 shrink-0" viewbox="0 0 24 24" xmlns="http://www.w3.org/2000/svg" fill="#F26722"><path d="M4 4v2h1.705l1.428 2.498-.836 1.672A5 5 0 109.9 16H11a1 1 0 00.868-.504l3.607-6.313.639 1.733a5 5 0 101.835-.806L16.434 6H19.5a.5.5 0 010 1H19v2h.5a2.5 2.5 0 000-5H15a1 1 0 00-.938 1.346L14.672 7H8.58L8.01 6H9V4zm4.325 6.585L10.277 14H6.618zM11.5 12.11L9.723 9h3.554zM5 12c.125 0 .25.008.37.023l-1.264 2.53A1 1 0 005 16h2.83A3.001 3.001 0 115 12zm11.848.91l1.06 2.874 1.876-.691-1.132-3.073a3 3 0 11-1.804.89z" fill=""></path></svg>
                                                        <div>Rides</div>
                                                    </label>
                                                    <a href="#" class="text-strava-orange text-sm underline invisible peer-checked:visible ml-auto" data-datatable-filter-clear="sportType">clear</a>
                                                </div>
                                            </li>
                                                                                    <li>
                                                <div class="flex items-center gap-x-2 p-2 rounded-xs hover:bg-gray-100">
                                                    <input type="radio" id="VirtualRide" data-datatable-filter="sportType" name="sportType" value="VirtualRide" class="w-4 h-4 peer text-strava-orange bg-gray-100 border-gray-300 focus:ring-orange-500 focus:ring-2">
                                                    <label for="VirtualRide" class="flex gap-x-1 items-center text-sm font-medium text-gray-500 cursor-pointer peer-checked:text-strava-orange hover:text-gray-600 hover:bg-gray-100">
                                                        <svg class="h-4 shrink-0" viewbox="0 0 24 24" xmlns="http://www.w3.org/2000/svg" fill="#F26722"><path d="M4 4v2h1.705l1.428 2.498-.836 1.672A5 5 0 109.9 16H11a1 1 0 00.868-.504l3.607-6.313.639 1.733a5 5 0 101.835-.806L16.434 6H19.5a.5.5 0 010 1H19v2h.5a2.5 2.5 0 000-5H15a1 1 0 00-.938 1.346L14.672 7H8.58L8.01 6H9V4zm4.325 6.585L10.277 14H6.618zM11.5 12.11L9.723 9h3.554zM5 12c.125 0 .25.008.37.023l-1.264 2.53A1 1 0 005 16h2.83A3.001 3.001 0 115 12zm11.848.91l1.06 2.874 1.876-.691-1.132-3.073a3 3 0 11-1.804.89z" fill=""></path></svg>
                                                        <div>Virtual Rides</div>
                                                    </label>
                                                    <a href="#" class="text-strava-orange text-sm underline invisible peer-checked:visible ml-auto" data-datatable-filter-clear="sportType">clear</a>
                                                </div>
                                            </li>
                                                                                    <li>
                                                <div class="flex items-center gap-x-2 p-2 rounded-xs hover:bg-gray-100">
                                                    <input type="radio" id="Run" data-datatable-filter="sportType" name="sportType" value="Run" class="w-4 h-4 peer text-strava-orange bg-gray-100 border-gray-300 focus:ring-orange-500 focus:ring-2">
                                                    <label for="Run" class="flex gap-x-1 items-center text-sm font-medium text-gray-500 cursor-pointer peer-checked:text-strava-orange hover:text-gray-600 hover:bg-gray-100">
                                                        <svg class="h-4 shrink-0" viewbox="0 0 24 24" xmlns="http://www.w3.org/2000/svg" fill="#F26722"><path d="M8.688 0C8.025 0 7.38.215 6.85.613l-3.32 2.49-2.845.948A1 1 0 000 5c0 1.579.197 2.772.567 3.734.376.978.907 1.654 1.476 2.223.305.305.6.567.886.82.785.697 1.5 1.33 2.159 2.634 1.032 2.57 2.37 4.748 4.446 6.27C11.629 22.218 14.356 23 18 23c2.128 0 3.587-.553 4.549-1.411a4.378 4.378 0 001.408-2.628c.152-.987-.389-1.787-.967-2.25l-3.892-3.114a1 1 0 01-.329-.477l-3.094-9.726A2 2 0 0013.769 2h-1.436a2 2 0 00-1.2.4l-.57.428-.516-1.803A1.413 1.413 0 008.688 0zM8.05 2.213c.069-.051.143-.094.221-.127l1.168 4.086L12.333 4h1.436l.954 3H12v2h3.36l.318 1H13v2h3.314l.55 1.726a3 3 0 00.984 1.433l3.106 2.485c-.77.19-1.778.356-2.954.356-1.97 0-3.178-.431-4.046-1.087-.895-.677-1.546-1.675-2.251-3.056-.224-.437-.45-.907-.688-1.403C9.875 10.08 8.444 7.1 5.531 4.102zM3.743 5.14c2.902 2.858 4.254 5.664 5.441 8.126.25.517.49 1.018.738 1.502.732 1.432 1.55 2.777 2.827 3.74C14.053 19.495 15.72 20 18 20c1.492 0 2.754-.23 3.684-.479a2.285 2.285 0 01-.467.575c-.5.446-1.435.904-3.217.904-3.356 0-5.629-.718-7.284-1.931-1.663-1.22-2.823-3.028-3.788-5.44a1.012 1.012 0 00-.034-.076c-.853-1.708-1.947-2.673-2.79-3.417a14.61 14.61 0 01-.647-.593c-.431-.431-.775-.88-1.024-1.527-.21-.545-.367-1.271-.417-2.3z" fill=""></path></svg>
                                                        <div>Runs</div>
                                                    </label>
                                                    <a href="#" class="text-strava-orange text-sm underline invisible peer-checked:visible ml-auto" data-datatable-filter-clear="sportType">clear</a>
                                                </div>
                                            </li>
                                                                            </ul>
                                </div>
                            </div>
                                                        <div>
                                <button id="dropdownDateRangeButton" data-dropdown-toggle="dropdownDateRange" type="button" class="w-fit text-strava-orange border border-strava-orange hover:border-orange-600 focus:ring-4 focus:outline-hidden focus:ring-orange-300 font-medium rounded-lg text-sm px-3 py-2 inline-flex items-center justify-between">
                                    <span>From - To</span>
                                    <svg class="w-2.5 h-2.5 ms-3" aria-hidden="true" xmlns="http://www.w3.org/2000/svg" fill="none" viewbox="0 0 10 6">
                                        <path stroke="currentColor" stroke-linecap="round" stroke-linejoin="round" stroke-width="2" d="m1 1 4 4 4-4"></path>
                                    </svg>
                                </button>
                                <div id="dropdownDateRange" class="z-20 w-fit hidden border border-gray-200 bg-white divide-y divide-gray-100 rounded-lg shadow-xs">
                                    <div class="flex items-center gap-x-2 p-3" aria-labelledby="dropdownDateRangeButton">
                                        <div class="flex items-center" data-datatable-filter="start-date[]">
                                            <input name="start-date[from]" type="date" class="bg-gray-50 border border-gray-300 text-gray-900 text-sm rounded-lg focus:ring-blue-500 focus:border-blue-500 block w-full p-2.5">
                                            <span class="mx-2 text-gray-500">to</span>
                                            <input name="start-date[to]" type="date" class="bg-gray-50 border border-gray-300 text-gray-900 text-sm rounded-lg focus:ring-blue-500 focus:border-blue-500 block w-full p-2.5">
                                        </div>
                                        <a href="#" class="text-strava-orange text-sm text-right underline" data-datatable-filter-clear="start-date">clear</a>
                                    </div>
                                </div>
                            </div>
                        </div>
                        <div class="text-xs text-gray-700">
                                                        <span class="font-bold" data-datatable-result-count>12</span> results based on your active filters
                            <a href="#" class="hidden text-strava-orange underline" data-datatable-reset>clear</a>
                        </div>
                    </form>
                    <div class="scroll-area overflow-auto max-h-[calc(100vh-285px)]">
                        <table class="w-full text-sm text-center text-gray-500">
                            <thead class="z-10 sticky top-0 text-xs text-gray-700 uppercase bg-gray-50">
                            <tr>
                                <th scope="col" data-datatable-sort="start-date" class="px-2 py-3 cursor-pointer">
                                    <div class="w-[4.5rem] flex items-center justify-center">
                                        <svg class="w-7 h-7" xmlns="http://www.w3.org/2000/svg" viewbox="0 0 24 24" fill="none"><path d="M3 9H21M7 3V5M17 3V5M6 12H10V16H6V12ZM6.2 21H17.8C18.9201 21 19.4802 21 19.908 20.782C20.2843 20.5903 20.5903 20.2843 20.782 19.908C21 19.4802 21 18.9201 21 17.8V8.2C21 7.07989 21 6.51984 20.782 6.09202C20.5903 5.71569 20.2843 5.40973 19.908 5.21799C19.4802 5 18.9201 5 17.8 5H6.2C5.0799 5 4.51984 5 4.09202 5.21799C3.71569 5.40973 3.40973 5.71569 3.21799 6.09202C3 6.51984 3 7.07989 3 8.2V17.8C3 18.9201 3 19.4802 3.21799 19.908C3.40973 20.2843 3.71569 20.5903 4.09202 20.782C4.51984 21 5.07989 21 6.2 21Z" stroke="#F26722" stroke-width="2" stroke-linecap="round" stroke-linejoin="round"></path></svg>
                                        <div class="ml-1.5 group sorting-icon" aria-sort="none">
    <svg class="w-2 h-2 group-aria-[sort=descending]:text-strava-orange" aria-hidden="true" xmlns="http://www.w3.org/2000/svg" fill="none" viewbox="0 0 14 8">
        <path stroke="currentColor" stroke-linecap="round" stroke-linejoin="round" stroke-width="3" d="M13 7 7.674 1.3a.91.91 0 0 0-1.348 0L1 7"></path>
    </svg>
    <svg class="w-2 h-2 group-aria-[sort=ascending]:text-strava-orange" aria-hidden="true" xmlns="http://www.w3.org/2000/svg" fill="none" viewbox="0 0 14 8">
        <path stroke="currentColor" stroke-linecap="round" stroke-linejoin="round" stroke-width="3" d="m1 1 5.326 5.7a.909.909 0 0 0 1.348 0L13 1"></path>
    </svg>
</div>

                                    </div>
                                </th>
                                <th scope="col" class="px-2 py-3 bg-gray-50 lg:sticky lg:left-0">
                                    <div class="w-[23rem]">&nbsp;</div>
                                </th>
                                <th scope="col" data-datatable-sort="distance" class="px-6 py-3 cursor-pointer">
                                    <div class="w-[5rem] flex items-center justify-center">
                                        <svg class="w-7 h-7" xmlns="http://www.w3.org/2000/svg" viewbox="0 0 64 64" stroke-width="3" stroke="#F26722" fill="none"><path d="M17.94,54.81a.1.1,0,0,1-.14,0c-1-1.11-11.69-13.23-11.69-21.26,0-9.94,6.5-12.24,11.76-12.24,4.84,0,11.06,2.6,11.06,12.24C28.93,41.84,18.87,53.72,17.94,54.81Z"></path><circle cx="17.52" cy="31.38" r="4.75"></circle><path d="M49.58,34.77a.11.11,0,0,1-.15,0c-.87-1-9.19-10.45-9.19-16.74,0-7.84,5.12-9.65,9.27-9.65,3.81,0,8.71,2,8.71,9.65C58.22,24.52,50.4,33.81,49.58,34.77Z"></path><circle cx="49.23" cy="17.32" r="3.75"></circle><path d="M17.87,54.89a28.73,28.73,0,0,0,3.9.89"></path><path d="M24.68,56.07c2.79.12,5.85-.28,7.9-2.08,5.8-5.09,2.89-11.25,6.75-14.71a16.72,16.72,0,0,1,4.93-3" stroke-dasharray="7.8 2.92"></path><path d="M45.63,35.8a23,23,0,0,1,3.88-.95"></path></svg>
                                        <div class="ml-1.5 group sorting-icon" aria-sort="none">
    <svg class="w-2 h-2 group-aria-[sort=descending]:text-strava-orange" aria-hidden="true" xmlns="http://www.w3.org/2000/svg" fill="none" viewbox="0 0 14 8">
        <path stroke="currentColor" stroke-linecap="round" stroke-linejoin="round" stroke-width="3" d="M13 7 7.674 1.3a.91.91 0 0 0-1.348 0L1 7"></path>
    </svg>
    <svg class="w-2 h-2 group-aria-[sort=ascending]:text-strava-orange" aria-hidden="true" xmlns="http://www.w3.org/2000/svg" fill="none" viewbox="0 0 14 8">
        <path stroke="currentColor" stroke-linecap="round" stroke-linejoin="round" stroke-width="3" d="m1 1 5.326 5.7a.909.909 0 0 0 1.348 0L13 1"></path>
    </svg>
</div>

                                    </div>
                                    <div class="pt-0.5 normal-case text-xxs">
                                                                                <span data-datatable-summable="distance">279</span>km
                                    </div>
                                </th>
                                <th scope="col" data-datatable-sort="elevation" class="px-6 py-3 cursor-pointer">
                                    <div class="w-[5rem] flex items-center justify-center">
                                        <svg class="w-7 h-7" xmlns="http://www.w3.org/2000/svg" fill="#F26722" viewbox="0 0 32 32"><path d="M 17.011719 3.0214844 L 16.099609 4.6816406 C 13.925337 8.6341175 11.752154 12.584804 9.578125 16.537109 L 7.6621094 14.621094 L 7.0019531 15.71875 C 5.0489841 18.973698 3.0956556 22.230199 1.1425781 25.486328 L 0.234375 27 L 2 27 L 31.517578 27 L 30.919922 25.605469 C 29.919963 23.272564 28.919963 20.938564 27.919922 18.605469 L 27.337891 17.248047 L 25.269531 19.316406 C 22.803333 14.44792 20.334132 9.5793478 17.867188 4.7109375 L 17.011719 3.0214844 z M 16.939453 7.3027344 C 17.952378 9.3017082 18.965829 11.299996 19.978516 13.298828 L 19.205078 13.962891 L 16.925781 12.009766 L 14.646484 13.962891 L 13.716797 13.164062 C 14.791046 11.210336 15.864885 9.2563086 16.939453 7.3027344 z M 16.925781 14.642578 L 19.205078 16.595703 L 20.908203 15.136719 C 21.974522 17.24151 23.041208 19.346257 24.107422 21.451172 L 24.730469 22.683594 L 26.662109 20.751953 C 27.268948 22.167887 27.875558 23.583992 28.482422 25 L 3.765625 25 C 5.1965747 22.614689 6.6276315 20.230552 8.0585938 17.845703 L 10.046875 19.833984 L 10.689453 18.667969 C 11.370357 17.430195 12.051768 16.192896 12.732422 14.955078 L 14.646484 16.595703 L 16.925781 14.642578 z"></path></svg>
                                        <div class="ml-1.5 group sorting-icon" aria-sort="none">
    <svg class="w-2 h-2 group-aria-[sort=descending]:text-strava-orange" aria-hidden="true" xmlns="http://www.w3.org/2000/svg" fill="none" viewbox="0 0 14 8">
        <path stroke="currentColor" stroke-linecap="round" stroke-linejoin="round" stroke-width="3" d="M13 7 7.674 1.3a.91.91 0 0 0-1.348 0L1 7"></path>
    </svg>
    <svg class="w-2 h-2 group-aria-[sort=ascending]:text-strava-orange" aria-hidden="true" xmlns="http://www.w3.org/2000/svg" fill="none" viewbox="0 0 14 8">
        <path stroke="currentColor" stroke-linecap="round" stroke-linejoin="round" stroke-width="3" d="m1 1 5.326 5.7a.909.909 0 0 0 1.348 0L13 1"></path>
    </svg>
</div>

                                    </div>
                                    <div class="pt-0.5 normal-case text-xxs">
                                                                                <span data-datatable-summable="elevation">1 471</span>m
                                    </div>
                                </th>
                                <th scope="col" data-datatable-sort="moving-time" class="px-6 py-3 cursor-pointer">
                                    <div class="w-[4rem] flex items-center justify-center">
                                        <svg class="w-7 h-7" xmlns="http://www.w3.org/2000/svg" viewbox="0 0 24 24" fill="none"><path d="M12 8V12L15 15" stroke="#F26722" stroke-width="2" stroke-linecap="round"></path><circle cx="12" cy="12" r="9" stroke="#F26722" stroke-width="2"></circle></svg>
                                        <div class="ml-1.5 group sorting-icon" aria-sort="none">
    <svg class="w-2 h-2 group-aria-[sort=descending]:text-strava-orange" aria-hidden="true" xmlns="http://www.w3.org/2000/svg" fill="none" viewbox="0 0 14 8">
        <path stroke="currentColor" stroke-linecap="round" stroke-linejoin="round" stroke-width="3" d="M13 7 7.674 1.3a.91.91 0 0 0-1.348 0L1 7"></path>
    </svg>
    <svg class="w-2 h-2 group-aria-[sort=ascending]:text-strava-orange" aria-hidden="true" xmlns="http://www.w3.org/2000/svg" fill="none" viewbox="0 0 14 8">
        <path stroke="currentColor" stroke-linecap="round" stroke-linejoin="round" stroke-width="3" d="m1 1 5.326 5.7a.909.909 0 0 0 1.348 0L13 1"></path>
    </svg>
</div>

                                    </div>
                                    <div class="pt-0.5 normal-case text-xxs">
                                        <span data-datatable-summable="moving-time">8</span>h
                                    </div>
                                </th>
                                <th scope="col" data-datatable-sort="speed" class="px-6 py-3 cursor-pointer">
                                    <div class="w-[4rem] flex items-center justify-center">
                                        <svg class="w-7 h-7" xmlns="http://www.w3.org/2000/svg" viewbox="0 0 24 24" fill="none"><path d="M6.34315 17.6569C5.22433 16.538 4.4624 15.1126 4.15372 13.5607C3.84504 12.0089 4.00346 10.4003 4.60896 8.93853C5.21446 7.47672 6.23984 6.22729 7.55544 5.34824C8.87103 4.46919 10.4177 4 12 4C13.5823 4 15.129 4.46919 16.4446 5.34824C17.7602 6.22729 18.7855 7.47672 19.391 8.93853C19.9965 10.4003 20.155 12.0089 19.8463 13.5607C19.5376 15.1126 18.7757 16.538 17.6569 17.6569" stroke="#F26722" stroke-width="2" stroke-linecap="round" stroke-linejoin="round"></path><path d="M12 12L16 10" stroke="#F26722" stroke-width="2" stroke-linecap="round" stroke-linejoin="round"></path></svg>
                                        <div class="ml-1.5 group sorting-icon" aria-sort="none">
    <svg class="w-2 h-2 group-aria-[sort=descending]:text-strava-orange" aria-hidden="true" xmlns="http://www.w3.org/2000/svg" fill="none" viewbox="0 0 14 8">
        <path stroke="currentColor" stroke-linecap="round" stroke-linejoin="round" stroke-width="3" d="M13 7 7.674 1.3a.91.91 0 0 0-1.348 0L1 7"></path>
    </svg>
    <svg class="w-2 h-2 group-aria-[sort=ascending]:text-strava-orange" aria-hidden="true" xmlns="http://www.w3.org/2000/svg" fill="none" viewbox="0 0 14 8">
        <path stroke="currentColor" stroke-linecap="round" stroke-linejoin="round" stroke-width="3" d="m1 1 5.326 5.7a.909.909 0 0 0 1.348 0L13 1"></path>
    </svg>
</div>

                                    </div>
                                    <div class="pt-0.5">&nbsp;</div>
                                </th>
                                <th scope="col" data-datatable-sort="heart-rate" class="px-6 py-3 cursor-pointer">
                                    <div class="w-[4rem] flex items-center justify-center">
                                        <svg class="w-7 h-7" xmlns="http://www.w3.org/2000/svg" viewbox="0 0 24 24" fill="none"><g><path d="M19.2373 6.23731C20.7839 7.78395 20.8432 10.2727 19.3718 11.8911L11.9995 20.0001L4.62812 11.8911C3.15679 10.2727 3.21605 7.7839 4.76269 6.23726C6.48961 4.51034 9.33372 4.66814 10.8594 6.5752L12 8.00045L13.1396 6.57504C14.6653 4.66798 17.5104 4.51039 19.2373 6.23731Z" stroke="#F26722" stroke-width="2" stroke-linecap="round" stroke-linejoin="round"></path></g></svg>
                                        <div class="ml-1.5 group sorting-icon" aria-sort="none">
    <svg class="w-2 h-2 group-aria-[sort=descending]:text-strava-orange" aria-hidden="true" xmlns="http://www.w3.org/2000/svg" fill="none" viewbox="0 0 14 8">
        <path stroke="currentColor" stroke-linecap="round" stroke-linejoin="round" stroke-width="3" d="M13 7 7.674 1.3a.91.91 0 0 0-1.348 0L1 7"></path>
    </svg>
    <svg class="w-2 h-2 group-aria-[sort=ascending]:text-strava-orange" aria-hidden="true" xmlns="http://www.w3.org/2000/svg" fill="none" viewbox="0 0 14 8">
        <path stroke="currentColor" stroke-linecap="round" stroke-linejoin="round" stroke-width="3" d="m1 1 5.326 5.7a.909.909 0 0 0 1.348 0L13 1"></path>
    </svg>
</div>

                                    </div>
                                    <div class="pt-0.5">&nbsp;</div>
                                </th>
                                <th scope="col" data-datatable-sort="calories" class="px-6 py-3 cursor-pointer">
                                    <div class="w-[6rem] flex items-center justify-center">
                                        <svg class="w-7 h-7" aria-hidden="true" xmlns="http://www.w3.org/2000/svg" fill="none" viewbox="0 0 18 20"><path stroke="#F26722" stroke-linecap="round" stroke-linejoin="round" stroke-width="1.5" d="M15.147 15.085a7.159 7.159 0 0 1-6.189 3.307A6.713 6.713 0 0 1 3.1 15.444c-2.679-4.513.287-8.737.888-9.548A4.373 4.373 0 0 0 5 1.608c1.287.953 6.445 3.218 5.537 10.5 1.5-1.122 2.706-3.01 2.853-6.14 1.433 1.049 3.993 5.395 1.757 9.117Z"></path></svg>
                                        <div class="ml-1.5 group sorting-icon" aria-sort="none">
    <svg class="w-2 h-2 group-aria-[sort=descending]:text-strava-orange" aria-hidden="true" xmlns="http://www.w3.org/2000/svg" fill="none" viewbox="0 0 14 8">
        <path stroke="currentColor" stroke-linecap="round" stroke-linejoin="round" stroke-width="3" d="M13 7 7.674 1.3a.91.91 0 0 0-1.348 0L1 7"></path>
    </svg>
    <svg class="w-2 h-2 group-aria-[sort=ascending]:text-strava-orange" aria-hidden="true" xmlns="http://www.w3.org/2000/svg" fill="none" viewbox="0 0 14 8">
        <path stroke="currentColor" stroke-linecap="round" stroke-linejoin="round" stroke-width="3" d="m1 1 5.326 5.7a.909.909 0 0 0 1.348 0L13 1"></path>
    </svg>
</div>

                                    </div>
                                    <div class="pt-0.5 normal-case text-xxs">
                                        <span data-datatable-summable="calories">5 006</span>kcal
                                    </div>
                                </th>
                                <th scope="col" data-datatable-sort="power" class="px-6 py-3 cursor-pointer">
                                    <div class="w-[rem] flex items-center justify-center">
                                        <svg class="w-7 h-7" xmlns="http://www.w3.org/2000/svg" viewbox="0 0 24 24"><polygon fill="none" stroke="#F26722" stroke-width="2" stroke-miterlimit="10" points="8.29 1.71 18.5 1.71 13.86 9.14 17.57 9.14 7.36 20.29 9.21 12.86 5.5 12.86 8.29 1.71"></polygon></svg>
                                        <div class="ml-1.5 group sorting-icon" aria-sort="none">
    <svg class="w-2 h-2 group-aria-[sort=descending]:text-strava-orange" aria-hidden="true" xmlns="http://www.w3.org/2000/svg" fill="none" viewbox="0 0 14 8">
        <path stroke="currentColor" stroke-linecap="round" stroke-linejoin="round" stroke-width="3" d="M13 7 7.674 1.3a.91.91 0 0 0-1.348 0L1 7"></path>
    </svg>
    <svg class="w-2 h-2 group-aria-[sort=ascending]:text-strava-orange" aria-hidden="true" xmlns="http://www.w3.org/2000/svg" fill="none" viewbox="0 0 14 8">
        <path stroke="currentColor" stroke-linecap="round" stroke-linejoin="round" stroke-width="3" d="m1 1 5.326 5.7a.909.909 0 0 0 1.348 0L13 1"></path>
    </svg>
</div>

                                    </div>
                                    <div class="pt-0.5">&nbsp;</div>
                                </th>
                                <th scope="col" colspan="2" class="px-6 py-3">
                                    Best 5s
                                </th>
                                <th scope="col" colspan="2" class="px-6 py-3">
                                    Best 10s
                                </th>
                                <th scope="col" colspan="2" class="px-6 py-3">
                                    Best 30s
                                </th>
                                <th scope="col" colspan="2" class="px-6 py-3">
                                    Best 1m
                                </th>
                                <th scope="col" colspan="2" class="px-6 py-3">
                                    Best 5m
                                </th>
                                <th scope="col" colspan="2" class="px-6 py-3">
                                    Best 8m
                                </th>
                                <th scope="col" colspan="2" class="px-6 py-3">
                                    Best 20m
                                </th>
                                <th scope="col" colspan="2" class="px-6 py-3">
                                    Best 1h
                                </th>
                            </tr>
                            </thead>
                            <tbody class="clusterize-content">
                            <tr class="clusterize-loading">
                                <td class="px-6 py-2 truncate">Loading data...</td>
                            </tr>
                            </tbody>
                        </table>
                    </div>
                </div>
            </div>
        </div>
    
</body></html>
