<!-- Modal header --><html><body>
<div class="z-10000 sticky top-0 bg-white p-4 md:p-5 border-b rounded-t">
        <div class="flex items-center justify-between">
            <h3 class="max-w-[30%] sm:max-w-[50%] md:max-w-[100%] truncate text-lg font-semibold text-gray-900">
                <a class="flex items-center gap-x-1 hover:underline" href="https://www.strava.com/activities/9542782314" target="_blank" rel="nofollow">
                    Morning Ride
                    <svg class="w-2 h-2" aria-hidden="true" xmlns="http://www.w3.org/2000/svg" fill="none" viewbox="0 0 18 18">
                        <path stroke="currentColor" stroke-linecap="round" stroke-linejoin="round" stroke-width="2" d="M15 11v4.833A1.166 1.166 0 0 1 13.833 17H2.167A1.167 1.167 0 0 1 1 15.833V4.167A1.166 1.166 0 0 1 2.167 3h4.618m4.447-2H17v5.768M9.111 8.889l7.778-7.778"></path>
                    </svg>
                </a>
            </h3>
            <span class="mx-1 text-xs font-normal text-gray-500">-</span>
            <span class="text-xs font-normal text-gray-500">
                09:34 on Friday,
                <a href="#" data-model-content-url="/month/month-2023-07.html" class="hover:underline">July</a>
                 28, 2023
            </span>
            <button type="button" class="cursor-pointer close text-gray-400 bg-transparent hover:bg-gray-200 hover:text-gray-900 rounded-lg text-sm w-8 h-8 ms-auto inline-flex justify-center items-center">
                <svg class="w-3 h-3" aria-hidden="true" xmlns="http://www.w3.org/2000/svg" fill="none" viewbox="0 0 14 14">
                    <path stroke="currentColor" stroke-linecap="round" stroke-linejoin="round" stroke-width="2" d="m1 1 6 6m0 0 6 6M7 7l6-6M7 7l-6 6"></path>
                </svg>
                <span class="sr-only">Close modal</span>
            </button>
        </div>
            </div>
    <!-- Modal body -->
    <div class="p-4 md:p-5">
    <div class="grid grid-cols-1 gap-4">
    <div class="grid grid-cols-1 gap-4">
        <div class="grid grid-cols-6 gap-2">
            <div class="flex flex-col items-center justify-center overflow-hidden px-2 py-2 border border-gray-200 rounded-lg shadow-sm">
                <div class="text-center">
                    <dd class="text-xs text-gray-500">Distance</dd>
                    <dt class="font-extrabold">12<span class="text-xs">km</span>
</dt>
                </div>
            </div>
            <div class="flex flex-col items-center justify-center overflow-hidden px-2 py-2 border border-gray-200 rounded-lg shadow-sm">
                <div class="text-center">
                    <dd class="text-xs text-gray-500">Moving time</dd>
                    <dt class="font-extrabold">31:56</dt>
                </div>
            </div>
            <div class="flex flex-col items-center justify-center overflow-hidden px-2 py-2 border border-gray-200 rounded-lg shadow-sm">
                <div class="text-center">
                    <dd class="text-xs text-gray-500">Elevation</dd>
                    <dt class="font-extrabold">15<span class="text-xs">m</span>
</dt>
                </div>
            </div>
            <div class="flex flex-col items-center justify-center overflow-hidden px-2 py-2 border border-gray-200 rounded-lg shadow-sm">
                <div class="text-center">
                    <dd class="text-xs text-gray-500">Calories</dd>
                    <dt class="font-extrabold">293</dt>
                </div>
            </div>
            <div class="flex flex-col items-center justify-center overflow-hidden px-2 py-4 border border-gray-200 rounded-lg shadow-sm">
                <div class="text-center">
                    <dd class="text-xs text-gray-500">Gear</dd>
                    <dt class="text-xs font-extrabold">Zwift hub</dt>
                </div>
            </div>
            <div class="flex flex-col items-center justify-center overflow-hidden px-2 py-4 border border-gray-200 rounded-lg shadow-sm">
                <div class="text-center">
                    <dd class="text-xs text-gray-500">Device</dd>
                    <dt class="text-xs font-extrabold">Polar Vantage M</dt>
                </div>
            </div>
        </div>
                            <div class="text-xs font-normal text-gray-500">
                Rainy, 18.0<span class="text-xs">&Acirc;&deg;C</span>,
                Humidity 82%,
                Wind 20.1<span class="text-xs">km/h</span> from SW.
            </div>
                    </div>
    <div class="grid grid-cols-1 lg:grid-cols-2 gap-4">
        <div class="space-y-4">
            <div class="relative overflow-x-auto px-2 py-2 border border-gray-200 rounded-lg shadow-sm">
                <table class="w-full text-sm text-center text-gray-500">
                    <thead class="text-xs text-gray-700 uppercase">
                    <tr>
                        <th scope="col" class="px-2 py-2">

                        </th>
                        <th scope="col" class="px-2 py-2">
                            Speed
                        </th>
                        <th scope="col" class="px-2 py-2">
                            Heart rate
                        </th>
                        <th scope="col" class="px-2 py-2">
                            Cadence
                        </th>
                        <th scope="col" class="px-2 py-2">
                            Power
                        </th>
                    </tr>
                    </thead>
                    <tbody>
                    <tr class="border-b">
                        <th class="px-2 py-2">
                            Avg
                        </th>
                        <td class="px-2 py-2 text-sm">
                                                                                        23.3<span class="text-xs">km/h</span>
                                                    </td>
                        <td class="px-2 py-2 text-sm">
                                                                                        129<span class="text-xs">bpm</span>
                                                    </td>
                        <td class="px-2 py-2 text-sm">
                                                        n/a
                        </td>
                        <td class="px-2 py-2 text-sm">
                                                                                        92<span class="text-xs">w</span>
                                                    </td>
                    </tr>
                    <tr>
                        <th class="px-2 py-2">
                            Max
                        </th>
                        <td class="px-2 py-2 text-sm">
                                                                                        37.4<span class="text-xs">km/h</span>
                                                    </td>
                        <td class="px-2 py-2 text-sm">
                                                                                        161<span class="text-xs">bpm</span>
                                                    </td>
                        <td class="px-2 py-2 text-sm">
                                                        n/a
                        </td>
                        <td class="px-2 py-2 text-sm">
                                                                                        n/a
                                                    </td>
                    </tr>
                    </tbody>
                </table>
            </div>
                                        <div class="relative overflow-x-auto px-2 py-2 border border-gray-200 rounded-lg shadow-sm">
                    <table class="w-full text-sm text-center text-gray-500">
                        <caption class="caption-top text-xs">
                            Congrats! You achieved personal bests during this activity.
                        </caption>
                        <thead class="text-xs text-gray-700 uppercase">
                        <tr>
                            <th scope="col" class="px-2 py-2">
                                Distance
                            </th>
                            <th scope="col" class="px-2 py-2">
                                Time
                            </th>
                        </tr>
                        </thead>
                        <tbody>
                                                                                <tr class="border-b last:border-b-0">
                                <th class="px-2 py-2">
                                    5 mi
                                </th>
                                <td class="px-2 py-2">
                                    00:05
                                </td>
                            </tr>
                                                                                <tr class="border-b last:border-b-0">
                                <th class="px-2 py-2">
                                    10 km
                                </th>
                                <td class="px-2 py-2">
                                    00:10
                                </td>
                            </tr>
                                                                                <tr class="border-b last:border-b-0">
                                <th class="px-2 py-2">
                                    10 mi
                                </th>
                                <td class="px-2 py-2">
                                    00:10
                                </td>
                            </tr>
                                                                                <tr class="border-b last:border-b-0">
                                <th class="px-2 py-2">
                                    20 km
                                </th>
                                <td class="px-2 py-2">
                                    00:20
                                </td>
                            </tr>
                                                                                <tr class="border-b last:border-b-0">
                                <th class="px-2 py-2">
                                    30 km
                                </th>
                                <td class="px-2 py-2">
                                    00:30
                                </td>
                            </tr>
                                                                                <tr class="border-b last:border-b-0">
                                <th class="px-2 py-2">
                                    40 km
                                </th>
                                <td class="px-2 py-2">
                                    00:40
                                </td>
                            </tr>
                                                                                <tr class="border-b last:border-b-0">
                                <th class="px-2 py-2">
                                    50 km
                                </th>
                                <td class="px-2 py-2">
                                    00:50
                                </td>
                            </tr>
                                                                                <tr class="border-b last:border-b-0">
                                <th class="px-2 py-2">
                                    80 km
                                </th>
                                <td class="px-2 py-2">
                                    01:20
                                </td>
                            </tr>
                                                                                <tr class="border-b last:border-b-0">
                                <th class="px-2 py-2">
                                    50 mi
                                </th>
                                <td class="px-2 py-2">
                                    00:50
                                </td>
                            </tr>
                                                                                <tr class="border-b last:border-b-0">
                                <th class="px-2 py-2">
                                    90 km
                                </th>
                                <td class="px-2 py-2">
                                    01:30
                                </td>
                            </tr>
                                                                                <tr class="border-b last:border-b-0">
                                <th class="px-2 py-2">
                                    100 km
                                </th>
                                <td class="px-2 py-2">
                                    01:40
                                </td>
                            </tr>
                                                                                <tr class="border-b last:border-b-0">
                                <th class="px-2 py-2">
                                    100 mi
                                </th>
                                <td class="px-2 py-2">
                                    01:40
                                </td>
                            </tr>
                                                </tbody>
                    </table>
                </div>
                    </div>
                    <div>
                <img class="h-auto max-w-full rounded-lg lazy" src="/assets/placeholder.webp" data-src="/assets/images/maps/not-found.jpg" alt="No map">
            </div>
            </div>
            <div class="grid grid-cols-1 gap-4">
            <div id="accordion-segments" data-accordion="collapse" data-active-classes="text-gray-900" data-inactive-classes="text-gray-900">
                <a id="accordion-segments-heading" data-accordion-target="#accordion-segments-body" aria-expanded="false" aria-controls="accordion-segments-body" class="hover:underline cursor-pointer flex items-center gap-3 justify-between w-full py-3 font-medium rtl:text-right text-gray-900">
                    <span>Segments (4)</span>
                    <svg data-accordion-icon class="w-3 h-3 rotate-180 shrink-0" aria-hidden="true" xmlns="http://www.w3.org/2000/svg" fill="none" viewbox="0 0 10 6">
                        <path stroke="currentColor" stroke-linecap="round" stroke-linejoin="round" stroke-width="2" d="M9 5 5 1 1 5"></path>
                    </svg>
                </a>
                <div id="accordion-segments-body" class="hidden relative overflow-x-auto" aria-labelledby="accordion-segments-heading">
                    <table class="w-full text-sm text-center text-gray-500">
                        <thead class="text-xs text-gray-700 uppercase bg-gray-50">
                        <tr>
                            <th scope="col" class="px-2 py-3">
                                <div class="flex items-center justify-center" title="Number of times completed">
                                    <svg class="w-5 h-5" viewbox="0 0 24 24" fill="none" xmlns="http://www.w3.org/2000/svg"><g stroke-width="0"></g><g stroke-linecap="round" stroke-linejoin="round"></g><g> <path d="M10 4L7 20M17 4L14 20M5 8H20M4 16H19" stroke="#F26722" stroke-width="2" stroke-linecap="round"></path> </g></svg>
                                </div>
                            </th>
                            <th scope="col" class="px-2 py-3 text-left">

                            </th>
                            <th scope="col" class="px-2 py-3">
                                <div class="flex items-center justify-center" title="Time">
                                    <svg class="w-7 h-7" xmlns="http://www.w3.org/2000/svg" viewbox="0 0 24 24" fill="none"><path d="M12 8V12L15 15" stroke="#F26722" stroke-width="2" stroke-linecap="round"></path><circle cx="12" cy="12" r="9" stroke="#F26722" stroke-width="2"></circle></svg>
                                </div>
                            </th>
                            <th scope="col" class="px-2 py-3">
                                <div class="flex items-center justify-center" title="Speed">
                                    <svg class="w-7 h-7" xmlns="http://www.w3.org/2000/svg" viewbox="0 0 24 24"><path fill="#F26722" d="M12 5a10 10 0 0 0-8.66 15 1 1 0 0 0 1.74-1A7.92 7.92 0 0 1 4 15a8 8 0 1 1 14.93 4 1 1 0 0 0 .37 1.37 1 1 0 0 0 1.36-.37A10 10 0 0 0 12 5Zm2.84 5.76-1.55 1.54A2.91 2.91 0 0 0 12 12a3 3 0 1 0 3 3 2.9 2.9 0 0 0-.3-1.28l1.55-1.54a1 1 0 0 0 0-1.42 1 1 0 0 0-1.41 0ZM12 16a1 1 0 0 1 0-2 1 1 0 0 1 .7.28 1 1 0 0 1 .3.72 1 1 0 0 1-1 1Z"></path></svg>
                                </div>
                            </th>
                            <th scope="col" class="px-2 py-3">
                                <div class="flex items-center justify-center" title="Distance">
                                    <svg class="w-7 h-7" viewbox="0 0 24 24" fill="none" xmlns="http://www.w3.org/2000/svg"><path d="M9 21C7.9 21 6.95833 20.6083 6.175 19.825C5.39167 19.0417 5 18.1 5 17V8.825C4.41667 8.60833 3.9375 8.24583 3.5625 7.7375C3.1875 7.22917 3 6.65 3 6C3 5.16667 3.29167 4.45833 3.875 3.875C4.45833 3.29167 5.16667 3 6 3C6.83333 3 7.54167 3.29167 8.125 3.875C8.70833 4.45833 9 5.16667 9 6C9 6.65 8.8125 7.22917 8.4375 7.7375C8.0625 8.24583 7.58333 8.60833 7 8.825V17C7 17.55 7.19583 18.0208 7.5875 18.4125C7.97917 18.8042 8.45 19 9 19C9.55 19 10.0208 18.8042 10.4125 18.4125C10.8042 18.0208 11 17.55 11 17V7C11 5.9 11.3917 4.95833 12.175 4.175C12.9583 3.39167 13.9 3 15 3C16.1 3 17.0417 3.39167 17.825 4.175C18.6083 4.95833 19 5.9 19 7V15.175C19.5833 15.3917 20.0625 15.7542 20.4375 16.2625C20.8125 16.7708 21 17.35 21 18C21 18.8333 20.7083 19.5417 20.125 20.125C19.5417 20.7083 18.8333 21 18 21C17.1667 21 16.4583 20.7083 15.875 20.125C15.2917 19.5417 15 18.8333 15 18C15 17.35 15.1875 16.7667 15.5625 16.25C15.9375 15.7333 16.4167 15.375 17 15.175V7C17 6.45 16.8042 5.97917 16.4125 5.5875C16.0208 5.19583 15.55 5 15 5C14.45 5 13.9792 5.19583 13.5875 5.5875C13.1958 5.97917 13 6.45 13 7V17C13 18.1 12.6083 19.0417 11.825 19.825C11.0417 20.6083 10.1 21 9 21ZM6 7C6.28333 7 6.52083 6.90417 6.7125 6.7125C6.90417 6.52083 7 6.28333 7 6C7 5.71667 6.90417 5.47917 6.7125 5.2875C6.52083 5.09583 6.28333 5 6 5C5.71667 5 5.47917 5.09583 5.2875 5.2875C5.09583 5.47917 5 5.71667 5 6C5 6.28333 5.09583 6.52083 5.2875 6.7125C5.47917 6.90417 5.71667 7 6 7ZM18 19C18.2833 19 18.5208 18.9042 18.7125 18.7125C18.9042 18.5208 19 18.2833 19 18C19 17.7167 18.9042 17.4792 18.7125 17.2875C18.5208 17.0958 18.2833 17 18 17C17.7167 17 17.4792 17.0958 17.2875 17.2875C17.0958 17.4792 17 17.7167 17 18C17 18.2833 17.0958 18.5208 17.2875 18.7125C17.4792 18.9042 17.7167 19 18 19Z" fill="#F26722"></path></svg>
                                </div>
                            </th>
                            <th scope="col" class="px-2 py-3">
                                <div class="flex items-center justify-center" title="Power">
                                    <svg class="w-7 h-7" xmlns="http://www.w3.org/2000/svg" viewbox="0 0 24 24"><path fill="#F26722" d="M19.87,8.6A1,1,0,0,0,19,8H14.42l1.27-4.74a1,1,0,0,0-.17-.87A1,1,0,0,0,14.73,2h-7a1,1,0,0,0-1,.74l-2.68,10a1,1,0,0,0,.17.87,1,1,0,0,0,.8.39H8.89L7.08,20.74a1,1,0,0,0,1.71.93l10.9-12A1,1,0,0,0,19.87,8.6Zm-9.79,8.68,1.07-4a1,1,0,0,0-.17-.87,1,1,0,0,0-.79-.39H6.35L8.49,4h4.93L12.15,8.74a1,1,0,0,0,1,1.26h3.57Z"></path></svg>
                                </div>
                            </th>
                        </tr>
                        </thead>
                        <tbody>
                                                    <tr class="bg-white border-b">
                                <td class="px-2 py-2">
                                    2
                                </td>
                                <td class="px-2 py-2 text-left">
                                    <a href="#" data-model-content-url="/segment/segment-1.html" class="font-medium text-blue-600 hover:underline" rel="nofollow">
                                        <span class="truncate">An effort</span>
                                    </a>
                                </td>
                                <td class="px-2 py-2">
                                    10s
                                </td>
                                <td class="px-2 py-2">
                                    35.0<span class="text-xs">km/h</span>
                                </td>
                                <td class="px-2 py-2">
                                    0.10<span class="text-xs">km</span>
                                </td>
                                <td class="px-2 py-2">
                                                                            200<span class="text-xs">w</span>
                                                                    </td>
                            </tr>
                                                    <tr class="border-b bg-gray-50">
                                <td class="px-2 py-2">
                                    1
                                </td>
                                <td class="px-2 py-2 text-left">
                                    <a href="#" data-model-content-url="/segment/segment-17267489.html" class="font-medium text-blue-600 hover:underline" rel="nofollow">
                                        <span class="truncate">An effort</span>
                                    </a>
                                </td>
                                <td class="px-2 py-2">
                                    10s
                                </td>
                                <td class="px-2 py-2">
                                    35.0<span class="text-xs">km/h</span>
                                </td>
                                <td class="px-2 py-2">
                                    0.10<span class="text-xs">km</span>
                                </td>
                                <td class="px-2 py-2">
                                                                            200<span class="text-xs">w</span>
                                                                    </td>
                            </tr>
                                                    <tr class="bg-white border-b">
                                <td class="px-2 py-2">
                                    1
                                </td>
                                <td class="px-2 py-2 text-left">
                                    <a href="#" data-model-content-url="/segment/segment-1.html" class="font-medium text-blue-600 hover:underline" rel="nofollow">
                                        <span class="truncate">An effort</span>
                                    </a>
                                </td>
                                <td class="px-2 py-2">
                                    9s
                                </td>
                                <td class="px-2 py-2">
                                    38.7<span class="text-xs">km/h</span>
                                </td>
                                <td class="px-2 py-2">
                                    0.10<span class="text-xs">km</span>
                                </td>
                                <td class="px-2 py-2">
                                                                            200<span class="text-xs">w</span>
                                                                    </td>
                            </tr>
                                                    <tr class="border-b bg-gray-50">
                                <td class="px-2 py-2">
                                    1
                                </td>
                                <td class="px-2 py-2 text-left">
                                    <a href="#" data-model-content-url="/segment/segment-2.html" class="font-medium text-blue-600 hover:underline" rel="nofollow">
                                        <span class="truncate">An effort</span>
                                    </a>
                                </td>
                                <td class="px-2 py-2">
                                    10s
                                </td>
                                <td class="px-2 py-2">
                                    35.0<span class="text-xs">km/h</span>
                                </td>
                                <td class="px-2 py-2">
                                    0.10<span class="text-xs">km</span>
                                </td>
                                <td class="px-2 py-2">
                                                                            200<span class="text-xs">w</span>
                                                                    </td>
                            </tr>
                                                </tbody>
                    </table>
                </div>
            </div>
        </div>
            <div id="chartsTabContent">
                    </div>
</div>
    </div>
</body></html>
