{
    "Ride": "Rides",
    "MountainBikeRide": "Mountain Bike Rides",
    "GravelRide": "Gravel Rides",
    "EBikeRide": "E-Bike Rides",
    "EMountainBikeRide": "E-Mountain Bike Rides",
    "VirtualRide": "Virtual Rides",
    "Velomobile": "Velo Mobiles",
    "Run": "Runs",
    "TrailRun": "Trail Runs",
    "VirtualRun": "Virtual Runs",
    "Walk": "Walks",
    "Hike": "Hikes",
    "Canoeing": "Canoeing",
    "Kayaking": "Kayaking",
    "Kitesurf": "Kite Surf",
    "Rowing": "Rowing",
    "StandUpPaddling": "Stand Up Paddling",
    "Surfing": "Surfing",
    "Swim": "Swim",
    "Windsurf": "Wind Surf",
    "BackcountrySki": "Back Country Ski",
    "AlpineSki": "Alpine Ski",
    "NordicSki": "Nordic Ski",
    "IceSkate": "Ice Skate",
    "Snowboard": "Snowboard",
    "Snowshoe": "Snowshoe",
    "Skateboard": "Skateboard",
    "InlineSkate": "Inline Skate",
    "RollerSki": "Roller Ski",
    "Badminton": "Badminton",
    "Pickleball": "Pickle Ball",
    "Racquetball": "Racquet Ball",
    "Squash": "Squash",
    "TableTennis": "Table Tennis",
    "Tennis": "Tennis",
    "Crossfit": "Crossfit",
    "WeightTraining": "Weight Training",
    "Workout": "Workout",
    "StairStepper": "Stair Stepper",
    "VirtualRow": "Virtual Row",
    "HighIntensityIntervalTraining": "HIIT",
    "Elliptical": "Elliptical",
    "Pilates": "Pilates",
    "Yoga": "Yoga",
    "Golf": "Golf",
    "RockClimbing": "Rock Climbing",
    "Sail": "Sail",
    "Soccer": "Soccer",
    "Handcycle": "Hand Cycle",
    "Wheelchair": "Wheelchair"
}
