{
    "symbol": "lb",
    "float": 2000,
    "string": "2000",
    "serialize": "2000"
}
