{
    "App\\Domain\\Strava\\Activity\\Split\\StreamSplitManager": [
        "reactToActivityWasDeleted"
    ],
    "App\\Domain\\Strava\\Activity\\Stream\\StreamActivityManager": [
        "reactToActivityWasDeleted"
    ],
    "App\\Domain\\Strava\\Segment\\SegmentEffort\\SegmentEffortActivityManager": [
        "reactToActivityWasDeleted",
        "reactToSegmentEffortsWereDeleted"
    ]
}
